2026-10-01 04:00:13,369 CRITICAL [v31] DAILY HALT at equity 22669.51 (baseline 28772.24, limit 27333.63)  || resource=srv-daqp02flot8c73ffv6eg instance=srv-daqp02flot8c73ffv6eg-vhv85
2026-10-01 08:02:26,130 INFO [v32] ENTER QSI 271 @ 1.1900 = $322 | stop 1.1800 (0.84% away) | day level 1.1900, re-entry at 1.2100  || resource=srv-daqp02flot8c73ffv6eg instance=srv-daqp02flot8c73ffv6eg-vhv85
2026-10-01 08:02:26,159 INFO [v33] ENTER QSI 998 @ 1.1900 = $1188 | stop 1.1800 (0.84% away) | first entry, stop from the bid  || resource=srv-daqp02flot8c73ffv6eg instance=srv-daqp02flot8c73ffv6eg-vhv85
2026-10-01 08:02:27,876 INFO [v33] ENTER BURU 567 @ 1.0900 = $618 | stop 1.0600 (2.75% away) | first entry, stop from the bid  || resource=srv-daqp02flot8c73ffv6eg instance=srv-daqp02flot8c73ffv6eg-vhv85
2026-10-01 08:02:27,969 INFO [v32] ENTER BURU 588 @ 1.0900 = $641 | stop 1.0600 (2.75% away) | day level 1.0900, re-entry at 1.1100  || resource=srv-daqp02flot8c73ffv6eg instance=srv-daqp02flot8c73ffv6eg-vhv85
2026-10-01 08:02:28,846 INFO [v33] ENTER LPA 190 @ 3.1500 = $598 | stop 3.1100 (1.27% away) | first entry, stop from the bid  || resource=srv-daqp02flot8c73ffv6eg instance=srv-daqp02flot8c73ffv6eg-vhv85
2026-10-01 08:02:29,038 INFO [v32] ENTER LPA 102 @ 3.1500 = $321 | stop 3.1100 (1.27% away) | day level 3.1500, re-entry at 3.1700  || resource=srv-daqp02flot8c73ffv6eg instance=srv-daqp02flot8c73ffv6eg-vhv85
2026-10-01 08:02:32,416 INFO [v32] EXIT stop QSI 271 @ 1.1600 | entry 1.1900 peak 1.1900 stop 1.1800 | held 6s | P/L -8.13 (-2.52% of the trade, -0.05% of the account)  || resource=srv-daqp02flot8c73ffv6eg instance=srv-daqp02flot8c73ffv6eg-vhv85
2026-10-01 08:02:33,217 INFO [v33] EXIT half-back QSI 998 @ 1.1600 | entry 1.1900 peak 1.1900 stop 1.1800 | held 7s | P/L -29.94 (-2.52% of the trade, -0.07% of the account)  || resource=srv-daqp02flot8c73ffv6eg instance=srv-daqp02flot8c73ffv6eg-vhv85
2026-10-01 08:02:33,366 CRITICAL [v32] GLUE STILL HOLDING 44 share(s) after 8 chase attempts - the exit did not complete. This position is unprotected until the next pass.  || resource=srv-daqp02flot8c73ffv6eg instance=srv-daqp02flot8c73ffv6eg-vhv85
2026-10-01 08:02:33,366 INFO [v32] EXIT stop GLUE 88 @ 14.2500 | entry 14.2800 peak 14.2700 stop 14.2657 | held 0s | P/L -2.64 (-0.21% of the trade, -0.02% of the account)  || resource=srv-daqp02flot8c73ffv6eg instance=srv-daqp02flot8c73ffv6eg-vhv85
2026-10-01 08:02:34,363 INFO [v32] RE-ENTER QSI 266 @ 1.2100 = $322 | stop 1.1800 (2.48% away) | day level 1.1900, re-entry at 1.2100  || resource=srv-daqp02flot8c73ffv6eg instance=srv-daqp02flot8c73ffv6eg-vhv85
2026-10-01 08:02:35,594 INFO [v32] ENTER GLUE 22 @ 14.0600 = $309 | stop 13.7862 (1.95% away) | day level 14.0600, re-entry at 14.0800  || resource=srv-daqp02flot8c73ffv6eg instance=srv-daqp02flot8c73ffv6eg-vhv85
2026-10-01 08:02:38,140 INFO [v32] EXIT stop QSI 266 @ 1.1800 | entry 1.2100 peak 1.2100 stop 1.1800 | held 4s | P/L -7.98 (-2.48% of the trade, -0.05% of the account)  || resource=srv-daqp02flot8c73ffv6eg instance=srv-daqp02flot8c73ffv6eg-vhv85
2026-10-01 08:02:39,154 INFO [v32] RE-ENTER QSI 266 @ 1.2100 = $322 | stop 1.1800 (2.48% away) | day level 1.1900, re-entry at 1.2100  || resource=srv-daqp02flot8c73ffv6eg instance=srv-daqp02flot8c73ffv6eg-vhv85
2026-10-01 08:02:41,238 INFO [v32] ENTER WETO 478 @ 1.1700 = $559 | stop 1.0600 (9.40% away) | day level 1.1700, re-entry at 1.1900  || resource=srv-daqp02flot8c73ffv6eg instance=srv-daqp02flot8c73ffv6eg-vhv85
2026-10-01 08:02:41,427 CRITICAL [v33] BURU STILL HOLDING 517 share(s) after 8 chase attempts - the exit did not complete. This position is unprotected until the next pass.  || resource=srv-daqp02flot8c73ffv6eg instance=srv-daqp02flot8c73ffv6eg-vhv85
2026-10-01 08:02:41,486 INFO [v33] EXIT half-back BURU 567 @ 1.0900 | entry 1.0900 peak 1.1000 stop 1.0950 | held 14s | P/L +0.00 (+0.00% of the trade, +0.00% of the account)  || resource=srv-daqp02flot8c73ffv6eg instance=srv-daqp02flot8c73ffv6eg-vhv85
2026-10-01 08:02:43,900 INFO [v32] EXIT stop QSI 266 @ 1.1700 | entry 1.2100 peak 1.2100 stop 1.1800 | held 5s | P/L -10.64 (-3.31% of the trade, -0.07% of the account)  || resource=srv-daqp02flot8c73ffv6eg instance=srv-daqp02flot8c73ffv6eg-vhv85
2026-10-01 08:02:44,796 CRITICAL [v33] GLUE STILL HOLDING 84 share(s) after 8 chase attempts - the exit did not complete. This position is unprotected until the next pass.  || resource=srv-daqp02flot8c73ffv6eg instance=srv-daqp02flot8c73ffv6eg-vhv85
2026-10-01 08:02:44,796 INFO [v33] EXIT half-back GLUE 168 @ 14.2500 | entry 14.2800 peak 14.2800 stop 14.2657 | held 0s | P/L -5.04 (-0.21% of the trade, -0.01% of the account)  || resource=srv-daqp02flot8c73ffv6eg instance=srv-daqp02flot8c73ffv6eg-vhv85
2026-10-01 08:02:46,152 INFO [v33] RE-ENTER QSI 495 @ 1.2100 = $599 | stop 1.1500 (4.96% away) | back above the 1.1600 that threw us out  || resource=srv-daqp02flot8c73ffv6eg instance=srv-daqp02flot8c73ffv6eg-vhv85
2026-10-01 08:02:47,557 INFO [v32] EXIT stop LPA 102 @ 3.0700 | entry 3.1500 peak 3.1500 stop 3.1100 | held 19s | P/L -8.16 (-2.54% of the trade, -0.05% of the account)  || resource=srv-daqp02flot8c73ffv6eg instance=srv-daqp02flot8c73ffv6eg-vhv85
2026-10-01 08:02:47,578 INFO [v33] RE-ENTER GLUE 78 @ 14.2800 = $1114 | stop 14.2357 (0.31% away) | back above the 14.2500 that threw us out  || resource=srv-daqp02flot8c73ffv6eg instance=srv-daqp02flot8c73ffv6eg-vhv85
2026-10-01 08:02:49,152 INFO [v32] RE-ENTER QSI 340 @ 1.2100 = $411 | stop 1.1800 (2.48% away) | day level 1.1900, re-entry at 1.2100  || resource=srv-daqp02flot8c73ffv6eg instance=srv-daqp02flot8c73ffv6eg-vhv85
2026-10-01 08:02:49,385 INFO [v33] ENTER WETO 521 @ 1.1700 = $610 | stop 1.0700 (8.55% away) | first entry, stop from the bid  || resource=srv-daqp02flot8c73ffv6eg instance=srv-daqp02flot8c73ffv6eg-vhv85
2026-10-01 08:02:50,311 INFO [v33] EXIT half-back LPA 190 @ 3.0700 | entry 3.1500 peak 3.1500 stop 3.1100 | held 21s | P/L -15.20 (-2.54% of the trade, -0.03% of the account)  || resource=srv-daqp02flot8c73ffv6eg instance=srv-daqp02flot8c73ffv6eg-vhv85
2026-10-01 08:02:51,941 INFO [v33] RE-ENTER LPA 350 @ 3.1500 = $1102 | stop 3.0600 (2.86% away) | back above the 3.0700 that threw us out  || resource=srv-daqp02flot8c73ffv6eg instance=srv-daqp02flot8c73ffv6eg-vhv85
2026-10-01 08:02:53,734 CRITICAL [v33] GLUE STILL HOLDING 84 share(s) after 8 chase attempts - the exit did not complete. This position is unprotected until the next pass.  || resource=srv-daqp02flot8c73ffv6eg instance=srv-daqp02flot8c73ffv6eg-vhv85
2026-10-01 08:02:53,734 INFO [v33] EXIT half-back GLUE 78 @ 13.9700 | entry 14.2800 peak 14.4100 stop 14.3450 | held 6s | P/L -24.18 (-2.17% of the trade, -0.05% of the account)  || resource=srv-daqp02flot8c73ffv6eg instance=srv-daqp02flot8c73ffv6eg-vhv85
2026-10-01 08:02:55,097 INFO [v33] RE-ENTER GLUE 48 @ 14.0700 = $675 | stop 13.9560 (0.81% away) | back above the 13.9700 that threw us out  || resource=srv-daqp02flot8c73ffv6eg instance=srv-daqp02flot8c73ffv6eg-vhv85
2026-10-01 08:03:17,390 INFO [v32] EXIT stop QSI 467 @ 1.1800 | entry 1.2100 peak 1.2100 stop 1.1800 | held 28s | P/L -14.01 (-2.48% of the trade, -0.09% of the account)  || resource=srv-daqp02flot8c73ffv6eg instance=srv-daqp02flot8c73ffv6eg-vhv85
2026-10-01 08:03:18,996 INFO [v32] RE-ENTER LPA 120 @ 3.1900 = $383 | stop 3.1100 (2.51% away) | day level 3.1500, re-entry at 3.1700  || resource=srv-daqp02flot8c73ffv6eg instance=srv-daqp02flot8c73ffv6eg-vhv85
2026-10-01 08:03:27,356 INFO [v32] EXIT stop WETO 587 @ 1.0600 | entry 1.1700 peak 1.1700 stop 1.0600 | held 46s | P/L -64.57 (-9.40% of the trade, -0.40% of the account)  || resource=srv-daqp02flot8c73ffv6eg instance=srv-daqp02flot8c73ffv6eg-vhv85
2026-10-01 08:03:31,610 INFO [v33] EXIT half-back GLUE 155 @ 14.1700 | entry 14.0700 peak 14.2800 stop 14.1750 | held 36s | P/L +15.50 (+0.71% of the trade, +0.03% of the account)  || resource=srv-daqp02flot8c73ffv6eg instance=srv-daqp02flot8c73ffv6eg-vhv85
2026-10-01 08:03:32,489 INFO [v32] RE-ENTER WETO 302 @ 1.1900 = $359 | stop 1.0600 (10.92% away) | day level 1.1700, re-entry at 1.1900  || resource=srv-daqp02flot8c73ffv6eg instance=srv-daqp02flot8c73ffv6eg-vhv85
2026-10-01 08:03:33,927 INFO [v32] ENTER IMCC 254 @ 2.4000 = $610 | stop 2.2900 (4.58% away) | day level 2.4000, re-entry at 2.4200  || resource=srv-daqp02flot8c73ffv6eg instance=srv-daqp02flot8c73ffv6eg-vhv85
2026-10-01 08:03:36,890 INFO [v33] EXIT half-back WETO 521 @ 1.0700 | entry 1.1700 peak 1.1700 stop 1.0700 | held 47s | P/L -52.10 (-8.55% of the trade, -0.11% of the account)  || resource=srv-daqp02flot8c73ffv6eg instance=srv-daqp02flot8c73ffv6eg-vhv85
2026-10-01 08:03:37,797 INFO [v33] RE-ENTER WETO 540 @ 1.1100 = $599 | stop 1.0600 (4.50% away) | back above the 1.0700 that threw us out  || resource=srv-daqp02flot8c73ffv6eg instance=srv-daqp02flot8c73ffv6eg-vhv85
2026-10-01 08:03:38,089 INFO [v32] EXIT stop LPA 120 @ 3.0400 | entry 3.1900 peak 3.1900 stop 3.1100 | held 19s | P/L -18.00 (-4.70% of the trade, -0.11% of the account)  || resource=srv-daqp02flot8c73ffv6eg instance=srv-daqp02flot8c73ffv6eg-vhv85
2026-10-01 08:03:39,776 INFO [v32] ENTER SDEV 177 @ 2.8600 = $506 | stop 2.8200 (1.40% away) | day level 2.8600, re-entry at 2.8800  || resource=srv-daqp02flot8c73ffv6eg instance=srv-daqp02flot8c73ffv6eg-vhv85
2026-10-01 08:03:42,064 INFO [v33] EXIT half-back WETO 540 @ 1.1000 | entry 1.1100 peak 1.1297 stop 1.1199 | held 4s | P/L -5.40 (-0.90% of the trade, -0.01% of the account)  || resource=srv-daqp02flot8c73ffv6eg instance=srv-daqp02flot8c73ffv6eg-vhv85
2026-10-01 08:03:44,092 INFO [v32] EXIT stop SDEV 177 @ 2.8200 | entry 2.8600 peak 2.8600 stop 2.8200 | held 4s | P/L -7.08 (-1.40% of the trade, -0.04% of the account)  || resource=srv-daqp02flot8c73ffv6eg instance=srv-daqp02flot8c73ffv6eg-vhv85
2026-10-01 08:03:47,262 INFO [v33] EXIT half-back LPA 363 @ 3.1500 | entry 3.1500 peak 3.1900 stop 3.1700 | held 55s | P/L +0.00 (+0.00% of the trade, +0.00% of the account)  || resource=srv-daqp02flot8c73ffv6eg instance=srv-daqp02flot8c73ffv6eg-vhv85
2026-10-01 08:03:48,307 INFO [v32] RE-ENTER SDEV 174 @ 2.8800 = $501 | stop 2.8200 (2.08% away) | day level 2.8600, re-entry at 2.8800  || resource=srv-daqp02flot8c73ffv6eg instance=srv-daqp02flot8c73ffv6eg-vhv85
2026-10-01 08:03:48,784 INFO [v33] RE-ENTER GLUE 57 @ 14.2700 = $813 | stop 14.1558 (0.80% away) | back above the 14.1700 that threw us out  || resource=srv-daqp02flot8c73ffv6eg instance=srv-daqp02flot8c73ffv6eg-vhv85
2026-10-01 08:03:54,269 INFO [v32] EXIT stop SDEV 174 @ 2.8200 | entry 2.8800 peak 2.8800 stop 2.8200 | held 6s | P/L -10.44 (-2.08% of the trade, -0.06% of the account)  || resource=srv-daqp02flot8c73ffv6eg instance=srv-daqp02flot8c73ffv6eg-vhv85
2026-10-01 08:03:55,498 INFO [v33] EXIT half-back BURU 517 @ 1.0800 | entry 1.0800 peak 1.0998 stop 1.0899 | held 88s | P/L +0.00 (+0.00% of the trade, +0.00% of the account)  || resource=srv-daqp02flot8c73ffv6eg instance=srv-daqp02flot8c73ffv6eg-vhv85
2026-10-01 08:03:55,657 INFO [v32] RE-ENTER SDEV 118 @ 2.8800 = $340 | stop 2.8200 (2.08% away) | day level 2.8600, re-entry at 2.8800  || resource=srv-daqp02flot8c73ffv6eg instance=srv-daqp02flot8c73ffv6eg-vhv85
2026-10-01 08:04:00,411 CRITICAL [v33] GLUE STILL HOLDING 7 share(s) after 8 chase attempts - the exit did not complete. This position is unprotected until the next pass.  || resource=srv-daqp02flot8c73ffv6eg instance=srv-daqp02flot8c73ffv6eg-vhv85
2026-10-01 08:04:00,412 INFO [v33] EXIT half-back GLUE 57 @ 14.0000 | entry 14.2700 peak 14.2700 stop 14.1558 | held 12s | P/L -15.39 (-1.89% of the trade, -0.03% of the account)  || resource=srv-daqp02flot8c73ffv6eg instance=srv-daqp02flot8c73ffv6eg-vhv85
2026-10-01 08:04:02,212 INFO [v32] EXIT stop SDEV 118 @ 2.8200 | entry 2.8800 peak 2.8800 stop 2.8200 | held 6s | P/L -7.08 (-2.08% of the trade, -0.04% of the account)  || resource=srv-daqp02flot8c73ffv6eg instance=srv-daqp02flot8c73ffv6eg-vhv85
2026-10-01 08:04:04,827 INFO [v33] RE-ENTER BURU 1007 @ 1.1000 = $1108 | stop 1.0700 (2.73% away) | back above the 1.0800 that threw us out  || resource=srv-daqp02flot8c73ffv6eg instance=srv-daqp02flot8c73ffv6eg-vhv85
2026-10-01 08:04:06,444 INFO [v33] RE-ENTER WETO 923 @ 1.1400 = $1052 | stop 1.0900 (4.39% away) | back above the 1.1000 that threw us out  || resource=srv-daqp02flot8c73ffv6eg instance=srv-daqp02flot8c73ffv6eg-vhv85
2026-10-01 08:04:06,653 INFO [v32] RE-ENTER SDEV 161 @ 2.8800 = $464 | stop 2.8200 (2.08% away) | day level 2.8600, re-entry at 2.8800  || resource=srv-daqp02flot8c73ffv6eg instance=srv-daqp02flot8c73ffv6eg-vhv85
2026-10-01 08:04:10,737 CRITICAL [v33] WETO STILL HOLDING 50 share(s) after 8 chase attempts - the exit did not complete. This position is unprotected until the next pass.  || resource=srv-daqp02flot8c73ffv6eg instance=srv-daqp02flot8c73ffv6eg-vhv85
2026-10-01 08:04:10,796 INFO [v33] EXIT half-back WETO 923 @ 1.1500 | entry 1.1400 peak 1.1600 stop 1.1500 | held 4s | P/L +9.23 (+0.88% of the trade, +0.02% of the account)  || resource=srv-daqp02flot8c73ffv6eg instance=srv-daqp02flot8c73ffv6eg-vhv85
2026-10-01 08:04:11,546 INFO [v33] RE-ENTER WETO 512 @ 1.1700 = $599 | stop 1.1400 (2.56% away) | back above the 1.1500 that threw us out  || resource=srv-daqp02flot8c73ffv6eg instance=srv-daqp02flot8c73ffv6eg-vhv85
2026-10-01 08:04:13,501 INFO [v32] EXIT stop SDEV 161 @ 2.8200 | entry 2.8800 peak 2.8800 stop 2.8200 | held 7s | P/L -9.66 (-2.08% of the trade, -0.06% of the account)  || resource=srv-daqp02flot8c73ffv6eg instance=srv-daqp02flot8c73ffv6eg-vhv85
2026-10-01 08:04:14,401 INFO [v32] RE-ENTER SDEV 112 @ 2.8800 = $323 | stop 2.8200 (2.08% away) | day level 2.8600, re-entry at 2.8800  || resource=srv-daqp02flot8c73ffv6eg instance=srv-daqp02flot8c73ffv6eg-vhv85
2026-10-01 08:04:17,027 CRITICAL [v33] WETO STILL HOLDING 50 share(s) after 8 chase attempts - the exit did not complete. This position is unprotected until the next pass.  || resource=srv-daqp02flot8c73ffv6eg instance=srv-daqp02flot8c73ffv6eg-vhv85
2026-10-01 08:04:17,088 INFO [v33] EXIT half-back WETO 512 @ 1.1700 | entry 1.1700 peak 1.1800 stop 1.1750 | held 5s | P/L +0.00 (+0.00% of the trade, +0.00% of the account)  || resource=srv-daqp02flot8c73ffv6eg instance=srv-daqp02flot8c73ffv6eg-vhv85
2026-10-01 08:04:23,745 INFO [v32] EXIT stop SDEV 112 @ 2.8200 | entry 2.8800 peak 2.8800 stop 2.8200 | held 6s | P/L -6.72 (-2.08% of the trade, -0.04% of the account)  || resource=srv-daqp02flot8c73ffv6eg instance=srv-daqp02flot8c73ffv6eg-vhv85
2026-10-01 08:04:24,370 INFO [v33] RE-ENTER WETO 504 @ 1.1900 = $600 | stop 1.1600 (2.52% away) | back above the 1.1700 that threw us out  || resource=srv-daqp02flot8c73ffv6eg instance=srv-daqp02flot8c73ffv6eg-vhv85
2026-10-01 08:04:25,133 INFO [v32] RE-ENTER SDEV 125 @ 2.8800 = $360 | stop 2.8200 (2.08% away) | day level 2.8600, re-entry at 2.8800  || resource=srv-daqp02flot8c73ffv6eg instance=srv-daqp02flot8c73ffv6eg-vhv85
2026-10-01 08:04:28,515 CRITICAL [v33] WETO STILL HOLDING 50 share(s) after 8 chase attempts - the exit did not complete. This position is unprotected until the next pass.  || resource=srv-daqp02flot8c73ffv6eg instance=srv-daqp02flot8c73ffv6eg-vhv85
2026-10-01 08:04:28,578 INFO [v33] EXIT half-back WETO 504 @ 1.1000 | entry 1.1900 peak 1.2000 stop 1.1950 | held 4s | P/L -45.36 (-7.56% of the trade, -0.10% of the account)  || resource=srv-daqp02flot8c73ffv6eg instance=srv-daqp02flot8c73ffv6eg-vhv85
2026-10-01 08:04:30,479 INFO [v33] ENTER IMCC 443 @ 2.4000 = $1063 | stop 2.3100 (3.75% away) | first entry, stop from the bid  || resource=srv-daqp02flot8c73ffv6eg instance=srv-daqp02flot8c73ffv6eg-vhv85
2026-10-01 08:04:30,972 INFO [v32] EXIT stop SDEV 125 @ 2.8200 | entry 2.8800 peak 2.8800 stop 2.8200 | held 6s | P/L -7.50 (-2.08% of the trade, -0.05% of the account)  || resource=srv-daqp02flot8c73ffv6eg instance=srv-daqp02flot8c73ffv6eg-vhv85
2026-10-01 08:04:31,873 INFO [v32] RE-ENTER SDEV 112 @ 2.8800 = $323 | stop 2.8200 (2.08% away) | day level 2.8600, re-entry at 2.8800  || resource=srv-daqp02flot8c73ffv6eg instance=srv-daqp02flot8c73ffv6eg-vhv85
2026-10-01 08:04:34,458 INFO [v33] RE-ENTER WETO 500 @ 1.2000 = $600 | stop 1.0900 (9.17% away) | back above the 1.1000 that threw us out  || resource=srv-daqp02flot8c73ffv6eg instance=srv-daqp02flot8c73ffv6eg-vhv85
2026-10-01 08:04:35,775 INFO [v32] EXIT stop SDEV 112 @ 2.8105 | entry 2.8800 peak 2.8800 stop 2.8200 | held 4s | P/L -7.78 (-2.41% of the trade, -0.05% of the account)  || resource=srv-daqp02flot8c73ffv6eg instance=srv-daqp02flot8c73ffv6eg-vhv85
2026-10-01 08:04:36,937 INFO [v32] RE-ENTER SDEV 112 @ 2.8800 = $323 | stop 2.8200 (2.08% away) | day level 2.8600, re-entry at 2.8800  || resource=srv-daqp02flot8c73ffv6eg instance=srv-daqp02flot8c73ffv6eg-vhv85
2026-10-01 08:04:39,673 INFO [v33] EXIT half-back BURU 1007 @ 1.0700 | entry 1.1000 peak 1.1000 stop 1.0700 | held 35s | P/L -30.21 (-2.73% of the trade, -0.07% of the account)  || resource=srv-daqp02flot8c73ffv6eg instance=srv-daqp02flot8c73ffv6eg-vhv85
2026-10-01 08:04:44,560 CRITICAL [v33] WETO STILL HOLDING 50 share(s) after 8 chase attempts - the exit did not complete. This position is unprotected until the next pass.  || resource=srv-daqp02flot8c73ffv6eg instance=srv-daqp02flot8c73ffv6eg-vhv85
2026-10-01 08:04:44,621 INFO [v33] EXIT half-back WETO 500 @ 1.0900 | entry 1.2000 peak 1.2000 stop 1.0900 | held 10s | P/L -55.00 (-9.17% of the trade, -0.12% of the account)  || resource=srv-daqp02flot8c73ffv6eg instance=srv-daqp02flot8c73ffv6eg-vhv85
2026-10-01 08:04:46,223 INFO [v33] RE-ENTER WETO 766 @ 1.2100 = $927 | stop 1.0800 (10.74% away) | back above the 1.0900 that threw us out  || resource=srv-daqp02flot8c73ffv6eg instance=srv-daqp02flot8c73ffv6eg-vhv85
2026-10-01 08:04:50,117 INFO [v32] EXIT stop BURU 588 @ 1.0600 | entry 1.0900 peak 1.0900 stop 1.0600 | held 142s | P/L -17.64 (-2.75% of the trade, -0.11% of the account)  || resource=srv-daqp02flot8c73ffv6eg instance=srv-daqp02flot8c73ffv6eg-vhv85
2026-10-01 08:04:50,967 CRITICAL [v33] WETO STILL HOLDING 51 share(s) after 8 chase attempts - the exit did not complete. This position is unprotected until the next pass.  || resource=srv-daqp02flot8c73ffv6eg instance=srv-daqp02flot8c73ffv6eg-vhv85
2026-10-01 08:04:51,026 INFO [v33] EXIT half-back WETO 766 @ 1.0900 | entry 1.2100 peak 1.2300 stop 1.2200 | held 5s | P/L -91.92 (-9.92% of the trade, -0.20% of the account)  || resource=srv-daqp02flot8c73ffv6eg instance=srv-daqp02flot8c73ffv6eg-vhv85
2026-10-01 08:04:51,665 INFO [v33] RE-ENTER WETO 504 @ 1.1900 = $600 | stop 1.0800 (9.24% away) | back above the 1.0900 that threw us out  || resource=srv-daqp02flot8c73ffv6eg instance=srv-daqp02flot8c73ffv6eg-vhv85
2026-10-01 08:04:55,550 INFO [v32] EXIT stop SDEV 112 @ 2.8200 | entry 2.8800 peak 2.8800 stop 2.8200 | held 19s | P/L -6.72 (-2.08% of the trade, -0.04% of the account)  || resource=srv-daqp02flot8c73ffv6eg instance=srv-daqp02flot8c73ffv6eg-vhv85
2026-10-01 08:04:55,824 CRITICAL [v33] WETO STILL HOLDING 51 share(s) after 8 chase attempts - the exit did not complete. This position is unprotected until the next pass.  || resource=srv-daqp02flot8c73ffv6eg instance=srv-daqp02flot8c73ffv6eg-vhv85
2026-10-01 08:04:55,824 INFO [v33] EXIT half-back WETO 504 @ 1.2100 | entry 1.1900 peak 1.2300 stop 1.2100 | held 4s | P/L +10.08 (+1.68% of the trade, +0.02% of the account)  || resource=srv-daqp02flot8c73ffv6eg instance=srv-daqp02flot8c73ffv6eg-vhv85
2026-10-01 08:04:56,797 INFO [v33] RE-ENTER WETO 487 @ 1.2300 = $599 | stop 1.2000 (2.44% away) | back above the 1.2100 that threw us out  || resource=srv-daqp02flot8c73ffv6eg instance=srv-daqp02flot8c73ffv6eg-vhv85
2026-10-01 08:04:56,909 INFO [v32] RE-ENTER SDEV 116 @ 2.8800 = $334 | stop 2.8200 (2.08% away) | day level 2.8600, re-entry at 2.8800  || resource=srv-daqp02flot8c73ffv6eg instance=srv-daqp02flot8c73ffv6eg-vhv85
2026-10-01 08:05:01,088 CRITICAL [v33] WETO STILL HOLDING 51 share(s) after 8 chase attempts - the exit did not complete. This position is unprotected until the next pass.  || resource=srv-daqp02flot8c73ffv6eg instance=srv-daqp02flot8c73ffv6eg-vhv85
2026-10-01 08:05:01,169 INFO [v33] EXIT half-back WETO 487 @ 1.2000 | entry 1.2300 peak 1.2300 stop 1.2000 | held 4s | P/L -14.61 (-2.44% of the trade, -0.03% of the account)  || resource=srv-daqp02flot8c73ffv6eg instance=srv-daqp02flot8c73ffv6eg-vhv85
2026-10-01 08:05:01,900 INFO [v32] RE-ENTER LPA 107 @ 3.1700 = $339 | stop 3.1100 (1.89% away) | day level 3.1500, re-entry at 3.1700  || resource=srv-daqp02flot8c73ffv6eg instance=srv-daqp02flot8c73ffv6eg-vhv85
2026-10-01 08:05:03,269 INFO [v33] RE-ENTER WETO 699 @ 1.2200 = $853 | stop 1.1900 (2.46% away) | back above the 1.2000 that threw us out  || resource=srv-daqp02flot8c73ffv6eg instance=srv-daqp02flot8c73ffv6eg-vhv85
2026-10-01 08:05:08,409 CRITICAL [v33] WETO STILL HOLDING 57 share(s) after 8 chase attempts - the exit did not complete. This position is unprotected until the next pass.  || resource=srv-daqp02flot8c73ffv6eg instance=srv-daqp02flot8c73ffv6eg-vhv85
2026-10-01 08:05:08,483 INFO [v33] EXIT half-back WETO 699 @ 1.0900 | entry 1.2200 peak 1.2300 stop 1.2250 | held 5s | P/L -90.87 (-10.66% of the trade, -0.20% of the account)  || resource=srv-daqp02flot8c73ffv6eg instance=srv-daqp02flot8c73ffv6eg-vhv85
2026-10-01 08:05:08,905 CRITICAL [v32] SDEV STILL HOLDING 16 share(s) after 8 chase attempts - the exit did not complete. This position is unprotected until the next pass.  || resource=srv-daqp02flot8c73ffv6eg instance=srv-daqp02flot8c73ffv6eg-vhv85
2026-10-01 08:05:08,980 INFO [v32] EXIT stop SDEV 116 @ 2.8200 | entry 2.8800 peak 2.8800 stop 2.8200 | held 12s | P/L -6.96 (-2.08% of the trade, -0.04% of the account)  || resource=srv-daqp02flot8c73ffv6eg instance=srv-daqp02flot8c73ffv6eg-vhv85
2026-10-01 08:05:12,957 INFO [v33] EXIT half-back WETO 57 @ 1.2200 | entry 1.2200 peak 1.2300 stop 1.2250 | held 10s | P/L +0.00 (+0.00% of the trade, +0.00% of the account)  || resource=srv-daqp02flot8c73ffv6eg instance=srv-daqp02flot8c73ffv6eg-vhv85
2026-10-01 08:05:16,846 INFO [v32] EXIT stop LPA 108 @ 3.1100 | entry 3.1700 peak 3.1700 stop 3.1100 | held 15s | P/L -6.48 (-1.89% of the trade, -0.04% of the account)  || resource=srv-daqp02flot8c73ffv6eg instance=srv-daqp02flot8c73ffv6eg-vhv85
2026-10-01 08:05:17,132 INFO [v33] EXIT half-back QSI 511 @ 1.1500 | entry 1.2100 peak 1.2100 stop 1.1500 | held 151s | P/L -30.66 (-4.96% of the trade, -0.07% of the account)  || resource=srv-daqp02flot8c73ffv6eg instance=srv-daqp02flot8c73ffv6eg-vhv85
2026-10-01 08:05:18,134 INFO [v33] RE-ENTER BURU 540 @ 1.1100 = $599 | stop 1.0600 (4.50% away) | back above the 1.0700 that threw us out  || resource=srv-daqp02flot8c73ffv6eg instance=srv-daqp02flot8c73ffv6eg-vhv85
2026-10-01 08:05:18,352 INFO [v32] RE-ENTER LPA 119 @ 3.1700 = $377 | stop 3.1100 (1.89% away) | day level 3.1500, re-entry at 3.1700  || resource=srv-daqp02flot8c73ffv6eg instance=srv-daqp02flot8c73ffv6eg-vhv85
2026-10-01 08:05:22,710 INFO [v33] RE-ENTER QSI 919 @ 1.2098 = $1112 | stop 1.1400 (5.77% away) | back above the 1.1500 that threw us out  || resource=srv-daqp02flot8c73ffv6eg instance=srv-daqp02flot8c73ffv6eg-vhv85
2026-10-01 08:05:23,065 INFO [v32] EXIT stop LPA 119 @ 3.1100 | entry 3.1700 peak 3.1700 stop 3.1100 | held 5s | P/L -7.14 (-1.89% of the trade, -0.04% of the account)  || resource=srv-daqp02flot8c73ffv6eg instance=srv-daqp02flot8c73ffv6eg-vhv85
2026-10-01 08:05:23,507 INFO [v33] ENTER SDEV 209 @ 2.8600 = $598 | stop 2.8100 (1.75% away) | first entry, stop from the bid  || resource=srv-daqp02flot8c73ffv6eg instance=srv-daqp02flot8c73ffv6eg-vhv85
2026-10-01 08:05:24,134 INFO [v32] ENTER CCG 46 @ 6.9000 = $317 | stop 6.1900 (10.29% away) | day level 6.9000, re-entry at 6.9200  || resource=srv-daqp02flot8c73ffv6eg instance=srv-daqp02flot8c73ffv6eg-vhv85
2026-10-01 08:05:29,031 INFO [v33] EXIT half-back SDEV 209 @ 2.8600 | entry 2.8600 peak 2.8800 stop 2.8700 | held 5s | P/L +0.00 (+0.00% of the trade, +0.00% of the account)  || resource=srv-daqp02flot8c73ffv6eg instance=srv-daqp02flot8c73ffv6eg-vhv85
2026-10-01 08:05:30,807 INFO [v33] RE-ENTER SDEV 317 @ 2.8800 = $913 | stop 2.8500 (1.04% away) | back above the 2.8600 that threw us out  || resource=srv-daqp02flot8c73ffv6eg instance=srv-daqp02flot8c73ffv6eg-vhv85
2026-10-01 08:05:35,519 CRITICAL [v33] SDEV STILL HOLDING 8 share(s) after 8 chase attempts - the exit did not complete. This position is unprotected until the next pass.  || resource=srv-daqp02flot8c73ffv6eg instance=srv-daqp02flot8c73ffv6eg-vhv85
2026-10-01 08:05:35,594 INFO [v33] EXIT half-back SDEV 317 @ 2.8500 | entry 2.8800 peak 2.8800 stop 2.8500 | held 5s | P/L -9.51 (-1.04% of the trade, -0.02% of the account)  || resource=srv-daqp02flot8c73ffv6eg instance=srv-daqp02flot8c73ffv6eg-vhv85
2026-10-01 08:05:40,177 INFO [v33] RE-ENTER SDEV 234 @ 2.8700 = $672 | stop 2.8400 (1.05% away) | back above the 2.8500 that threw us out  || resource=srv-daqp02flot8c73ffv6eg instance=srv-daqp02flot8c73ffv6eg-vhv85
2026-10-01 08:05:41,480 CRITICAL [v33] SDEV STILL HOLDING 8 share(s) after 8 chase attempts - the exit did not complete. This position is unprotected until the next pass.  || resource=srv-daqp02flot8c73ffv6eg instance=srv-daqp02flot8c73ffv6eg-vhv85
2026-10-01 08:05:44,640 INFO [v33] EXIT half-back SDEV 234 @ 2.8300 | entry 2.8700 peak 2.8700 stop 2.8400 | held 1s | P/L -9.36 (-1.39% of the trade, -0.02% of the account)  || resource=srv-daqp02flot8c73ffv6eg instance=srv-daqp02flot8c73ffv6eg-vhv85
2026-10-01 08:05:45,975 INFO [v33] RE-ENTER SDEV 326 @ 2.8800 = $939 | stop 2.8200 (2.08% away) | back above the 2.8300 that threw us out  || resource=srv-daqp02flot8c73ffv6eg instance=srv-daqp02flot8c73ffv6eg-vhv85
2026-10-01 08:05:53,889 CRITICAL [v33] SDEV STILL HOLDING 8 share(s) after 8 chase attempts - the exit did not complete. This position is unprotected until the next pass.  || resource=srv-daqp02flot8c73ffv6eg instance=srv-daqp02flot8c73ffv6eg-vhv85
2026-10-01 08:05:53,962 INFO [v33] EXIT half-back SDEV 326 @ 2.8200 | entry 2.8800 peak 2.8800 stop 2.8200 | held 8s | P/L -19.56 (-2.08% of the trade, -0.04% of the account)  || resource=srv-daqp02flot8c73ffv6eg instance=srv-daqp02flot8c73ffv6eg-vhv85
2026-10-01 08:05:55,033 INFO [v33] RE-ENTER SDEV 209 @ 2.8700 = $600 | stop 2.8100 (2.09% away) | back above the 2.8200 that threw us out  || resource=srv-daqp02flot8c73ffv6eg instance=srv-daqp02flot8c73ffv6eg-vhv85
2026-10-01 08:05:56,312 INFO [v32] ENTER ARBB 68 @ 4.7000 = $320 | stop 4.6200 (1.70% away) | day level 4.7000, re-entry at 4.7200  || resource=srv-daqp02flot8c73ffv6eg instance=srv-daqp02flot8c73ffv6eg-vhv85
2026-10-01 08:05:57,917 INFO [v32] RE-ENTER LPA 119 @ 3.1700 = $377 | stop 3.1100 (1.89% away) | day level 3.1500, re-entry at 3.1700  || resource=srv-daqp02flot8c73ffv6eg instance=srv-daqp02flot8c73ffv6eg-vhv85
2026-10-01 08:05:59,251 CRITICAL [v33] SDEV STILL HOLDING 8 share(s) after 8 chase attempts - the exit did not complete. This position is unprotected until the next pass.  || resource=srv-daqp02flot8c73ffv6eg instance=srv-daqp02flot8c73ffv6eg-vhv85
2026-10-01 08:05:59,329 INFO [v33] EXIT half-back SDEV 209 @ 2.8500 | entry 2.8700 peak 2.8800 stop 2.8750 | held 4s | P/L -4.18 (-0.70% of the trade, -0.01% of the account)  || resource=srv-daqp02flot8c73ffv6eg instance=srv-daqp02flot8c73ffv6eg-vhv85
2026-10-01 08:06:01,102 INFO [v33] RE-ENTER SDEV 246 @ 2.8700 = $706 | stop 2.8400 (1.05% away) | back above the 2.8500 that threw us out  || resource=srv-daqp02flot8c73ffv6eg instance=srv-daqp02flot8c73ffv6eg-vhv85
2026-10-01 08:06:02,489 CRITICAL [v32] LPA STILL HOLDING 4 share(s) after 8 chase attempts - the exit did not complete. This position is unprotected until the next pass.  || resource=srv-daqp02flot8c73ffv6eg instance=srv-daqp02flot8c73ffv6eg-vhv85
2026-10-01 08:06:02,563 INFO [v32] EXIT stop LPA 119 @ 3.1100 | entry 3.1700 peak 3.1700 stop 3.1100 | held 5s | P/L -7.14 (-1.89% of the trade, -0.04% of the account)  || resource=srv-daqp02flot8c73ffv6eg instance=srv-daqp02flot8c73ffv6eg-vhv85
2026-10-01 08:06:04,082 INFO [v32] RE-ENTER LPA 160 @ 3.1700 = $507 | stop 3.1100 (1.89% away) | day level 3.1500, re-entry at 3.1700  || resource=srv-daqp02flot8c73ffv6eg instance=srv-daqp02flot8c73ffv6eg-vhv85
2026-10-01 08:06:07,994 CRITICAL [v33] SDEV STILL HOLDING 31 share(s) after 8 chase attempts - the exit did not complete. This position is unprotected until the next pass.  || resource=srv-daqp02flot8c73ffv6eg instance=srv-daqp02flot8c73ffv6eg-vhv85
2026-10-01 08:06:08,067 INFO [v33] EXIT half-back SDEV 246 @ 2.8200 | entry 2.8700 peak 2.8700 stop 2.8400 | held 7s | P/L -12.30 (-1.74% of the trade, -0.03% of the account)  || resource=srv-daqp02flot8c73ffv6eg instance=srv-daqp02flot8c73ffv6eg-vhv85
2026-10-01 08:06:08,201 CRITICAL [v32] LPA STILL HOLDING 4 share(s) after 8 chase attempts - the exit did not complete. This position is unprotected until the next pass.  || resource=srv-daqp02flot8c73ffv6eg instance=srv-daqp02flot8c73ffv6eg-vhv85
2026-10-01 08:06:08,277 INFO [v32] EXIT stop LPA 160 @ 3.1100 | entry 3.1700 peak 3.1700 stop 3.1100 | held 4s | P/L -9.60 (-1.89% of the trade, -0.06% of the account)  || resource=srv-daqp02flot8c73ffv6eg instance=srv-daqp02flot8c73ffv6eg-vhv85
2026-10-01 08:06:12,640 INFO [v32] EXIT stop SDEV 16 @ 2.8200 | entry 2.8500 peak 2.8100 stop 2.8400 | held 76s | P/L -0.48 (-1.05% of the trade, -0.00% of the account)  || resource=srv-daqp02flot8c73ffv6eg instance=srv-daqp02flot8c73ffv6eg-vhv85
2026-10-01 08:06:12,642 INFO [v33] RE-ENTER SDEV 277 @ 2.8400 = $787 | stop 2.8100 (1.06% away) | back above the 2.8200 that threw us out  || resource=srv-daqp02flot8c73ffv6eg instance=srv-daqp02flot8c73ffv6eg-vhv85
2026-10-01 08:06:14,212 INFO [v32] ENTER AIB 272 @ 1.4800 = $403 | stop 1.3500 (8.78% away) | day level 1.4800, re-entry at 1.5000  || resource=srv-daqp02flot8c73ffv6eg instance=srv-daqp02flot8c73ffv6eg-vhv85
2026-10-01 08:06:17,215 CRITICAL [v33] SDEV STILL HOLDING 31 share(s) after 8 chase attempts - the exit did not complete. This position is unprotected until the next pass.  || resource=srv-daqp02flot8c73ffv6eg instance=srv-daqp02flot8c73ffv6eg-vhv85
2026-10-01 08:06:17,290 INFO [v33] EXIT half-back SDEV 277 @ 2.8500 | entry 2.8400 peak 2.8700 stop 2.8550 | held 5s | P/L +2.77 (+0.35% of the trade, +0.01% of the account)  || resource=srv-daqp02flot8c73ffv6eg instance=srv-daqp02flot8c73ffv6eg-vhv85
2026-10-01 08:06:18,301 INFO [v32] EXIT stop LPA 4 @ 3.1100 | entry 3.1700 peak 3.1700 stop 3.1100 | held 14s | P/L -0.24 (-1.89% of the trade, -0.00% of the account)  || resource=srv-daqp02flot8c73ffv6eg instance=srv-daqp02flot8c73ffv6eg-vhv85
2026-10-01 08:06:18,800 INFO [v33] RE-ENTER SDEV 211 @ 2.8700 = $606 | stop 2.8400 (1.05% away) | back above the 2.8500 that threw us out  || resource=srv-daqp02flot8c73ffv6eg instance=srv-daqp02flot8c73ffv6eg-vhv85
2026-10-01 08:06:24,401 CRITICAL [v33] SDEV STILL HOLDING 32 share(s) after 8 chase attempts - the exit did not complete. This position is unprotected until the next pass.  || resource=srv-daqp02flot8c73ffv6eg instance=srv-daqp02flot8c73ffv6eg-vhv85
2026-10-01 08:06:24,475 INFO [v33] EXIT half-back SDEV 211 @ 2.8400 | entry 2.8700 peak 2.8700 stop 2.8400 | held 6s | P/L -6.33 (-1.05% of the trade, -0.01% of the account)  || resource=srv-daqp02flot8c73ffv6eg instance=srv-daqp02flot8c73ffv6eg-vhv85
2026-10-01 08:06:25,975 INFO [v33] RE-ENTER SDEV 284 @ 2.8600 = $812 | stop 2.8300 (1.05% away) | back above the 2.8400 that threw us out  || resource=srv-daqp02flot8c73ffv6eg instance=srv-daqp02flot8c73ffv6eg-vhv85
2026-10-01 08:06:34,488 CRITICAL [v33] SDEV STILL HOLDING 67 share(s) after 8 chase attempts - the exit did not complete. This position is unprotected until the next pass.  || resource=srv-daqp02flot8c73ffv6eg instance=srv-daqp02flot8c73ffv6eg-vhv85
2026-10-01 08:06:34,561 INFO [v33] EXIT half-back SDEV 284 @ 2.8600 | entry 2.8600 peak 2.8700 stop 2.8650 | held 9s | P/L +0.00 (+0.00% of the trade, +0.00% of the account)  || resource=srv-daqp02flot8c73ffv6eg instance=srv-daqp02flot8c73ffv6eg-vhv85
2026-10-01 08:06:38,352 INFO [v33] RE-ENTER SDEV 208 @ 2.8800 = $599 | stop 2.8500 (1.04% away) | back above the 2.8600 that threw us out  || resource=srv-daqp02flot8c73ffv6eg instance=srv-daqp02flot8c73ffv6eg-vhv85
2026-10-01 08:06:45,085 CRITICAL [v33] SDEV STILL HOLDING 67 share(s) after 8 chase attempts - the exit did not complete. This position is unprotected until the next pass.  || resource=srv-daqp02flot8c73ffv6eg instance=srv-daqp02flot8c73ffv6eg-vhv85
2026-10-01 08:06:45,159 INFO [v33] EXIT half-back SDEV 208 @ 2.8500 | entry 2.8800 peak 2.8800 stop 2.8500 | held 7s | P/L -6.24 (-1.04% of the trade, -0.01% of the account)  || resource=srv-daqp02flot8c73ffv6eg instance=srv-daqp02flot8c73ffv6eg-vhv85
2026-10-01 08:06:46,681 INFO [v33] RE-ENTER SDEV 296 @ 2.8800 = $852 | stop 2.8400 (1.39% away) | back above the 2.8500 that threw us out  || resource=srv-daqp02flot8c73ffv6eg instance=srv-daqp02flot8c73ffv6eg-vhv85
2026-10-01 08:06:52,819 INFO [v32] RE-ENTER LPA 101 @ 3.1800 = $321 | stop 3.1100 (2.20% away) | day level 3.1500, re-entry at 3.1700  || resource=srv-daqp02flot8c73ffv6eg instance=srv-daqp02flot8c73ffv6eg-vhv85
2026-10-01 08:06:53,233 CRITICAL [v33] SDEV STILL HOLDING 67 share(s) after 8 chase attempts - the exit did not complete. This position is unprotected until the next pass.  || resource=srv-daqp02flot8c73ffv6eg instance=srv-daqp02flot8c73ffv6eg-vhv85
2026-10-01 08:06:53,307 INFO [v33] EXIT half-back SDEV 296 @ 2.8400 | entry 2.8800 peak 2.8800 stop 2.8400 | held 7s | P/L -11.84 (-1.39% of the trade, -0.03% of the account)  || resource=srv-daqp02flot8c73ffv6eg instance=srv-daqp02flot8c73ffv6eg-vhv85
2026-10-01 08:06:53,827 INFO [v32] EXIT stop LPA 101 @ 3.1100 | entry 3.1800 peak 3.1800 stop 3.1100 | held 1s | P/L -7.07 (-2.20% of the trade, -0.04% of the account)  || resource=srv-daqp02flot8c73ffv6eg instance=srv-daqp02flot8c73ffv6eg-vhv85
2026-10-01 08:06:57,657 INFO [v32] RE-ENTER BURU 291 @ 1.1100 = $323 | stop 1.0600 (4.50% away) | day level 1.0900, re-entry at 1.1100  || resource=srv-daqp02flot8c73ffv6eg instance=srv-daqp02flot8c73ffv6eg-vhv85
2026-10-01 08:06:57,913 INFO [v33] RE-ENTER SDEV 224 @ 2.8700 = $643 | stop 2.8300 (1.39% away) | back above the 2.8400 that threw us out  || resource=srv-daqp02flot8c73ffv6eg instance=srv-daqp02flot8c73ffv6eg-vhv85
2026-10-01 08:06:59,164 INFO [v32] RE-ENTER LPA 115 @ 3.1800 = $366 | stop 3.1100 (2.20% away) | day level 3.1500, re-entry at 3.1700  || resource=srv-daqp02flot8c73ffv6eg instance=srv-daqp02flot8c73ffv6eg-vhv85
2026-10-01 08:07:03,665 INFO [v32] EXIT stop LPA 115 @ 3.1100 | entry 3.1800 peak 3.1800 stop 3.1100 | held 4s | P/L -8.05 (-2.20% of the trade, -0.05% of the account)  || resource=srv-daqp02flot8c73ffv6eg instance=srv-daqp02flot8c73ffv6eg-vhv85
2026-10-01 08:07:05,154 INFO [v32] RE-ENTER LPA 114 @ 3.1700 = $361 | stop 3.1100 (1.89% away) | day level 3.1500, re-entry at 3.1700  || resource=srv-daqp02flot8c73ffv6eg instance=srv-daqp02flot8c73ffv6eg-vhv85
2026-10-01 08:07:06,111 CRITICAL [v33] SDEV STILL HOLDING 152 share(s) after 8 chase attempts - the exit did not complete. This position is unprotected until the next pass.  || resource=srv-daqp02flot8c73ffv6eg instance=srv-daqp02flot8c73ffv6eg-vhv85
2026-10-01 08:07:06,185 INFO [v33] EXIT half-back SDEV 224 @ 2.8300 | entry 2.8700 peak 2.8700 stop 2.8300 | held 8s | P/L -8.96 (-1.39% of the trade, -0.02% of the account)  || resource=srv-daqp02flot8c73ffv6eg instance=srv-daqp02flot8c73ffv6eg-vhv85
2026-10-01 08:07:07,926 INFO [v33] RE-ENTER SDEV 323 @ 2.8700 = $927 | stop 2.8200 (1.74% away) | back above the 2.8300 that threw us out  || resource=srv-daqp02flot8c73ffv6eg instance=srv-daqp02flot8c73ffv6eg-vhv85
2026-10-01 08:07:09,622 INFO [v32] EXIT stop GLUE 66 @ 13.7600 | entry 14.0600 peak 14.0600 stop 13.7862 | held 274s | P/L -19.80 (-2.13% of the trade, -0.12% of the account)  || resource=srv-daqp02flot8c73ffv6eg instance=srv-daqp02flot8c73ffv6eg-vhv85
2026-10-01 08:07:13,906 INFO [v32] EXIT stop BURU 291 @ 1.0600 | entry 1.1100 peak 1.1100 stop 1.0600 | held 16s | P/L -14.55 (-4.50% of the trade, -0.09% of the account)  || resource=srv-daqp02flot8c73ffv6eg instance=srv-daqp02flot8c73ffv6eg-vhv85
2026-10-01 08:07:17,511 CRITICAL [v33] SDEV STILL HOLDING 152 share(s) after 8 chase attempts - the exit did not complete. This position is unprotected until the next pass.  || resource=srv-daqp02flot8c73ffv6eg instance=srv-daqp02flot8c73ffv6eg-vhv85
2026-10-01 08:07:17,570 INFO [v33] EXIT half-back SDEV 323 @ 2.8200 | entry 2.8700 peak 2.8700 stop 2.8200 | held 10s | P/L -16.15 (-1.74% of the trade, -0.04% of the account)  || resource=srv-daqp02flot8c73ffv6eg instance=srv-daqp02flot8c73ffv6eg-vhv85
2026-10-01 08:07:22,284 INFO [v33] RE-ENTER SDEV 338 @ 2.8800 = $973 | stop 2.8100 (2.43% away) | back above the 2.8200 that threw us out  || resource=srv-daqp02flot8c73ffv6eg instance=srv-daqp02flot8c73ffv6eg-vhv85
2026-10-01 08:07:26,549 INFO [v33] EXIT half-back BURU 540 @ 1.0600 | entry 1.1100 peak 1.1100 stop 1.0600 | held 128s | P/L -27.00 (-4.50% of the trade, -0.06% of the account)  || resource=srv-daqp02flot8c73ffv6eg instance=srv-daqp02flot8c73ffv6eg-vhv85
2026-10-01 08:07:27,442 INFO [v33] RE-ENTER BURU 550 @ 1.0900 = $600 | stop 1.0500 (3.67% away) | back above the 1.0600 that threw us out  || resource=srv-daqp02flot8c73ffv6eg instance=srv-daqp02flot8c73ffv6eg-vhv85
2026-10-01 08:07:32,871 INFO [v33] EXIT half-back BURU 550 @ 1.0900 | entry 1.0900 peak 1.1000 stop 1.0950 | held 5s | P/L +0.00 (+0.00% of the trade, +0.00% of the account)  || resource=srv-daqp02flot8c73ffv6eg instance=srv-daqp02flot8c73ffv6eg-vhv85
2026-10-01 08:07:37,569 INFO [v33] RE-ENTER LPA 309 @ 3.1700 = $980 | stop 3.1400 (0.95% away) | back above the 3.1500 that threw us out  || resource=srv-daqp02flot8c73ffv6eg instance=srv-daqp02flot8c73ffv6eg-vhv85
2026-10-01 08:07:43,533 CRITICAL [v33] LPA STILL HOLDING 28 share(s) after 8 chase attempts - the exit did not complete. This position is unprotected until the next pass.  || resource=srv-daqp02flot8c73ffv6eg instance=srv-daqp02flot8c73ffv6eg-vhv85
2026-10-01 08:07:43,595 INFO [v33] EXIT half-back LPA 309 @ 3.1100 | entry 3.1700 peak 3.1700 stop 3.1400 | held 6s | P/L -18.54 (-1.89% of the trade, -0.04% of the account)  || resource=srv-daqp02flot8c73ffv6eg instance=srv-daqp02flot8c73ffv6eg-vhv85
2026-10-01 08:07:48,734 CRITICAL [v33] SDEV STILL HOLDING 202 share(s) after 8 chase attempts - the exit did not complete. This position is unprotected until the next pass.  || resource=srv-daqp02flot8c73ffv6eg instance=srv-daqp02flot8c73ffv6eg-vhv85
2026-10-01 08:07:48,794 INFO [v33] EXIT half-back SDEV 338 @ 2.8100 | entry 2.8800 peak 2.8800 stop 2.8100 | held 26s | P/L -23.66 (-2.43% of the trade, -0.05% of the account)  || resource=srv-daqp02flot8c73ffv6eg instance=srv-daqp02flot8c73ffv6eg-vhv85
2026-10-01 08:07:49,409 INFO [v32] EXIT stop AIB 347 @ 1.3500 | entry 1.4800 peak 1.4800 stop 1.3500 | held 95s | P/L -45.11 (-8.78% of the trade, -0.28% of the account)  || resource=srv-daqp02flot8c73ffv6eg instance=srv-daqp02flot8c73ffv6eg-vhv85
2026-10-01 08:07:50,893 INFO [v33] RE-ENTER SDEV 257 @ 2.8600 = $735 | stop 2.8000 (2.10% away) | back above the 2.8100 that threw us out  || resource=srv-daqp02flot8c73ffv6eg instance=srv-daqp02flot8c73ffv6eg-vhv85
2026-10-01 08:07:55,568 CRITICAL [v33] SDEV STILL HOLDING 316 share(s) after 8 chase attempts - the exit did not complete. This position is unprotected until the next pass.  || resource=srv-daqp02flot8c73ffv6eg instance=srv-daqp02flot8c73ffv6eg-vhv85
2026-10-01 08:07:55,639 INFO [v33] EXIT half-back SDEV 257 @ 2.8300 | entry 2.8600 peak 2.8700 stop 2.8650 | held 5s | P/L -7.71 (-1.05% of the trade, -0.02% of the account)  || resource=srv-daqp02flot8c73ffv6eg instance=srv-daqp02flot8c73ffv6eg-vhv85
2026-10-01 08:07:56,206 INFO [v32] EXIT stop LPA 114 @ 3.1000 | entry 3.1700 peak 3.1700 stop 3.1100 | held 51s | P/L -7.98 (-2.21% of the trade, -0.05% of the account)  || resource=srv-daqp02flot8c73ffv6eg instance=srv-daqp02flot8c73ffv6eg-vhv85
2026-10-01 08:07:59,598 INFO [v33] RE-ENTER SDEV 210 @ 2.8500 = $598 | stop 2.8200 (1.05% away) | back above the 2.8300 that threw us out  || resource=srv-daqp02flot8c73ffv6eg instance=srv-daqp02flot8c73ffv6eg-vhv85
2026-10-01 08:08:05,141 INFO [v33] EXIT half-back GLUE 7 @ 13.8000 | entry 14.0700 peak 14.0700 stop 14.0559 | held 256s | P/L -1.89 (-1.92% of the trade, -0.00% of the account)  || resource=srv-daqp02flot8c73ffv6eg instance=srv-daqp02flot8c73ffv6eg-vhv85
2026-10-01 08:08:06,043 INFO [v33] RE-ENTER LPA 190 @ 3.1500 = $598 | stop 3.1000 (1.59% away) | back above the 3.1100 that threw us out  || resource=srv-daqp02flot8c73ffv6eg instance=srv-daqp02flot8c73ffv6eg-vhv85
2026-10-01 08:08:10,317 CRITICAL [v33] SDEV STILL HOLDING 316 share(s) after 8 chase attempts - the exit did not complete. This position is unprotected until the next pass.  || resource=srv-daqp02flot8c73ffv6eg instance=srv-daqp02flot8c73ffv6eg-vhv85
2026-10-01 08:08:10,393 INFO [v33] EXIT half-back SDEV 210 @ 2.8200 | entry 2.8500 peak 2.8500 stop 2.8200 | held 11s | P/L -6.30 (-1.05% of the trade, -0.01% of the account)  || resource=srv-daqp02flot8c73ffv6eg instance=srv-daqp02flot8c73ffv6eg-vhv85
2026-10-01 08:08:15,734 CRITICAL [v33] SDEV STILL HOLDING 210 share(s) after 8 chase attempts - the exit did not complete. This position is unprotected until the next pass.  || resource=srv-daqp02flot8c73ffv6eg instance=srv-daqp02flot8c73ffv6eg-vhv85
2026-10-01 08:08:15,808 INFO [v33] EXIT half-back SDEV 106 @ 2.8100 | entry 2.8500 peak 2.8500 stop 2.8200 | held 16s | P/L -4.24 (-1.40% of the trade, -0.01% of the account)  || resource=srv-daqp02flot8c73ffv6eg instance=srv-daqp02flot8c73ffv6eg-vhv85
2026-10-01 08:08:17,614 INFO [v33] RE-ENTER SDEV 302 @ 2.8500 = $861 | stop 2.8000 (1.75% away) | back above the 2.8100 that threw us out  || resource=srv-daqp02flot8c73ffv6eg instance=srv-daqp02flot8c73ffv6eg-vhv85
2026-10-01 08:08:23,140 CRITICAL [v33] SDEV STILL HOLDING 210 share(s) after 8 chase attempts - the exit did not complete. This position is unprotected until the next pass.  || resource=srv-daqp02flot8c73ffv6eg instance=srv-daqp02flot8c73ffv6eg-vhv85
2026-10-01 08:08:23,216 INFO [v33] EXIT half-back SDEV 302 @ 2.8300 | entry 2.8500 peak 2.8600 stop 2.8550 | held 6s | P/L -6.04 (-0.70% of the trade, -0.01% of the account)  || resource=srv-daqp02flot8c73ffv6eg instance=srv-daqp02flot8c73ffv6eg-vhv85
2026-10-01 08:08:24,215 INFO [v33] RE-ENTER SDEV 210 @ 2.8500 = $598 | stop 2.8200 (1.05% away) | back above the 2.8300 that threw us out  || resource=srv-daqp02flot8c73ffv6eg instance=srv-daqp02flot8c73ffv6eg-vhv85
2026-10-01 08:08:28,814 INFO [v33] EXIT half-back LPA 218 @ 3.1100 | entry 3.1500 peak 3.1700 stop 3.1600 | held 23s | P/L -8.72 (-1.27% of the trade, -0.02% of the account)  || resource=srv-daqp02flot8c73ffv6eg instance=srv-daqp02flot8c73ffv6eg-vhv85
2026-10-01 08:08:32,851 CRITICAL [v33] SDEV STILL HOLDING 210 share(s) after 8 chase attempts - the exit did not complete. This position is unprotected until the next pass.  || resource=srv-daqp02flot8c73ffv6eg instance=srv-daqp02flot8c73ffv6eg-vhv85
2026-10-01 08:08:32,851 INFO [v33] EXIT half-back SDEV 210 @ 2.8200 | entry 2.8500 peak 2.8500 stop 2.8200 | held 9s | P/L -6.30 (-1.05% of the trade, -0.01% of the account)  || resource=srv-daqp02flot8c73ffv6eg instance=srv-daqp02flot8c73ffv6eg-vhv85
2026-10-01 08:08:33,845 INFO [v33] RE-ENTER SDEV 211 @ 2.8400 = $599 | stop 2.8100 (1.06% away) | back above the 2.8200 that threw us out  || resource=srv-daqp02flot8c73ffv6eg instance=srv-daqp02flot8c73ffv6eg-vhv85
2026-10-01 08:08:37,859 CRITICAL [v33] SDEV STILL HOLDING 210 share(s) after 8 chase attempts - the exit did not complete. This position is unprotected until the next pass.  || resource=srv-daqp02flot8c73ffv6eg instance=srv-daqp02flot8c73ffv6eg-vhv85
2026-10-01 08:08:37,859 INFO [v33] EXIT half-back SDEV 211 @ 2.8400 | entry 2.8400 peak 2.8600 stop 2.8500 | held 4s | P/L +0.00 (+0.00% of the trade, +0.00% of the account)  || resource=srv-daqp02flot8c73ffv6eg instance=srv-daqp02flot8c73ffv6eg-vhv85
2026-10-01 08:08:38,577 INFO [v33] RE-ENTER LPA 190 @ 3.1500 = $598 | stop 3.1000 (1.59% away) | back above the 3.1100 that threw us out  || resource=srv-daqp02flot8c73ffv6eg instance=srv-daqp02flot8c73ffv6eg-vhv85
