2026-10-07 08:13:54,025 INFO [v37] ENTER BIYA 198 @ 2.6700 (print 2.6600) = $529 (3.6% of equity) - a tenth of a position, buy 1 today | crowd #1, $3617k in 5 min | stop 2.4564 | adds at 2.7700 and 2.8700 | speed 0.33 | score 13 (speed 4 candle 2 wicks 1 bodies 1 lows 0 volume 2 trend 2 macd 0 room 1)
2026-10-07 08:13:55,161 INFO [v37] EXIT giveback BIYA 198 @ 2.7300 | trigger print 2.6400 x 100 cond ['@', 'F', 'T'], 1.1s old | entry 2.6700 peak 2.7000 stop 2.4564 | held 1s | P/L +11.88 (+2.25% of the trade, +0.08% of the account)
2026-10-07 08:16:32,567 INFO [v37] ENTER MI 235 @ 2.3031 (print 2.3100) = $541 (3.7% of equity) - a tenth of a position, buy 1 today | crowd #2, $1424k in 5 min | stop 2.1929 | adds at 2.4031 and 2.5031 | speed 0.58 | score 14 (speed 4 candle 2 wicks 1 bodies 1 lows 1 volume 1 trend 2 macd 1 room 1)
2026-10-07 08:16:37,000 INFO [v37] EXIT giveback MI 235 @ 2.3071 | trigger print 2.3105 x 370 cond [' ', 'T'], 1.5s old | entry 2.3031 peak 2.3400 stop 2.1929 | held 4s | P/L +0.94 (+0.17% of the trade, +0.01% of the account)
2026-10-07 08:20:05,546 INFO [v36b] ENTER MI 79 @ 2.1000 (print 2.0800) = $166 (2% of equity) | stop 2.0176 (3.92% away) | setup trigger 2.0800
2026-10-07 08:20:05,550 INFO [v36b] MI STARTER 79 shares (a tenth of a full position), buy 1 today - adds at 2.2500 and 2.3000 on a new high
2026-10-07 08:20:07,114 INFO [v36] ENTER MI 208 @ 2.0867 (print 2.0800) = $434 (2% of equity) | stop 1.9700 (5.59% away) | setup trigger 2.0800
2026-10-07 08:20:07,117 INFO [v36] MI STARTER 208 shares (a tenth of a full position), buy 1 today - adds at 2.2367 and 2.2867 on a new high
2026-10-07 08:20:18,594 INFO [v36] ENTER BIYA 184 @ 2.3600 (print 2.3500) = $434 (2% of equity) | stop 2.2000 (6.78% away) | setup trigger 2.3000
2026-10-07 08:20:18,597 INFO [v36] BIYA STARTER 184 shares (a tenth of a full position), buy 1 today - adds at 2.5100 and 2.5600 on a new high
2026-10-07 08:20:34,150 INFO [v36] BIYA ADD to 50% of a full position: +685 @ 2.5100 -> 869 shares, entry 2.4625, floor 2.4625 (what the starter paid)
2026-10-07 08:20:35,162 INFO [v36] EXIT stop BIYA 869 @ 2.4300 | trigger print 2.4600 x 200 cond ['@', 'F', 'T'], 0.0s old | entry 2.4625 peak 2.5500 stop 2.4625 | held 17s | P/L -28.22 (-1.32% of the trade, -0.15% of the account)
2026-10-07 08:20:36,941 INFO [v36b] EXIT stop MI 79 @ 2.0000 | trigger print 2.0100 x 550 cond [' ', 'T'], 0.0s old | entry 2.1000 peak 2.1100 stop 2.0176 | held 31s | P/L -7.90 (-4.76% of the trade, -0.11% of the account)
2026-10-07 08:20:39,828 INFO [v36] EXIT stop MI 208 @ 1.9900 | trigger print 1.9700 x 255 cond [' ', 'T'], 0.0s old | entry 2.0867 peak 2.1100 stop 1.9700 | held 33s | P/L -20.12 (-4.64% of the trade, -0.11% of the account)
2026-10-07 08:23:30,710 INFO [v36] ENTER BIYA 180 @ 2.3898 (print 2.3900) = $430 (2% of equity) | stop 2.2200 (7.11% away) | setup trigger 2.3895
2026-10-07 08:23:30,713 INFO [v36] BIYA STARTER 180 shares (a tenth of a full position), buy 2 today - adds at 2.5398 and 2.5898 on a new high
2026-10-07 08:23:30,732 INFO [v36b] ENTER BIYA 69 @ 2.3986 (print 2.3900) = $165 (2% of equity) | stop 2.3178 (3.37% away) | setup trigger 2.3895
2026-10-07 08:23:30,735 INFO [v36b] BIYA STARTER 69 shares (a tenth of a full position), buy 1 today - adds at 2.5486 and 2.5986 on a new high
2026-10-07 08:24:02,205 INFO [v36b] EXIT stop BIYA 69 @ 2.3881 | trigger print 2.3100 x 500 cond ['@', 'T'], 0.0s old | entry 2.3986 peak 2.5300 stop 2.3178 | held 31s | P/L -0.72 (-0.44% of the trade, -0.01% of the account)
2026-10-07 08:24:16,932 INFO [v36b] ENTER MI 77 @ 2.1700 (print 2.1600) = $167 (2% of equity) | stop 2.0952 (3.45% away) | setup trigger 2.1600
2026-10-07 08:24:16,934 INFO [v36b] MI STARTER 77 shares (a tenth of a full position), buy 2 today - adds at 2.3200 and 2.3700 on a new high
2026-10-07 08:24:18,593 INFO [v36] ENTER MI 201 @ 2.1700 (print 2.1600) = $436 (2% of equity) | stop 2.0800 (4.15% away) | setup trigger 2.1600
2026-10-07 08:24:18,595 INFO [v36] MI STARTER 201 shares (a tenth of a full position), buy 2 today - adds at 2.3200 and 2.3700 on a new high
2026-10-07 08:25:34,209 INFO [v36b] EXIT stop MI 77 @ 2.0800 | trigger print 2.0900 x 207 cond [' ', 'T'], 0.0s old | entry 2.1700 peak 2.2200 stop 2.0952 | held 77s | P/L -6.93 (-4.15% of the trade, -0.10% of the account)
2026-10-07 08:25:39,708 INFO [v36] EXIT stop MI 201 @ 2.0800 | trigger print 2.0800 x 300 cond [' ', 'T'], 0.0s old | entry 2.1700 peak 2.2200 stop 2.0800 | held 81s | P/L -18.09 (-4.15% of the trade, -0.10% of the account)
2026-10-07 08:25:45,128 INFO [v36] BIYA ADD to 50% of a full position: +669 @ 2.5400 -> 849 shares, entry 2.5239, floor 2.5239 (what the starter paid)
2026-10-07 08:25:48,791 INFO [v36] BIYA ADD to 100% of a full position: +862 @ 2.5900 -> 1711 shares, entry 2.5550, floor 2.5550 (what the starter paid)
2026-10-07 08:26:21,311 INFO [v36] EXIT 10s BIYA 1711 @ 2.6000 | trigger print 2.5900 x 206 cond ['@', 'F', 'T'], 0.0s old | entry 2.5550 peak 2.7400 stop 2.5550 | held 171s | P/L +76.95 (+1.76% of the trade, +0.42% of the account)
2026-10-07 08:30:09,683 INFO [v36] ENTER BIYA 177 @ 2.4400 (print 2.4400) = $432 (2% of equity) | stop 2.3600 (3.28% away) | setup trigger 2.4100
2026-10-07 08:30:09,686 INFO [v36] BIYA STARTER 177 shares (a tenth of a full position), buy 3 today - adds at 2.5900 and 2.6400 on a new high
2026-10-07 08:31:26,817 INFO [v36] EXIT stop BIYA 177 @ 2.3500 | trigger print 2.3600 x 100 cond ['@', 'T'], 0.0s old | entry 2.4400 peak 2.4900 stop 2.3600 | held 77s | P/L -15.93 (-3.69% of the trade, -0.09% of the account)
2026-10-07 08:34:47,800 INFO [v36] ENTER BIYA 179 @ 2.4100 (print 2.4100) = $431 (2% of equity) | stop 2.3300 (3.32% away) | setup trigger 2.4000
2026-10-07 08:34:47,801 INFO [v36] BIYA STARTER 179 shares (a tenth of a full position), buy 4 today - adds at 2.5600 and 2.6100 on a new high
2026-10-07 08:34:47,998 INFO [v36b] ENTER BIYA 68 @ 2.4100 (print 2.4100) = $164 (2% of equity) | stop 2.3300 (3.32% away) | setup trigger 2.4000
2026-10-07 08:34:47,999 INFO [v36b] BIYA STARTER 68 shares (a tenth of a full position), buy 2 today - adds at 2.5600 and 2.6100 on a new high
2026-10-07 08:35:55,428 INFO [v36] EXIT stop BIYA 179 @ 2.3100 | trigger print 2.3300 x 200 cond ['@', 'F', 'T'], 0.0s old | entry 2.4100 peak 2.4400 stop 2.3300 | held 68s | P/L -17.90 (-4.15% of the trade, -0.10% of the account)
2026-10-07 08:35:58,790 INFO [v36b] EXIT stop BIYA 68 @ 2.2885 | trigger print 2.3300 x 200 cond ['@', 'F', 'T'], 0.0s old | entry 2.4100 peak 2.4400 stop 2.3300 | held 71s | P/L -8.26 (-5.04% of the trade, -0.12% of the account)
2026-10-07 08:44:03,697 INFO [v36] ENTER BIYA 174 @ 2.5200 (print 2.5000) = $438 (2% of equity) | stop 2.4305 (3.55% away) | setup trigger 2.5000
2026-10-07 08:44:03,700 INFO [v36] BIYA STARTER 174 shares (a tenth of a full position), buy 5 today - adds at 2.6700 and 2.7200 on a new high
2026-10-07 08:44:04,532 INFO [v36b] ENTER BIYA 66 @ 2.5156 (print 2.5000) = $166 (2% of equity) | stop 2.4305 (3.38% away) | setup trigger 2.5000
2026-10-07 08:44:04,534 INFO [v36b] BIYA STARTER 66 shares (a tenth of a full position), buy 3 today - adds at 2.6656 and 2.7156 on a new high
2026-10-07 08:45:00,546 INFO [v36] BIYA ADD to 50% of a full position: +648 @ 2.6700 -> 822 shares, entry 2.6146, floor 2.6146 (what the starter paid)
2026-10-07 08:45:03,629 INFO [v36b] BIYA ADD to 50% of a full position: +248 @ 2.6700 -> 314 shares, entry 2.6202, floor 2.6202 (what the starter paid)
2026-10-07 08:45:10,975 INFO [v36b] EXIT stop BIYA 314 @ 2.6200 | trigger print 2.6200 x 100 cond ['@', 'T'], 0.0s old | entry 2.6202 peak 2.6800 stop 2.6202 | held 66s | P/L -0.06 (-0.01% of the trade, -0.00% of the account)
2026-10-07 08:45:44,894 INFO [v36] EXIT stop BIYA 822 @ 2.5892 | trigger print 2.6100 x 100 cond ['@', 'T'], 0.0s old | entry 2.6146 peak 2.7000 stop 2.6146 | held 101s | P/L -20.86 (-0.97% of the trade, -0.11% of the account)
2026-10-07 08:46:40,152 INFO [v36] ENTER BIYA 164 @ 2.6500 (print 2.6500) = $435 (2% of equity) | stop 2.5400 (4.15% away) | setup trigger 2.6500
2026-10-07 08:46:40,155 INFO [v36] BIYA STARTER 164 shares (a tenth of a full position), buy 6 today - adds at 2.8000 and 2.8500 on a new high
2026-10-07 08:46:41,453 INFO [v36b] ENTER BIYA 62 @ 2.6547 (print 2.6500) = $165 (2% of equity) | stop 2.5705 (3.17% away) | setup trigger 2.6500
2026-10-07 08:46:41,455 INFO [v36b] BIYA STARTER 62 shares (a tenth of a full position), buy 4 today - adds at 2.8047 and 2.8547 on a new high
2026-10-07 08:47:59,944 INFO [v36] BIYA ADD to 50% of a full position: +621 @ 2.8000 -> 785 shares, entry 2.7685, floor 2.7685 (what the starter paid)
2026-10-07 08:48:02,742 INFO [v36] EXIT stop BIYA 785 @ 2.7789 | trigger print 2.7601 x 1381 cond ['@', 'T'], 1.5s old | entry 2.7685 peak 2.8000 stop 2.7685 | held 83s | P/L +8.17 (+0.38% of the trade, +0.04% of the account)
2026-10-07 08:48:30,577 INFO [v36b] EXIT stop BIYA 62 @ 2.5813 | trigger print 2.5703 x 141 cond ['@', 'T'], 0.0s old | entry 2.6547 peak 2.8000 stop 2.5705 | held 109s | P/L -4.55 (-2.76% of the trade, -0.07% of the account)
2026-10-07 08:52:19,734 INFO [v36b] ENTER BIYA 61 @ 2.7500 (print 2.7100) = $168 (2% of equity) | stop 2.6300 (4.36% away) | setup trigger 2.7100
2026-10-07 08:52:19,737 INFO [v36b] BIYA STARTER 61 shares (a tenth of a full position), buy 5 today - adds at 2.9000 and 2.9500 on a new high
2026-10-07 08:54:36,607 INFO [v36b] BIYA ADD to 50% of a full position: +221 @ 2.9000 -> 282 shares, entry 2.9067, floor 2.9067 (what the starter paid)
2026-10-07 08:54:38,335 INFO [v36b] EXIT stop BIYA 282 @ 2.9600 | trigger print 2.9000 x 115 cond ['@', 'T'], 1.1s old | entry 2.9067 peak 2.9000 stop 2.9067 | held 139s | P/L +15.02 (+1.83% of the trade, +0.22% of the account)
2026-10-07 08:57:53,186 INFO [v36b] ENTER BIYA 61 @ 2.6870 (print 2.6900) = $164 (2% of equity) | stop 2.5996 (3.25% away) | setup trigger 2.6800
2026-10-07 08:57:53,190 INFO [v36b] BIYA STARTER 61 shares (a tenth of a full position), buy 6 today - adds at 2.8370 and 2.8870 on a new high
2026-10-07 08:58:05,877 INFO [v36b] EXIT stop BIYA 61 @ 2.6030 | trigger print 2.5900 x 200 cond ['@', 'T'], 0.0s old | entry 2.6870 peak 2.6900 stop 2.5996 | held 13s | P/L -5.13 (-3.13% of the trade, -0.07% of the account)
2026-10-07 09:22:21,973 INFO [v36] ENTER SXTC 196 @ 2.1900 (print 2.2000) = $429 (2% of equity) | stop 2.1200 (3.20% away) | setup trigger 2.2000
2026-10-07 09:22:21,974 INFO [v36] SXTC STARTER 196 shares (a tenth of a full position), buy 1 today - adds at 2.3400 and 2.3900 on a new high
2026-10-07 09:22:22,366 INFO [v36b] ENTER SXTC 75 @ 2.1900 (print 2.2000) = $164 (2% of equity) | stop 2.1340 (2.56% away) | setup trigger 2.2000
2026-10-07 09:22:22,367 INFO [v36b] SXTC STARTER 75 shares (a tenth of a full position), buy 1 today - adds at 2.3400 and 2.3900 on a new high
2026-10-07 09:25:01,328 INFO [v36b] EXIT stop SXTC 75 @ 2.1200 | trigger print 2.1300 x 600 cond ['@', 'T'], 0.0s old | entry 2.1900 peak 2.2600 stop 2.1340 | held 159s | P/L -5.25 (-3.20% of the trade, -0.08% of the account)
2026-10-07 09:25:03,731 INFO [v36] EXIT stop SXTC 196 @ 2.1035 | trigger print 2.1200 x 140 cond ['@', 'T'], 0.0s old | entry 2.1900 peak 2.2600 stop 2.1200 | held 162s | P/L -16.96 (-3.95% of the trade, -0.09% of the account)
2026-10-07 09:49:04,425 INFO [v36b] ENTER SXTC 65 @ 2.5725 (print 2.5400) = $167 (2% of equity) | stop 2.4638 (4.22% away) | setup trigger 2.5400
2026-10-07 09:49:04,426 INFO [v36b] SXTC STARTER 65 shares (a tenth of a full position), buy 2 today - adds at 2.7225 and 2.7725 on a new high
2026-10-07 09:49:06,537 INFO [v36] ENTER SXTC 170 @ 2.5800 (print 2.5400) = $439 (2% of equity) | stop 2.4100 (6.59% away) | setup trigger 2.5400
2026-10-07 09:49:06,538 INFO [v36] SXTC STARTER 170 shares (a tenth of a full position), buy 2 today - adds at 2.7300 and 2.7800 on a new high
2026-10-07 09:49:12,869 INFO [v36b] EXIT stop SXTC 65 @ 2.4600 | trigger print 2.4600 x 300 cond ['@', 'T'], 0.0s old | entry 2.5725 peak 2.7200 stop 2.4638 | held 8s | P/L -7.31 (-4.37% of the trade, -0.11% of the account)
2026-10-07 09:49:31,120 INFO [v36] EXIT stop SXTC 170 @ 2.4100 | trigger print 2.4100 x 200 cond ['@', 'F', 'T'], 0.0s old | entry 2.5800 peak 2.7200 stop 2.4100 | held 25s | P/L -28.90 (-6.59% of the trade, -0.16% of the account)
2026-10-07 09:51:34,962 INFO [v36] ENTER SXTC 174 @ 2.4700 (print 2.4800) = $430 (2% of equity) | stop 2.3400 (5.26% away) | setup trigger 2.4800
2026-10-07 09:51:34,964 INFO [v36] SXTC STARTER 174 shares (a tenth of a full position), buy 3 today - adds at 2.6200 and 2.6700 on a new high
2026-10-07 09:51:38,420 INFO [v36b] ENTER SXTC 66 @ 2.4552 (print 2.4800) = $162 (2% of equity) | stop 2.4056 (2.02% away) | setup trigger 2.4800
2026-10-07 09:51:38,421 INFO [v36b] SXTC STARTER 66 shares (a tenth of a full position), buy 3 today - adds at 2.6052 and 2.6552 on a new high
2026-10-07 09:52:32,241 INFO [v36b] EXIT stop SXTC 66 @ 2.4000 | trigger print 2.4000 x 106 cond ['@', 'T'], 0.0s old | entry 2.4552 peak 2.4800 stop 2.4056 | held 54s | P/L -3.64 (-2.25% of the trade, -0.05% of the account)
2026-10-07 09:54:32,978 INFO [v36] EXIT stop SXTC 174 @ 2.3400 | trigger print 2.3400 x 130 cond ['@', 'T'], 0.0s old | entry 2.4700 peak 2.4800 stop 2.3400 | held 178s | P/L -22.62 (-5.26% of the trade, -0.12% of the account)
2026-10-07 10:33:28,804 INFO [v36] ENTER LPCN 163 @ 2.6100 (print 2.6400) = $425 (2% of equity) | stop 2.4100 (7.66% away) | new-high trigger 2.6400
2026-10-07 10:33:28,804 INFO [v36] LPCN STARTER 163 shares (a tenth of a full position), buy 1 today - adds at 2.7600 and 2.8100 on a new high
2026-10-07 10:33:29,003 INFO [v37] ENTER LPCN 213 @ 2.6100 (print 2.6200) = $556 (3.8% of equity) - a tenth of a position, buy 1 today | crowd #1, $1015k in 5 min | stop 2.5317 | adds at 2.7100 and 2.8100 | speed 0.07 | score 9 (speed 0 candle 1 wicks 0 bodies 1 lows 1 volume 2 trend 2 macd 1 room 1)
2026-10-07 10:33:29,548 INFO [v36b] ENTER LPCN 62 @ 2.6000 (print 2.6400) = $161 (2% of equity) | stop 2.5608 (1.51% away) | new-high trigger 2.6400
2026-10-07 10:33:29,549 INFO [v36b] LPCN STARTER 62 shares (a tenth of a full position), buy 1 today - adds at 2.7500 and 2.8000 on a new high
2026-10-07 10:33:31,107 INFO [v37] EXIT giveback LPCN 213 @ 2.5800 | trigger print 2.6100 x 375 cond ['@', 'F', 'T'], 1.5s old | entry 2.6100 peak 2.6400 stop 2.5317 | held 2s | P/L -6.39 (-1.15% of the trade, -0.04% of the account)
2026-10-07 10:33:36,128 INFO [v36b] EXIT stop LPCN 62 @ 2.5700 | trigger print 2.5600 x 138 cond ['@', 'F', 'T'], 0.0s old | entry 2.6000 peak 2.6400 stop 2.5608 | held 7s | P/L -1.86 (-1.15% of the trade, -0.03% of the account)
2026-10-07 10:36:07,416 INFO [v36] EXIT stop LPCN 163 @ 2.4025 | trigger print 2.4100 x 201 cond ['@', 'T'], 0.0s old | entry 2.6100 peak 2.6400 stop 2.4100 | held 159s | P/L -33.83 (-7.95% of the trade, -0.19% of the account)
2026-10-07 10:42:33,879 INFO [v36] ENTER LPCN 161 @ 2.6934 (print 2.6700) = $434 (2% of equity) | stop 2.5350 (5.88% away) | setup trigger 2.6700
2026-10-07 10:42:33,881 INFO [v36] LPCN STARTER 161 shares (a tenth of a full position), buy 2 today - adds at 2.8434 and 2.8934 on a new high
2026-10-07 10:42:37,267 INFO [v36b] ENTER LPCN 61 @ 2.6859 (print 2.6700) = $164 (2% of equity) | stop 2.5899 (3.57% away) | setup trigger 2.6700
2026-10-07 10:42:37,269 INFO [v36b] LPCN STARTER 61 shares (a tenth of a full position), buy 2 today - adds at 2.8359 and 2.8859 on a new high
2026-10-07 10:46:19,649 INFO [v36b] LPCN ADD to 50% of a full position: +233 @ 2.8400 -> 294 shares, entry 2.7843, floor 2.7843 (what the starter paid)
2026-10-07 10:46:29,468 INFO [v36b] EXIT stop LPCN 294 @ 2.7670 | trigger print 2.7800 x 168 cond ['@', 'T'], 0.0s old | entry 2.7843 peak 2.8400 stop 2.7843 | held 232s | P/L -5.08 (-0.62% of the trade, -0.07% of the account)
2026-10-07 10:49:47,940 INFO [v36] LPCN ADD to 50% of a full position: +602 @ 2.8450 -> 763 shares, entry 2.8152, floor 2.8152 (what the starter paid)
2026-10-07 10:49:52,747 INFO [v36] LPCN ADD to 100% of a full position: +760 @ 2.8950 -> 1523 shares, entry 2.8552, floor 2.8552 (what the starter paid)
2026-10-07 10:49:54,680 INFO [v36] EXIT stop LPCN 1523 @ 2.8600 | trigger print 2.8500 x 100 cond ['@', 'T'], 0.0s old | entry 2.8552 peak 2.9000 stop 2.8552 | held 441s | P/L +7.38 (+0.17% of the trade, +0.04% of the account)
2026-10-07 10:52:14,317 INFO [v36b] ENTER LPCN 58 @ 2.8100 (print 2.8100) = $163 (2% of equity) | stop 2.7162 (3.34% away) | setup trigger 2.8002
2026-10-07 10:52:14,320 INFO [v36b] LPCN STARTER 58 shares (a tenth of a full position), buy 3 today - adds at 2.9600 and 3.0100 on a new high
2026-10-07 10:52:17,329 INFO [v36] ENTER LPCN 153 @ 2.8136 (print 2.8100) = $430 (2% of equity) | stop 2.7100 (3.68% away) | setup trigger 2.8002
2026-10-07 10:52:17,332 INFO [v36] LPCN STARTER 153 shares (a tenth of a full position), buy 3 today - adds at 2.9636 and 3.0136 on a new high
2026-10-07 10:53:48,551 INFO [v36] LPCN ADD to 50% of a full position: +581 @ 2.9700 -> 734 shares, entry 2.9216, floor 2.9216 (what the starter paid)
2026-10-07 10:53:50,771 INFO [v36] EXIT stop LPCN 734 @ 2.9050 | trigger print 2.9200 x 250 cond ['@', 'T'], 0.0s old | entry 2.9216 peak 2.9700 stop 2.9216 | held 93s | P/L -12.16 (-0.57% of the trade, -0.07% of the account)
2026-10-07 10:53:51,574 INFO [v36b] LPCN ADD to 50% of a full position: +224 @ 2.9600 -> 282 shares, entry 2.9244, floor 2.9244 (what the starter paid)
2026-10-07 10:53:52,778 INFO [v36b] EXIT stop LPCN 282 @ 2.8900 | trigger print 2.9208 x 156 cond ['@', 'T'], 2.0s old | entry 2.9244 peak 2.9600 stop 2.9244 | held 98s | P/L -9.71 (-1.18% of the trade, -0.14% of the account)
2026-10-07 10:56:10,575 INFO [v36] ENTER LPCN 146 @ 2.9400 (print 2.9600) = $429 (2% of equity) | stop 2.8900 (1.70% away) | setup trigger 2.9600
2026-10-07 10:56:10,578 INFO [v36] LPCN STARTER 146 shares (a tenth of a full position), buy 4 today - adds at 3.0900 and 3.1400 on a new high
2026-10-07 10:56:13,483 INFO [v36b] ENTER LPCN 56 @ 2.9459 (print 2.9600) = $165 (2% of equity) | stop 2.8900 (1.90% away) | setup trigger 2.9600
2026-10-07 10:56:13,485 INFO [v36b] LPCN STARTER 56 shares (a tenth of a full position), buy 4 today - adds at 3.0959 and 3.1459 on a new high
2026-10-07 10:57:44,470 INFO [v36b] LPCN ADD to 50% of a full position: +215 @ 3.1000 -> 271 shares, entry 3.0920, floor 3.0920 (what the starter paid)
2026-10-07 10:57:45,881 INFO [v36] LPCN ADD to 50% of a full position: +563 @ 3.0900 -> 709 shares, entry 3.0704, floor 3.0704 (what the starter paid)
2026-10-07 10:57:48,070 INFO [v36b] EXIT stop LPCN 271 @ 3.0768 | trigger print 3.0900 x 100 cond ['@', 'T'], 2.0s old | entry 3.0920 peak 3.1000 stop 3.0920 | held 95s | P/L -4.10 (-0.49% of the trade, -0.06% of the account)
2026-10-07 10:57:54,325 INFO [v36] EXIT stop LPCN 709 @ 3.0709 | trigger print 3.0700 x 289 cond ['@', 'T'], 0.0s old | entry 3.0704 peak 3.1208 stop 3.0704 | held 104s | P/L +0.39 (+0.02% of the trade, +0.00% of the account)
2026-10-07 11:00:06,456 INFO [v36b] ENTER LPCN 53 @ 3.1400 (print 3.1200) = $166 (2% of equity) | stop 3.0450 (3.03% away) | setup trigger 3.1200
2026-10-07 11:00:06,459 INFO [v36b] LPCN STARTER 53 shares (a tenth of a full position), buy 5 today - adds at 3.2900 and 3.3400 on a new high
2026-10-07 11:00:12,227 INFO [v37] ENTER LPCN 168 @ 3.3500 (print 3.3000) = $563 (3.9% of equity) - a tenth of a position, buy 2 today | crowd #1, $5795k in 5 min | stop 3.2424 | adds at 3.4500 and 3.5500 | speed 0.11 | score None (the last candle closed red)
2026-10-07 11:00:12,564 INFO [v36] ENTER LPCN 107 @ 3.1400 (print 3.1200) = $336 (2% of equity) | stop 3.0450 (3.03% away) | setup trigger 3.1200
2026-10-07 11:00:12,568 INFO [v36] LPCN STARTER 107 shares (a tenth of a full position), buy 5 today - adds at 3.2900 and 3.3400 on a new high
2026-10-07 11:00:13,844 INFO [v36] LPCN ADD to 50% of a full position: +542 @ 3.2900 -> 649 shares, entry 3.3070, floor 3.3070 (what the starter paid)
2026-10-07 11:00:15,105 INFO [v37] EXIT giveback LPCN 168 @ 3.3297 | trigger print 3.3500 x 200 cond ['@', 'T'], 1.5s old | entry 3.3500 peak 3.3600 stop 3.2424 | held 3s | P/L -3.41 (-0.61% of the trade, -0.02% of the account)
2026-10-07 11:00:15,505 INFO [v36b] LPCN ADD to 50% of a full position: +200 @ 3.2900 -> 253 shares, entry 3.2702, floor 3.2702 (what the starter paid)
2026-10-07 11:00:16,371 INFO [v36] EXIT stop LPCN 649 @ 3.3095 | trigger print 3.2900 x 200 cond ['@', 'T'], 3.9s old | entry 3.3070 peak 3.2900 stop 3.3070 | held 4s | P/L +1.63 (+0.08% of the trade, +0.01% of the account)
2026-10-07 11:00:16,921 INFO [v36b] LPCN ADD to 100% of a full position: +252 @ 3.3415 -> 505 shares, entry 3.2851, floor 3.2851 (what the starter paid)
2026-10-07 11:00:19,295 INFO [v36b] EXIT stop LPCN 505 @ 3.2810 | trigger print 3.2800 x 256 cond ['@', 'T'], 1.5s old | entry 3.2851 peak 3.3415 stop 3.2851 | held 13s | P/L -2.06 (-0.12% of the trade, -0.03% of the account)
2026-10-07 11:11:42,121 INFO [v37] ENTER APUS 65 @ 8.6000 (print 8.6100) = $559 (3.8% of equity) - a tenth of a position, buy 1 today | crowd #2, $1906k in 5 min | stop 8.3420 | adds at 8.7000 and 8.8000 | speed 0.19 | score 9 (speed 1 candle 1 wicks 0 bodies 0 lows 1 volume 2 trend 2 macd 1 room 1)
2026-10-07 11:11:43,945 INFO [v37] EXIT giveback APUS 65 @ 8.5700 | trigger print 8.5300 x 100 cond [' ', 'F', 'T'], 0.0s old | entry 8.6000 peak 8.6100 stop 8.3420 | held 2s | P/L -1.95 (-0.35% of the trade, -0.01% of the account)
2026-10-07 11:16:40,392 INFO [v36b] ENTER APUS 19 @ 8.5500 (print 8.5100) = $162 (2% of equity) | stop 8.3000 (2.92% away) | setup trigger 8.5100
2026-10-07 11:16:40,393 INFO [v36b] APUS STARTER 19 shares (a tenth of a full position), buy 1 today - adds at 8.7000 and 8.7500 on a new high
2026-10-07 11:16:40,511 INFO [v36] ENTER APUS 51 @ 8.5500 (print 8.5100) = $436 (2% of equity) | stop 8.3000 (2.92% away) | setup trigger 8.5100
2026-10-07 11:16:40,512 INFO [v36] APUS STARTER 51 shares (a tenth of a full position), buy 1 today - adds at 8.7000 and 8.7500 on a new high
2026-10-07 11:17:53,226 INFO [v36b] EXIT stop APUS 19 @ 8.3000 | trigger print 8.3000 x 104 cond [' ', 'T'], 0.0s old | entry 8.5500 peak 8.6800 stop 8.3000 | held 73s | P/L -4.75 (-2.92% of the trade, -0.07% of the account)
2026-10-07 11:17:55,058 INFO [v36] EXIT stop APUS 51 @ 8.3020 | trigger print 8.3000 x 104 cond [' ', 'T'], 0.0s old | entry 8.5500 peak 8.6800 stop 8.3000 | held 74s | P/L -12.65 (-2.90% of the trade, -0.07% of the account)
2026-10-07 11:18:09,143 INFO [v36] ENTER LPCN 127 @ 3.4200 (print 3.4200) = $434 (2% of equity) | stop 3.3200 (2.92% away) | setup trigger 3.4200
2026-10-07 11:18:09,149 INFO [v36] LPCN STARTER 127 shares (a tenth of a full position), buy 6 today - adds at 3.5700 and 3.6200 on a new high
2026-10-07 11:18:10,246 INFO [v36b] ENTER LPCN 48 @ 3.4200 (print 3.4200) = $164 (2% of equity) | stop 3.3200 (2.92% away) | setup trigger 3.4200
2026-10-07 11:18:10,252 INFO [v36b] LPCN STARTER 48 shares (a tenth of a full position), buy 6 today - adds at 3.5700 and 3.6200 on a new high
2026-10-07 11:20:05,413 INFO [v36] EXIT stop LPCN 127 @ 3.3500 | trigger print 3.3200 x 100 cond ['@', 'T'], 0.0s old | entry 3.4200 peak 3.4600 stop 3.3200 | held 116s | P/L -8.89 (-2.05% of the trade, -0.05% of the account)
2026-10-07 11:20:05,773 INFO [v36b] EXIT stop LPCN 48 @ 3.3700 | trigger print 3.3200 x 100 cond ['@', 'T'], 0.0s old | entry 3.4200 peak 3.4600 stop 3.3200 | held 116s | P/L -2.40 (-1.46% of the trade, -0.03% of the account)
2026-10-07 12:09:10,814 INFO [v36b] ENTER SPAI 33 @ 4.9100 (print 4.9400) = $162 (2% of equity) | stop 4.7821 (2.60% away) | setup trigger 4.9300
2026-10-07 12:09:10,816 INFO [v36b] SPAI STARTER 33 shares (a tenth of a full position), buy 1 today - adds at 5.0600 and 5.1100 on a new high
2026-10-07 12:09:15,313 INFO [v36] ENTER SPAI 87 @ 4.9082 (print 4.9400) = $427 (2% of equity) | stop 4.4121 (10.11% away) | setup trigger 4.9300
2026-10-07 12:09:15,315 INFO [v36] SPAI STARTER 87 shares (a tenth of a full position), buy 1 today - adds at 5.0582 and 5.1082 on a new high
2026-10-07 12:09:58,876 INFO [v37] ENTER SPAI 108 @ 4.8053 (print 5.0499) = $519 (3.6% of equity) - a tenth of a position, buy 1 today | crowd #2, $3907k in 5 min | stop 4.5934 | adds at 4.9053 and 5.0053 | speed 0.20 | score None (the last candle closed red)
2026-10-07 12:09:59,208 INFO [v36b] EXIT stop SPAI 33 @ 4.7430 | trigger print 4.7801 x 100 cond ['@', 'T'], 0.0s old | entry 4.9100 peak 5.0499 stop 4.7821 | held 48s | P/L -5.51 (-3.40% of the trade, -0.08% of the account)
2026-10-07 12:10:00,032 INFO [v37] EXIT giveback SPAI 108 @ 4.6900 | trigger print 4.8000 x 290 cond ['@', 'T'], 2.0s old | entry 4.8053 peak 4.8100 stop 4.5934 | held 1s | P/L -12.45 (-2.40% of the trade, -0.09% of the account)
2026-10-07 12:12:03,160 INFO [v36] SPAI ADD to 50% of a full position: +340 @ 5.0800 -> 427 shares, entry 4.9733, floor 4.9733 (what the starter paid)
2026-10-07 12:12:05,894 INFO [v36] EXIT stop SPAI 427 @ 4.9400 | trigger print 4.9700 x 345 cond ['@', 'T'], 0.0s old | entry 4.9733 peak 5.1000 stop 4.9733 | held 171s | P/L -14.23 (-0.67% of the trade, -0.08% of the account)
2026-10-07 12:13:37,361 INFO [v36] ENTER SPAI 85 @ 4.9921 (print 5.0100) = $424 (2% of equity) | stop 4.8300 (3.25% away) | setup trigger 5.0100
2026-10-07 12:13:37,364 INFO [v36] SPAI STARTER 85 shares (a tenth of a full position), buy 2 today - adds at 5.1421 and 5.1921 on a new high
2026-10-07 12:13:38,477 INFO [v36b] ENTER SPAI 32 @ 4.9916 (print 5.0100) = $160 (2% of equity) | stop 4.8597 (2.64% away) | setup trigger 5.0100
2026-10-07 12:13:38,479 INFO [v36b] SPAI STARTER 32 shares (a tenth of a full position), buy 2 today - adds at 5.1416 and 5.1916 on a new high
2026-10-07 12:15:16,841 INFO [v36b] EXIT stop SPAI 32 @ 4.8500 | trigger print 4.8500 x 180 cond ['@', 'T'], 0.0s old | entry 4.9916 peak 5.0700 stop 4.8597 | held 98s | P/L -4.53 (-2.84% of the trade, -0.07% of the account)
2026-10-07 12:15:22,931 INFO [v36] EXIT stop SPAI 85 @ 4.8100 | trigger print 4.8300 x 682 cond ['@', 'F', 'T'], 0.0s old | entry 4.9921 peak 5.0700 stop 4.8300 | held 106s | P/L -15.48 (-3.65% of the trade, -0.09% of the account)
2026-10-07 12:16:38,460 INFO [v37] ENTER SXTC 192 @ 2.8689 (print 2.7700) = $551 (3.8% of equity) - a tenth of a position, buy 1 today | crowd #3, $2002k in 5 min | stop 2.6932 | adds at 2.9689 and 3.0689 | speed 0.40 | score 15 (speed 4 candle 2 wicks 1 bodies 1 lows 1 volume 2 trend 2 macd 1 room 1)
2026-10-07 12:16:39,939 INFO [v37] EXIT giveback SXTC 192 @ 3.2600 | trigger print 2.8700 x 963 cond ['@', 'F', 'T'], 1.8s old | entry 2.8689 peak 2.8800 stop 2.6932 | held 1s | P/L +75.09 (+13.63% of the trade, +0.52% of the account)
2026-10-07 12:17:04,517 INFO [v36] ENTER SXTC 92 @ 4.8300 (print 4.8000) = $444 (2% of equity) | stop 2.2100 (54.24% away) | new-high trigger 2.7700
2026-10-07 12:17:04,568 INFO [v36] SXTC STARTER 92 shares (a tenth of a full position), buy 4 today - adds at 4.9800 and 5.0300 on a new high
2026-10-07 12:17:06,672 INFO [v36] SXTC ADD to 50% of a full position: +352 @ 4.9900 -> 444 shares, entry 4.7745, floor 4.7745 (what the starter paid)
2026-10-07 12:17:07,161 INFO [v36b] ENTER SXTC 35 @ 4.7780 (print 4.8000) = $167 (2% of equity) | stop 2.6869 (43.77% away) | new-high trigger 2.7700
2026-10-07 12:17:07,166 INFO [v36b] SXTC STARTER 35 shares (a tenth of a full position), buy 4 today - adds at 4.9280 and 4.9780 on a new high
2026-10-07 12:17:08,446 INFO [v36] EXIT stop SXTC 444 @ 4.7500 | trigger print 4.7597 x 150 cond ['@', 'T'], 2.0s old | entry 4.7745 peak 5.0000 stop 4.7745 | held 4s | P/L -10.88 (-0.51% of the trade, -0.06% of the account)
2026-10-07 12:22:23,383 INFO [v36b] EXIT stop SXTC 35 @ 2.6600 | trigger print 2.6800 x 100 cond ['@', 'F', 'T'], 0.0s old | entry 4.7780 peak 4.8300 stop 2.6869 | held 316s | P/L -74.13 (-44.33% of the trade, -1.08% of the account)
2026-10-07 12:38:02,847 INFO [v36] ENTER MTEN 292 @ 1.4714 (print 1.4800) = $430 (2% of equity) | stop 1.4200 (3.50% away) | setup trigger 1.4800
2026-10-07 12:38:02,851 INFO [v36] MTEN STARTER 292 shares (a tenth of a full position), buy 1 today - adds at 1.6214 and 1.6714 on a new high
2026-10-07 12:38:04,651 INFO [v36b] ENTER MTEN 111 @ 1.4625 (print 1.4800) = $162 (2% of equity) | stop 1.4356 (1.84% away) | setup trigger 1.4800
2026-10-07 12:38:04,654 INFO [v36b] MTEN STARTER 111 shares (a tenth of a full position), buy 1 today - adds at 1.6125 and 1.6625 on a new high
2026-10-07 12:38:05,200 INFO [v36] EXIT stop MTEN 292 @ 1.4079 | trigger print 1.4200 x 100 cond ['@', 'T'], 0.0s old | entry 1.4714 peak 1.4800 stop 1.4200 | held 2s | P/L -18.56 (-4.32% of the trade, -0.10% of the account)
2026-10-07 12:38:05,935 INFO [v36b] EXIT stop MTEN 111 @ 1.4000 | trigger print 1.4300 x 143 cond ['@', 'T'], 1.9s old | entry 1.4625 peak 1.4800 stop 1.4356 | held 1s | P/L -6.94 (-4.28% of the trade, -0.10% of the account)
2026-10-07 13:20:49,143 INFO engine up: VERSION v31-r34.15 | v36, v37, v36b | one data connection | orphan mode adopt | baseline last_equity | quote-confirm on | odd-lot filter on | stop-ref bid | book every 120s | no entries after 19:00 | exposure cap 95% | position cap 25% | min stop 1% | session 04:00-20:00 ET | flatten 19:00 ET | dead exit 10 min
2026-10-07 13:29:39,544 INFO [v36] ENTER SXTC 133 @ 3.2309 (print 3.2300) = $430 (2% of equity) | stop 3.0000 (7.15% away) | new-high trigger 3.2300
2026-10-07 13:29:39,546 INFO [v36] SXTC STARTER 133 shares (a tenth of a full position), buy 5 today - adds at 3.3809 and 3.4309 on a new high
2026-10-07 13:30:25,985 CRITICAL [v36] SXTC STILL HOLDING 133 share(s) after 8 chase attempts - the exit did not complete. This position is unprotected until the next pass.
2026-10-07 13:30:25,985 INFO [v36] TRIM stop SXTC 0 @ 3.0000 | trigger print 3.0000 x 1200 cond ['@'], 0.0s old | entry 3.2309 peak 3.3700 stop 3.0000 | held 46s | P/L -0.00 (-7.15% of the trade, -0.00% of the account)
2026-10-07 13:30:31,243 CRITICAL [v36] SXTC STILL HOLDING 133 share(s) after 8 chase attempts - the exit did not complete. This position is unprotected until the next pass.
2026-10-07 13:30:31,243 INFO [v36] TRIM stop SXTC 0 @ 3.0000 | trigger print 3.0000 x 293 cond ['@'], 0.0s old | entry 3.2309 peak 3.3700 stop 3.0000 | held 52s | P/L -0.00 (-7.15% of the trade, -0.00% of the account)
2026-10-07 13:30:40,897 CRITICAL [v36] SXTC STILL HOLDING 133 share(s) after 8 chase attempts - the exit did not complete. This position is unprotected until the next pass.
2026-10-07 13:30:40,897 INFO [v36] TRIM stop SXTC 0 @ 3.0000 | trigger print 3.0000 x 1707 cond ['@'], 3.8s old | entry 3.2309 peak 3.3700 stop 3.0000 | held 61s | P/L -0.00 (-7.15% of the trade, -0.00% of the account)
2026-10-07 13:30:51,345 CRITICAL [v36] SXTC STILL HOLDING 133 share(s) after 8 chase attempts - the exit did not complete. This position is unprotected until the next pass.
2026-10-07 13:30:51,345 INFO [v36] TRIM stop SXTC 0 @ 2.7300 | trigger print 2.7300 x 400 cond ['@'], 1.5s old | entry 3.2309 peak 3.3700 stop 3.0000 | held 72s | P/L -0.00 (-15.50% of the trade, -0.00% of the account)
2026-10-07 13:31:21,969 CRITICAL [v36] SXTC STILL HOLDING 133 share(s) after 8 chase attempts - the exit did not complete. This position is unprotected until the next pass.
2026-10-07 13:31:21,969 INFO [v36] TRIM stop SXTC 0 @ 2.8200 | trigger print 2.8200 x 200 cond ['@'], 7.4s old | entry 3.2309 peak 3.3700 stop 3.0000 | held 102s | P/L -0.00 (-12.72% of the trade, -0.00% of the account)
2026-10-07 13:32:05,679 CRITICAL [v36] SXTC STILL HOLDING 133 share(s) after 8 chase attempts - the exit did not complete. This position is unprotected until the next pass.
2026-10-07 13:32:05,680 INFO [v36] TRIM stop SXTC 0 @ 2.7300 | trigger print 2.7300 x 100 cond ['@'], 27.0s old | entry 3.2309 peak 3.3700 stop 3.0000 | held 146s | P/L -0.00 (-15.50% of the trade, -0.00% of the account)
2026-10-07 13:32:45,611 CRITICAL [v36] SXTC STILL HOLDING 133 share(s) after 8 chase attempts - the exit did not complete. This position is unprotected until the next pass.
2026-10-07 13:32:45,611 INFO [v36] TRIM stop SXTC 0 @ 2.6600 | trigger print 2.6600 x 154 cond ['@'], 18.1s old | entry 3.2309 peak 3.3700 stop 3.0000 | held 186s | P/L -0.00 (-17.67% of the trade, -0.00% of the account)
2026-10-07 13:33:29,300 CRITICAL [v36] SXTC STILL HOLDING 133 share(s) after 8 chase attempts - the exit did not complete. This position is unprotected until the next pass.
2026-10-07 13:33:29,300 INFO [v36] TRIM stop SXTC 0 @ 2.7000 | trigger print 2.7000 x 200 cond ['@'], 18.0s old | entry 3.2309 peak 3.3700 stop 3.0000 | held 230s | P/L -0.00 (-16.43% of the trade, -0.00% of the account)
2026-10-07 13:34:18,257 CRITICAL [v36] SXTC STILL HOLDING 133 share(s) after 8 chase attempts - the exit did not complete. This position is unprotected until the next pass.
2026-10-07 13:34:18,257 INFO [v36] TRIM stop SXTC 0 @ 3.0000 | trigger print 3.0000 x 200 cond ['@'], 0.0s old | entry 3.2309 peak 3.3700 stop 3.0000 | held 279s | P/L -0.00 (-7.15% of the trade, -0.00% of the account)
2026-10-07 13:34:53,985 CRITICAL [v36] SXTC STILL HOLDING 133 share(s) after 8 chase attempts - the exit did not complete. This position is unprotected until the next pass.
2026-10-07 13:34:57,129 INFO [v36] TRIM stop SXTC 0 @ 3.0000 | trigger print 3.0000 x 890 cond ['@'], 0.0s old | entry 3.2309 peak 3.3700 stop 3.0000 | held 314s | P/L -0.00 (-7.15% of the trade, -0.00% of the account)
2026-10-07 13:35:43,665 CRITICAL [v36] SXTC STILL HOLDING 8 share(s) after 8 chase attempts - the exit did not complete. This position is unprotected until the next pass.
2026-10-07 13:35:43,665 INFO [v36] TRIM stop SXTC 125 @ 2.7800 | trigger print 2.8800 x 230 cond ['@'], 26.3s old | entry 3.2309 peak 3.3700 stop 3.0000 | held 364s | P/L -56.36 (-13.96% of the trade, -0.31% of the account)
2026-10-07 13:35:58,744 INFO [v36] EXIT stop SXTC 8 @ 2.8562 | trigger print 2.8500 x 100 cond ['@'], 51.4s old | entry 3.2309 peak 3.3700 stop 3.0000 | held 379s | P/L -3.00 (-11.60% of the trade, -0.02% of the account)
2026-10-07 13:52:38,950 INFO [v37] ENTER WETO 1013 @ 1.2606 (print 1.3300) = $1277 (8.7% of equity) - ACCELERATING 0.26, 10% of the account, buy 1 today | crowd #6, $1235k in 5 min | stop 1.2227 | adds at 1.3606 and 1.4606 | speed 0.06 | score 11 (speed 0 candle 2 wicks 1 bodies 1 lows 1 volume 2 trend 2 macd 1 room 1)
2026-10-07 13:52:51,890 INFO [v37] EXIT stop WETO 1013 @ 1.1932 | trigger print 1.2200 x 1600 cond ['@'], 0.0s old | entry 1.2606 peak 1.2606 stop 1.2227 | held 13s | P/L -68.26 (-5.35% of the trade, -0.47% of the account)
2026-10-07 13:58:36,968 INFO [v36] ENTER APUS 48 @ 8.9781 (print 8.9600) = $431 (2% of equity) | stop 8.1500 (9.22% away) | new-high trigger 8.9500
2026-10-07 13:58:36,970 INFO [v36] APUS STARTER 48 shares (a tenth of a full position), buy 2 today - adds at 9.1281 and 9.1781 on a new high
2026-10-07 13:58:42,494 INFO [v36b] ENTER APUS 4 @ 8.7700 (print 8.9600) = $35 (1% of equity) | stop 8.6823 (1.00% away) | new-high trigger 8.9500
2026-10-07 13:58:42,496 INFO [v36b] APUS STARTER 4 shares (a tenth of a full position), buy 2 today - adds at 8.9200 and 8.9700 on a new high
2026-10-07 13:58:51,464 INFO [v36b] EXIT stop APUS 4 @ 8.3200 | trigger print 8.5900 x 100 cond [' '], 1.9s old | entry 8.7700 peak 8.9600 stop 8.6823 | held 9s | P/L -1.80 (-5.13% of the trade, -0.03% of the account)
2026-10-07 13:59:08,387 INFO [v36] EXIT stop APUS 48 @ 8.0787 | trigger print 8.1500 x 170 cond [' '], 0.0s old | entry 8.9781 peak 8.9781 stop 8.1500 | held 31s | P/L -43.17 (-10.02% of the trade, -0.24% of the account)
2026-10-07 14:07:54,561 INFO engine up: VERSION v31-r34.16 | v36, v37, v36b | one data connection | orphan mode adopt | baseline last_equity | quote-confirm on | odd-lot filter on | stop-ref bid | book every 120s | no entries after 19:00 | exposure cap 95% | position cap 25% | min stop 1% | session 04:00-20:00 ET | flatten 19:00 ET | dead exit 10 min
2026-10-07 14:16:41,958 INFO engine up: VERSION v31-r34.17 | v36, v37, v36b | one data connection | orphan mode adopt | baseline last_equity | quote-confirm on | odd-lot filter on | stop-ref bid | book every 120s | no entries after 19:00 | exposure cap 95% | position cap 25% | min stop 1% | session 04:00-20:00 ET | flatten 19:00 ET | dead exit 10 min
2026-10-07 14:18:53,430 INFO [v36b] ENTER APUS 17 @ 9.3800 (print 9.3000) = $159 (2% of equity) | stop 9.0210 (3.83% away) | new-high trigger 9.1900
2026-10-07 14:18:53,431 INFO [v36b] APUS STARTER 17 shares (a tenth of a full position), buy 3 today - adds at 9.5300 and 9.5800 on a new high
2026-10-07 14:18:57,131 INFO [v36] ENTER APUS 47 @ 9.3181 (print 9.3000) = $438 (2% of equity) | stop 8.6000 (7.71% away) | new-high trigger 9.1900
2026-10-07 14:18:57,132 INFO [v36] APUS STARTER 47 shares (a tenth of a full position), buy 3 today - adds at 9.4681 and 9.5181 on a new high
2026-10-07 14:19:17,726 INFO [v36b] EXIT stop APUS 17 @ 8.8141 | trigger print 9.0000 x 300 cond [' ', 'F'], 0.0s old | entry 9.3800 peak 9.3800 stop 9.0210 | held 24s | P/L -9.62 (-6.03% of the trade, -0.14% of the account)
2026-10-07 14:21:21,853 INFO [v36b] ENTER APUS 5 @ 9.4800 (print 9.4478) = $47 (1% of equity) | stop 9.1644 (3.33% away) | new-high trigger 9.4300
2026-10-07 14:21:21,855 INFO [v36b] APUS STARTER 5 shares (a tenth of a full position), buy 4 today - adds at 9.6300 and 9.6800 on a new high
2026-10-07 14:21:24,871 INFO [v36b] EXIT stop APUS 5 @ 8.9780 | trigger print 9.1600 x 100 cond [' ', 'F'], 1.0s old | entry 9.4800 peak 9.4800 stop 9.1644 | held 3s | P/L -2.51 (-5.30% of the trade, -0.04% of the account)
2026-10-07 14:25:08,658 INFO [v36] APUS ADD to 50% of a full position: +116 @ 9.5600 -> 163 shares, entry 9.3923, floor 9.3923 (what the starter paid)
2026-10-07 14:25:13,990 INFO [v36] EXIT stop APUS 163 @ 9.3500 | trigger print 9.3820 x 250 cond [' '], 5.8s old | entry 9.3923 peak 9.5600 stop 9.3923 | held 377s | P/L -6.90 (-0.45% of the trade, -0.04% of the account)
2026-10-07 14:29:18,694 INFO engine up: VERSION v31-r34.18 | v36, v37, v36b | one data connection | orphan mode adopt | baseline last_equity | quote-confirm on | odd-lot filter on | stop-ref bid | book every 120s | no entries after 19:00 | exposure cap 95% | position cap 25% | min stop 1% | session 04:00-20:00 ET | flatten 19:00 ET | dead exit 10 min
2026-10-07 14:56:27,438 INFO engine up: VERSION v31-r34.19 | v36, v37, v36b | one data connection | orphan mode adopt | baseline last_equity | quote-confirm on | odd-lot filter on | stop-ref bid | book every 120s | no entries after 19:00 | exposure cap 95% | position cap 25% | min stop 1% | session 04:00-20:00 ET | flatten 19:00 ET | dead exit 10 min
2026-10-07 15:28:39,659 INFO [v36] ENTER DKI 155 @ 2.7400 (print 2.7300) = $425 (2% of equity) | stop 2.6100 (4.74% away) | setup trigger 2.6800
2026-10-07 15:28:39,659 INFO [v36] DKI STARTER 155 shares (a tenth of a full position), buy 1 today - adds at 2.8900 and 2.9400 on a new high
2026-10-07 15:28:43,898 INFO [v36b] ENTER DKI 59 @ 2.7339 (print 2.7300) = $161 (2% of equity) | stop 2.6481 (3.14% away) | setup trigger 2.6800
2026-10-07 15:28:43,899 INFO [v36b] DKI STARTER 59 shares (a tenth of a full position), buy 1 today - adds at 2.8839 and 2.9339 on a new high
2026-10-07 15:36:32,307 INFO [v36b] DKI BUY SHORT - wanted 183, got 112 at a limit up to 3.5700: out of time (6s)
2026-10-07 15:36:32,330 INFO [v36] DKI BUY SHORT - wanted 481, got 0 at a limit up to 3.5700: out of time (6s)
2026-10-07 15:36:32,380 INFO [v36b] DKI ADD to 50% of a full position: +112 @ 3.4000 -> 171 shares, entry 3.1636, floor 3.1636 (what the starter paid)
2026-10-07 15:36:39,164 INFO [v36] DKI ADD to 50% of a full position: +494 @ 3.3300 -> 649 shares, entry 3.1282, floor 3.1282 (what the starter paid)
2026-10-07 15:36:43,674 WARNING [v36b] cancelled 1 working order(s) on DKI
2026-10-07 15:36:44,150 INFO [v36b] DKI BUY SHORT - wanted 327, got 252 at a limit up to 3.4860: out of time (6s)
2026-10-07 15:36:44,225 INFO [v36b] DKI ADD to 100% of a full position: +252 @ 3.3150 -> 423 shares, entry 3.1696, floor 3.1696 (what the starter paid)
2026-10-07 15:36:47,149 INFO [v36] EXIT stop DKI 649 @ 3.0600 | trigger print 3.0700 x 325 cond ['@'], 0.0s old | entry 3.1282 peak 3.5199 stop 3.1282 | held 487s | P/L -44.26 (-2.18% of the trade, -0.25% of the account)
2026-10-07 15:36:47,415 INFO [v36b] EXIT stop DKI 423 @ 3.0600 | trigger print 3.0700 x 325 cond ['@'], 0.0s old | entry 3.1696 peak 3.4200 stop 3.1696 | held 484s | P/L -46.34 (-3.46% of the trade, -0.68% of the account)
2026-10-07 15:37:19,205 WARNING [v36] cancelled 1 working order(s) on DKI
2026-10-07 15:37:19,766 INFO [v36] ENTER DKI 118 @ 3.4431 (print 3.5700) = $406 (2% of equity) | stop 2.8707 (16.63% away) | new-high trigger 3.5699
2026-10-07 15:37:19,767 INFO [v36] DKI STARTER 118 shares (a tenth of a full position), buy 2 today - adds at 3.5931 and 3.6431 on a new high
2026-10-07 15:37:19,808 WARNING [v36b] cancelled 1 working order(s) on DKI
2026-10-07 15:37:20,280 INFO [v36b] DKI BUY SHORT - wanted 45, got 43 at a limit up to 3.7485: out of time (6s)
2026-10-07 15:37:20,350 INFO [v36b] ENTER DKI 43 @ 3.5102 (print 3.5700) = $151 (2% of equity) | stop 3.4629 (1.35% away) | new-high trigger 3.5699
2026-10-07 15:37:20,351 INFO [v36b] DKI STARTER 43 shares (a tenth of a full position), buy 2 today - adds at 3.6602 and 3.7102 on a new high
2026-10-07 15:37:34,084 WARNING [v36b] cancelled 1 working order(s) on DKI
2026-10-07 15:37:35,946 WARNING [v36b] cancelled 1 working order(s) on DKI
2026-10-07 15:37:39,656 WARNING [v36b] cancelled 1 working order(s) on DKI
2026-10-07 15:37:41,675 WARNING [v36b] cancelled 1 working order(s) on DKI
2026-10-07 15:37:44,595 INFO [v36b] EXIT stop DKI 43 @ 3.3412 | trigger print 3.3121 x 700 cond ['@'], 0.0s old | entry 3.5102 peak 3.5700 stop 3.4629 | held 24s | P/L -7.27 (-4.82% of the trade, -0.11% of the account)
2026-10-07 15:51:53,388 INFO [v36] EXIT stop DKI 118 @ 2.8400 | trigger print 2.8700 x 272 cond ['@'], 0.0s old | entry 3.4431 peak 3.5900 stop 2.8707 | held 874s | P/L -71.17 (-17.52% of the trade, -0.40% of the account)
2026-10-07 15:58:51,954 INFO engine up: VERSION v31-r34.20 | v36, v37, v36b | one data connection | orphan mode adopt | baseline last_equity | quote-confirm on | odd-lot filter on | stop-ref bid | book every 120s | no entries after 19:00 | exposure cap 95% | position cap 25% | min stop 1% | session 04:00-20:00 ET | flatten 19:00 ET | dead exit 10 min
2026-10-07 16:05:45,390 INFO engine up: VERSION v31-r34.21 | v36, v37, v36b | one data connection | orphan mode adopt | baseline last_equity | quote-confirm on | odd-lot filter on | stop-ref bid | book every 120s | no entries after 19:00 | exposure cap 95% | position cap 25% | min stop 1% | session 04:00-20:00 ET | flatten 19:00 ET | dead exit 10 min
2026-10-07 16:25:34,840 INFO [v37] FFR BUY SHORT - wanted 2183, got 0 at a limit up to inf: filled at up to 2.1300 (the ask + 0.20)
2026-10-07 16:36:32,182 INFO engine up: VERSION v31-r34.22 | v36, v37, v36b | one data connection | orphan mode adopt | baseline last_equity | quote-confirm on | odd-lot filter on | stop-ref bid | book every 120s | no entries after 19:00 | exposure cap 95% | position cap 25% | min stop 1% | session 04:00-20:00 ET | flatten 19:00 ET | dead exit 10 min
2026-10-07 17:35:45,134 INFO engine up: VERSION v31-r34.23 | v36, v37, v36b | one data connection | orphan mode adopt | baseline last_equity | quote-confirm on | odd-lot filter on | stop-ref bid | book every 120s | no entries after 19:00 | exposure cap 95% | position cap 25% | min stop 1% | session 04:00-20:00 ET | flatten 19:00 ET | dead exit 10 min
2026-10-07 17:36:08,450 WARNING [v36] cancelled 1 working order(s) on SXTC
2026-10-07 17:36:08,994 INFO [v36] ENTER SXTC 59 @ 7.0100 (print 7.1200) = $414 (2% of equity) | stop 6.9399 (1.00% away) | new-high trigger 7.1200
2026-10-07 17:36:09,000 INFO [v36] SXTC STARTER 59 shares (a tenth of a full position), buy 6 today - adds at 7.1600 and 7.2100 on a new high
2026-10-07 17:36:09,414 WARNING [v36b] cancelled 1 working order(s) on SXTC
2026-10-07 17:36:09,935 INFO [v36b] ENTER SXTC 22 @ 6.9200 (print 7.1200) = $152 (2% of equity) | stop 6.8508 (1.00% away) | new-high trigger 7.1200
2026-10-07 17:36:09,941 INFO [v36b] SXTC STARTER 22 shares (a tenth of a full position), buy 5 today - adds at 7.0700 and 7.1200 on a new high
2026-10-07 17:36:11,995 WARNING [v36b] cancelled 1 working order(s) on SXTC
2026-10-07 17:36:12,793 INFO [v36] EXIT stop SXTC 59 @ 6.7669 | trigger print 6.9300 x 200 cond ['@', 'F'], 1.3s old | entry 7.0100 peak 7.1200 stop 6.9399 | held 4s | P/L -14.34 (-3.47% of the trade, -0.08% of the account)
2026-10-07 17:36:15,052 WARNING [v36b] cancelled 1 working order(s) on SXTC
2026-10-07 17:36:17,964 INFO [v36b] EXIT stop SXTC 22 @ 6.7768 | trigger print 6.8400 x 127 cond ['@'], 0.8s old | entry 6.9200 peak 7.1200 stop 6.8508 | held 8s | P/L -3.15 (-2.07% of the trade, -0.05% of the account)
2026-10-07 17:40:05,038 INFO [v36] SXTC STARTER sized for its stop: 58 -> 47 shares ($342) - the stop 6.9900 is 3.9% under 7.2700, $13 at risk
2026-10-07 17:40:06,193 WARNING [v37] cancelled 1 working order(s) on SXTC
2026-10-07 17:40:06,659 INFO [v37] SXTC BUY SHORT - wanted 626, got 0 at a limit up to inf: filled at up to 7.9500 (the ask + 0.20)
2026-10-07 17:40:07,701 INFO [v37] ENTER SXTC 625 @ 7.7500 (print 7.7299) = $4844 (33.3% of equity) - ACCELERATING 0.46, 35% of the account, buy 2 today | crowd #1, $25445k in 5 min | stop 7.6500 | adds at 7.8500 and 7.9500 | speed 0.46 | score 13 (speed 4 candle 2 wicks 1 bodies 1 lows 1 volume 0 trend 2 macd 1 room 1)
2026-10-07 17:40:11,742 INFO [v36] SXTC BUY SHORT - wanted 47, got 0 at a limit up to 7.6335: out of time (6s) - the ask 7.7500 is past the ceiling
2026-10-07 17:40:11,757 INFO [v36] FURIOUS SXTC at 7.7200: speed 0.36, 5s +7.8% on $1217k - trend, tape and room set aside
2026-10-07 17:40:12,018 WARNING [v36b] cancelled 1 working order(s) on SXTC
2026-10-07 17:40:12,478 INFO [v36b] SXTC BUY SHORT - wanted 22, got 0 at a limit up to 7.6335: out of time (6s) - the ask 7.7500 is past the ceiling
2026-10-07 17:40:12,485 INFO [v36b] FURIOUS SXTC at 7.7200: speed 0.36, 5s +7.8% on $1217k - trend, tape and room set aside
2026-10-07 17:40:15,092 INFO [v36b] ENTER SXTC 208 @ 7.3500 (print 7.7200) = $1529 (23% of equity) | stop 7.2765 (1.00% away) | new-high trigger 7.2600
2026-10-07 17:40:15,096 INFO [v36b] SXTC FULL POSITION 208 shares at once (furious), buy 5 today - stop 7.2765, line $7.50
2026-10-07 17:40:16,933 WARNING [v37] cancelled 1 working order(s) on SXTC
2026-10-07 17:40:17,674 WARNING [v36b] cancelled 1 working order(s) on SXTC
2026-10-07 17:40:18,175 INFO [v36] ENTER SXTC 547 @ 7.7338 (print 7.7200) = $4230 (24% of equity) | stop 7.4900 (3.15% away) | new-high trigger 7.2600
2026-10-07 17:40:18,179 INFO [v36] SXTC FULL POSITION 547 shares at once (furious), buy 6 today - stop 7.6338, line $7.50
2026-10-07 17:40:18,965 WARNING [v37] cancelled 1 working order(s) on SXTC
2026-10-07 17:40:19,997 WARNING [v36] cancelled 1 working order(s) on SXTC
2026-10-07 17:40:21,125 INFO [v36b] EXIT giveback SXTC 208 @ 7.3198 | trigger print 7.4000 x 100 cond ['@', 'F'], 1.1s old | entry 7.3500 peak 7.7200 stop 7.2765 | held 6s | P/L -6.29 (-0.41% of the trade, -0.09% of the account)
2026-10-07 17:40:21,586 INFO [v37] EXIT stop SXTC 625 @ 7.2857 | trigger print 7.4900 x 200 cond ['@'], 0.0s old | entry 7.7500 peak 7.7500 stop 7.6500 | held 14s | P/L -290.19 (-5.99% of the trade, -2.04% of the account)
2026-10-07 17:40:23,114 INFO [v36] EXIT stop SXTC 547 @ 7.3174 | trigger print 7.4299 x 300 cond ['@'], 13.2s old | entry 7.7338 peak 7.7338 stop 7.6338 | held 5s | P/L -227.76 (-5.38% of the trade, -1.30% of the account)
2026-10-07 17:55:46,398 INFO [v36] SXTC STARTER sized for its stop: 52 -> 33 shares ($260) - the stop 7.4900 is 4.9% under 7.8800, $13 at risk
2026-10-07 17:55:51,415 INFO [v36b] ENTER SXTC 20 @ 7.9130 (print 7.8800) = $158 (2% of equity) | stop 7.6436 (3.40% away) | new-high trigger 7.7900
2026-10-07 17:55:51,419 INFO [v36b] SXTC STARTER 20 shares (a tenth of a full position), buy 6 today - adds at 8.0630 and 8.1130 on a new high
2026-10-07 17:55:53,175 INFO [v36b] EXIT stop SXTC 20 @ 7.4400 | trigger print 7.5700 x 100 cond ['@', 'F'], 0.1s old | entry 7.9130 peak 7.9130 stop 7.6436 | held 2s | P/L -9.46 (-5.98% of the trade, -0.14% of the account)
2026-10-07 17:55:53,813 WARNING [v36] cancelled 1 working order(s) on SXTC
2026-10-07 17:55:54,272 INFO [v36] SXTC BUY SHORT - wanted 33, got 18 at a limit up to 8.2740: out of time (6s)
2026-10-07 17:55:54,333 INFO [v36] ENTER SXTC 18 @ 7.9200 (print 7.8800) = $143 (1% of equity) | stop 7.4900 (5.43% away) | new-high trigger 7.7900
2026-10-07 17:55:54,337 INFO [v36] SXTC STARTER 18 shares (a tenth of a full position), buy 7 today - adds at 8.0700 and 8.1200 on a new high
2026-10-07 17:55:56,265 WARNING [v36] cancelled 1 working order(s) on SXTC
2026-10-07 17:55:59,087 INFO [v36] EXIT stop SXTC 18 @ 7.4339 | trigger print 7.4300 x 110 cond ['@', 'F'], 3.0s old | entry 7.9200 peak 7.9200 stop 7.4900 | held 5s | P/L -8.75 (-6.14% of the trade, -0.05% of the account)
2026-10-07 17:56:06,971 INFO engine up: VERSION v31-r34.24 | v36, v37, v36b | one data connection | orphan mode adopt | baseline last_equity | quote-confirm on | odd-lot filter on | stop-ref bid | book every 120s | no entries after 19:00 | exposure cap 95% | position cap 25% | min stop 1% | session 04:00-20:00 ET | flatten 19:00 ET | dead exit 10 min
2026-10-07 17:56:10,903 INFO [v36b] FURIOUS SXTC at 7.9500: speed 0.40, 5s +7.4% on $616k - trend, tape and room set aside
2026-10-07 17:56:11,088 INFO [v36] FURIOUS SXTC at 7.9500: speed 0.38, 5s +7.4% on $616k - trend, tape and room set aside
2026-10-07 17:56:11,183 INFO [v36] FURIOUS SXTC at 7.9200: speed 0.37, 5s +7.0% on $618k - trend, tape and room set aside
2026-10-07 17:56:12,920 WARNING [v36b] cancelled 1 working order(s) on SXTC
2026-10-07 17:56:13,447 INFO [v36b] ENTER SXTC 202 @ 7.7200 (print 7.9500) = $1559 (23% of equity) | stop 7.6428 (1.00% away) | new-high trigger 7.9100
2026-10-07 17:56:13,482 INFO [v36b] SXTC FULL POSITION 202 shares at once (furious), buy 7 today - stop 7.6428, line $7.50
2026-10-07 17:56:17,975 INFO [v36] SXTC BUY SHORT - wanted 526, got 524 at a limit up to 8.3160: out of time (6s)
2026-10-07 17:56:18,034 INFO [v36] ENTER SXTC 524 @ 7.7237 (print 7.9200) = $4047 (23% of equity) | stop 7.4900 (3.03% away) | new-high trigger 7.9100
2026-10-07 17:56:18,039 INFO [v36] SXTC FULL POSITION 524 shares at once (furious), buy 8 today - stop 7.6237, line $7.50
2026-10-07 17:56:18,759 WARNING [v36b] cancelled 1 working order(s) on SXTC
2026-10-07 17:56:19,570 WARNING [v36] cancelled 1 working order(s) on SXTC
2026-10-07 17:56:21,140 INFO [v36b] EXIT stop SXTC 202 @ 7.4857 | trigger print 7.6300 x 100 cond ['@'], 0.0s old | entry 7.7200 peak 7.9500 stop 7.6428 | held 8s | P/L -47.32 (-3.03% of the trade, -0.71% of the account)
2026-10-07 17:56:21,715 WARNING [v36] cancelled 1 working order(s) on SXTC
2026-10-07 17:56:23,746 WARNING [v36] cancelled 1 working order(s) on SXTC
2026-10-07 17:56:25,475 WARNING [v36] cancelled 1 working order(s) on SXTC
2026-10-07 17:56:27,247 INFO [v36] EXIT stop SXTC 524 @ 7.4971 | trigger print 7.5900 x 2700 cond ['@'], 7.0s old | entry 7.7237 peak 7.9200 stop 7.6237 | held 9s | P/L -118.78 (-2.93% of the trade, -0.68% of the account)
2026-10-07 17:59:19,138 INFO [v36] FURIOUS SXTC at 8.7500: speed 0.33, 5s +0.1% on $384k - trend, tape and room set aside
2026-10-07 17:59:19,148 INFO [v36b] FURIOUS SXTC at 8.7500: speed 0.33, 5s +0.1% on $384k - trend, tape and room set aside
2026-10-07 17:59:26,383 WARNING [v36] cancelled 1 working order(s) on SXTC
2026-10-07 17:59:26,473 WARNING [v36b] cancelled 1 working order(s) on SXTC
2026-10-07 17:59:26,853 INFO [v36] SXTC BUY SHORT - wanted 473, got 404 at a limit up to 9.1875: out of time (6s)
2026-10-07 17:59:26,998 INFO [v36] ENTER SXTC 404 @ 8.8961 (print 8.7500) = $3594 (21% of equity) | stop 8.4900 (4.56% away) | new-high trigger 8.7400
2026-10-07 17:59:27,000 INFO [v36] SXTC FULL POSITION 404 shares at once (furious), buy 9 today - stop 8.7961, line $8.50
2026-10-07 17:59:27,001 INFO [v36] SXTC the market 8.7200 x 8.7800 is at the stop 8.7961 - out
2026-10-07 17:59:27,070 INFO [v36b] SXTC BUY SHORT - wanted 182, got 180 at a limit up to 9.1875: out of time (6s)
2026-10-07 17:59:27,142 INFO [v36b] ENTER SXTC 180 @ 8.7305 (print 8.7500) = $1571 (23% of equity) | stop 8.4900 (2.75% away) | new-high trigger 8.7400
2026-10-07 17:59:27,144 INFO [v36b] SXTC FULL POSITION 180 shares at once (furious), buy 8 today - stop 8.6305, line $8.50
2026-10-07 17:59:27,807 INFO [v36b] SXTC the market 8.5800 x 8.6300 is at the stop 8.6305 - out
2026-10-07 17:59:29,357 INFO [v36] EXIT stop SXTC 404 @ 8.5958 | trigger print 8.7500 x 100 cond ['@', 'F'], 7.9s old | entry 8.8961 peak 8.8961 stop 8.7961 | held 2s | P/L -121.32 (-3.38% of the trade, -0.70% of the account)
2026-10-07 17:59:29,367 INFO [v36] FURIOUS SXTC at 8.8400: speed 0.31, 5s +1.1% on $400k - trend, tape and room set aside
2026-10-07 17:59:30,191 INFO [v36b] EXIT stop SXTC 180 @ 8.6700 | trigger print 8.6900 x 767 cond ['@'], 0.0s old | entry 8.7305 peak 8.8100 stop 8.6305 | held 3s | P/L -10.89 (-0.69% of the trade, -0.16% of the account)
2026-10-07 17:59:31,503 INFO [v36] ENTER SXTC 467 @ 8.9300 (print 8.8400) = $4170 (24% of equity) | stop 8.4900 (4.93% away) | new-high trigger 8.7900
2026-10-07 17:59:31,506 INFO [v36] SXTC FULL POSITION 467 shares at once (furious), buy 10 today - stop 8.8300, line $8.50
2026-10-07 17:59:37,540 INFO [v36] EXIT stop SXTC 467 @ 8.6364 | trigger print 8.8300 x 100 cond ['@'], 11.4s old | entry 8.9300 peak 9.0200 stop 8.8300 | held 6s | P/L -137.09 (-3.29% of the trade, -0.80% of the account)
2026-10-07 18:07:28,211 INFO engine up: VERSION v31-r34.25 | v36, v37, v36b | one data connection | orphan mode adopt | baseline last_equity | quote-confirm on | odd-lot filter on | stop-ref bid | book every 120s | no entries after 19:00 | exposure cap 95% | position cap 25% | min stop 1% | session 04:00-20:00 ET | flatten 19:00 ET | dead exit 10 min
2026-10-07 18:11:40,599 INFO [v36] FURIOUS CPHI at 1.0700: speed 0.31, 5s +2.4% on $236k - trend, tape and room set aside
2026-10-07 18:11:40,604 INFO [v36b] FURIOUS CPHI at 1.0700: speed 0.31, 5s +2.4% on $236k - trend, tape and room set aside
2026-10-07 18:11:44,920 INFO [v36b] ENTER CPHI 1487 @ 1.0600 (print 1.0700) = $1576 (24% of equity) | stop 1.0379 (2.08% away) | new-high trigger 1.0600
2026-10-07 18:11:44,923 INFO [v36b] CPHI FULL POSITION 1487 shares at once (furious), buy 1 today - stop 1.0379, line $1.00
2026-10-07 18:11:45,220 INFO [v36b] CPHI SELL 1487 at MARKET
2026-10-07 18:11:48,001 WARNING [v36] cancelled 1 working order(s) on CPHI
2026-10-07 18:11:48,473 INFO [v36] CPHI BUY SHORT - wanted 3813, got 3552 at a limit up to 1.1235: out of time (6s)
2026-10-07 18:11:48,545 INFO [v36] ENTER CPHI 3552 @ 1.0654 (print 1.0700) = $3784 (22% of equity) | stop 0.9900 (7.08% away) | new-high trigger 1.0600
2026-10-07 18:11:48,547 INFO [v36] CPHI FULL POSITION 3552 shares at once (furious), buy 1 today - stop 0.9900, line $1.00
2026-10-07 18:11:50,869 INFO [v36b] EXIT stop CPHI 1487 @ 1.0130 | trigger print 1.0300 x 100 cond [' '], 0.4s old | entry 1.0600 peak 1.0600 stop 1.0379 | held 6s | P/L -69.91 (-4.44% of the trade, -1.06% of the account)
2026-10-07 18:12:04,055 WARNING [v36] ADOPTED CPHI: 3552 shares held, stop 1.0554
2026-10-07 18:12:05,527 INFO [v36] CPHI SELL 3552 at MARKET
2026-10-07 18:12:06,346 INFO engine up: VERSION v31-r34.26 | v36, v37, v36b | one data connection | orphan mode adopt | baseline last_equity | quote-confirm on | odd-lot filter on | stop-ref bid | book every 120s | no entries after 19:00 | exposure cap 95% | position cap 25% | min stop 1% | session 04:00-20:00 ET | flatten 19:00 ET | dead exit 10 min
2026-10-07 18:12:06,727 INFO [v36] EXIT stop CPHI 3552 @ 0.9926 | trigger print 0.9900 x 500 cond [' ', 'F'], 0.0s old | entry 1.0654 peak 1.0700 stop 0.9900 | held 18s | P/L -258.61 (-6.83% of the trade, -1.52% of the account)
2026-10-07 18:12:06,932 INFO [v36] TRIM stop CPHI 0 @ 1.0050 | trigger print 1.0050 x 370 cond [' '], 0.0s old | entry 1.0654 peak 1.0200 stop 1.0554 | held 0s | P/L -0.00 (-5.67% of the trade, -0.00% of the account)
2026-10-07 18:12:07,081 INFO [v36] TRIM stop CPHI 0 @ 1.0050 | trigger print 1.0050 x 658 cond [' '], 0.1s old | entry 1.0654 peak 1.0200 stop 1.0554 | held 0s | P/L -0.00 (-5.67% of the trade, -0.00% of the account)
2026-10-07 18:12:07,232 INFO [v36] TRIM stop CPHI 0 @ 1.0068 | trigger print 1.0068 x 1000 cond [' '], 0.2s old | entry 1.0654 peak 1.0200 stop 1.0554 | held 0s | P/L -0.00 (-5.50% of the trade, -0.00% of the account)
2026-10-07 18:12:07,555 INFO [v36] TRIM stop CPHI 0 @ 1.0100 | trigger print 1.0100 x 333 cond [' '], 0.2s old | entry 1.0654 peak 1.0200 stop 1.0554 | held 0s | P/L -0.00 (-5.20% of the trade, -0.00% of the account)
2026-10-07 18:12:07,715 INFO [v36] TRIM stop CPHI 0 @ 1.0050 | trigger print 1.0050 x 1000 cond [' '], 0.5s old | entry 1.0654 peak 1.0200 stop 1.0554 | held 0s | P/L -0.00 (-5.67% of the trade, -0.00% of the account)
2026-10-07 18:12:07,881 INFO [v36] TRIM stop CPHI 0 @ 1.0100 | trigger print 1.0100 x 100 cond [' '], 0.7s old | entry 1.0654 peak 1.0200 stop 1.0554 | held 0s | P/L -0.00 (-5.20% of the trade, -0.00% of the account)
2026-10-07 18:12:08,037 INFO [v36] TRIM stop CPHI 0 @ 1.0000 | trigger print 1.0000 x 300 cond [' '], 0.8s old | entry 1.0654 peak 1.0200 stop 1.0554 | held 0s | P/L -0.00 (-6.14% of the trade, -0.00% of the account)
2026-10-07 18:12:08,217 INFO [v36] TRIM stop CPHI 0 @ 1.0010 | trigger print 1.0010 x 641 cond [' '], 1.0s old | entry 1.0654 peak 1.0200 stop 1.0554 | held 0s | P/L -0.00 (-6.05% of the trade, -0.00% of the account)
2026-10-07 18:12:08,370 INFO [v36] TRIM stop CPHI 0 @ 1.0010 | trigger print 1.0010 x 500 cond [' '], 1.1s old | entry 1.0654 peak 1.0200 stop 1.0554 | held 0s | P/L -0.00 (-6.05% of the trade, -0.00% of the account)
2026-10-07 18:12:08,520 INFO [v36] TRIM stop CPHI 0 @ 1.0010 | trigger print 1.0010 x 200 cond [' '], 1.3s old | entry 1.0654 peak 1.0200 stop 1.0554 | held 0s | P/L -0.00 (-6.05% of the trade, -0.00% of the account)
2026-10-07 18:12:08,671 INFO [v36] TRIM stop CPHI 0 @ 1.0046 | trigger print 1.0046 x 1000 cond [' '], 1.4s old | entry 1.0654 peak 1.0200 stop 1.0554 | held 0s | P/L -0.00 (-5.71% of the trade, -0.00% of the account)
2026-10-07 18:12:08,828 INFO [v36] TRIM stop CPHI 0 @ 1.0000 | trigger print 1.0000 x 700 cond [' '], 1.6s old | entry 1.0654 peak 1.0200 stop 1.0554 | held 0s | P/L -0.00 (-6.14% of the trade, -0.00% of the account)
2026-10-07 18:12:09,053 INFO [v36] TRIM stop CPHI 0 @ 1.0000 | trigger print 1.0000 x 600 cond [' '], 1.7s old | entry 1.0654 peak 1.0200 stop 1.0554 | held 0s | P/L -0.00 (-6.14% of the trade, -0.00% of the account)
2026-10-07 18:12:09,201 INFO [v36] TRIM stop CPHI 0 @ 1.0000 | trigger print 1.0000 x 500 cond [' '], 2.0s old | entry 1.0654 peak 1.0200 stop 1.0554 | held 0s | P/L -0.00 (-6.14% of the trade, -0.00% of the account)
2026-10-07 18:12:09,345 INFO [v36] TRIM stop CPHI 0 @ 1.0000 | trigger print 1.0000 x 200 cond [' '], 2.1s old | entry 1.0654 peak 1.0200 stop 1.0554 | held 0s | P/L -0.00 (-6.14% of the trade, -0.00% of the account)
2026-10-07 18:12:09,501 INFO [v36] TRIM stop CPHI 0 @ 0.9999 | trigger print 0.9999 x 400 cond [' '], 2.2s old | entry 1.0654 peak 1.0200 stop 1.0554 | held 0s | P/L -0.00 (-6.15% of the trade, -0.00% of the account)
2026-10-07 18:12:09,659 INFO [v36] TRIM stop CPHI 0 @ 0.9999 | trigger print 0.9999 x 400 cond [' '], 2.1s old | entry 1.0654 peak 1.0200 stop 1.0554 | held 0s | P/L -0.00 (-6.15% of the trade, -0.00% of the account)
2026-10-07 18:12:09,806 INFO [v36] TRIM stop CPHI 0 @ 0.9999 | trigger print 0.9999 x 300 cond [' '], 2.3s old | entry 1.0654 peak 1.0200 stop 1.0554 | held 0s | P/L -0.00 (-6.15% of the trade, -0.00% of the account)
2026-10-07 18:12:09,978 INFO [v36] TRIM stop CPHI 0 @ 0.9960 | trigger print 0.9960 x 400 cond [' '], 2.4s old | entry 1.0654 peak 1.0200 stop 1.0554 | held 0s | P/L -0.00 (-6.51% of the trade, -0.00% of the account)
2026-10-07 18:12:10,130 INFO [v36] TRIM stop CPHI 0 @ 0.9960 | trigger print 0.9960 x 130 cond [' '], 2.6s old | entry 1.0654 peak 1.0200 stop 1.0554 | held 0s | P/L -0.00 (-6.51% of the trade, -0.00% of the account)
... 624 more 'TRIM stop CPHI 0' lines (bug, fixed in r34.27) ...
2026-10-07 18:12:12,318 INFO [v36] CPHI the market 1.0000 x 1.0200 is at the stop 1.0554 - out
2026-10-07 18:12:12,463 INFO [v36] CPHI the market 1.0000 x 1.0200 is at the stop 1.0554 - out
2026-10-07 18:12:12,609 INFO [v36] CPHI the market 1.0000 x 1.0200 is at the stop 1.0554 - out
2026-10-07 18:12:12,762 INFO [v36] CPHI the market 1.0000 x 1.0200 is at the stop 1.0554 - out
2026-10-07 18:12:12,908 INFO [v36] CPHI the market 1.0100 x 1.0200 is at the stop 1.0554 - out
2026-10-07 18:12:13,058 INFO [v36] CPHI the market 1.0100 x 1.0200 is at the stop 1.0554 - out
2026-10-07 18:12:13,204 INFO [v36] CPHI the market 1.0100 x 1.0200 is at the stop 1.0554 - out
2026-10-07 18:12:13,356 INFO [v36] CPHI the market 1.0100 x 1.0200 is at the stop 1.0554 - out
2026-10-07 18:12:13,504 INFO [v36] CPHI the market 1.0100 x 1.0200 is at the stop 1.0554 - out
2026-10-07 18:12:13,649 INFO [v36] CPHI the market 1.0100 x 1.0200 is at the stop 1.0554 - out
2026-10-07 18:12:13,799 INFO [v36] CPHI the market 1.0100 x 1.0200 is at the stop 1.0554 - out
2026-10-07 18:12:13,944 INFO [v36] CPHI the market 1.0100 x 1.0200 is at the stop 1.0554 - out
2026-10-07 18:12:14,163 INFO [v36] CPHI the market 1.0100 x 1.0200 is at the stop 1.0554 - out
2026-10-07 18:12:14,316 INFO [v36] CPHI the market 1.0100 x 1.0200 is at the stop 1.0554 - out
2026-10-07 18:12:14,462 INFO [v36] CPHI the market 1.0100 x 1.0200 is at the stop 1.0554 - out
2026-10-07 18:12:14,608 INFO [v36] CPHI the market 1.0100 x 1.0200 is at the stop 1.0554 - out
2026-10-07 18:12:14,754 INFO [v36] CPHI the market 1.0100 x 1.0200 is at the stop 1.0554 - out
2026-10-07 18:12:14,899 INFO [v36] CPHI the market 1.0100 x 1.0200 is at the stop 1.0554 - out
2026-10-07 18:12:15,045 INFO [v36] CPHI the market 1.0100 x 1.0200 is at the stop 1.0554 - out
2026-10-07 18:12:15,191 INFO [v36] CPHI the market 1.0100 x 1.0200 is at the stop 1.0554 - out
... 566 more 'CPHI the market ... is at the stop 1.0554 - out' lines (the same bug, fixed in r34.27) ...
2026-10-07 18:18:05,099 INFO [v36] CPHI the market 1.0300 x 1.0500 is at the stop 1.0554 - out
2026-10-07 18:18:05,254 INFO [v36] CPHI the market 1.0400 x 1.0500 is at the stop 1.0554 - out
2026-10-07 18:18:05,434 INFO [v36] CPHI the market 1.0400 x 1.0500 is at the stop 1.0554 - out
2026-10-07 18:18:05,580 INFO [v36] CPHI the market 1.0400 x 1.0500 is at the stop 1.0554 - out
2026-10-07 18:18:05,736 INFO [v36] CPHI the market 1.0500 x 1.0600 is at the stop 1.0554 - out
2026-10-07 18:18:21,274 INFO [v36] TRIM stop CPHI 0 @ 1.0500 | trigger print 1.0500 x 550 cond [' '], 16.7s old | entry 1.0654 peak 1.1085 stop 1.0554 | held 0s | P/L -0.00 (-1.45% of the trade, -0.00% of the account)
2026-10-07 18:18:21,438 INFO [v36] TRIM stop CPHI 0 @ 1.0500 | trigger print 1.0500 x 148 cond [' '], 16.8s old | entry 1.0654 peak 1.1085 stop 1.0554 | held 0s | P/L -0.00 (-1.45% of the trade, -0.00% of the account)
2026-10-07 18:18:21,585 INFO [v36] TRIM stop CPHI 0 @ 1.0500 | trigger print 1.0500 x 200 cond [' '], 17.0s old | entry 1.0654 peak 1.1085 stop 1.0554 | held 0s | P/L -0.00 (-1.45% of the trade, -0.00% of the account)
2026-10-07 18:18:21,730 INFO [v36] TRIM stop CPHI 0 @ 1.0500 | trigger print 1.0500 x 439 cond [' ', 'F'], 17.2s old | entry 1.0654 peak 1.1085 stop 1.0554 | held 0s | P/L -0.00 (-1.45% of the trade, -0.00% of the account)
2026-10-07 18:18:25,086 INFO [v36] TRIM stop CPHI 0 @ 1.0500 | trigger print 1.0500 x 100 cond [' '], 17.1s old | entry 1.0654 peak 1.1085 stop 1.0554 | held 0s | P/L -0.00 (-1.45% of the trade, -0.00% of the account)
2026-10-07 18:18:32,346 INFO [v36b] FURIOUS CPHI at 1.1090: speed 0.36, 5s +2.7% on $84k - trend, tape and room set aside
2026-10-07 18:18:33,785 INFO [v36b] CPHI BUY SHORT - wanted 1420, got 645 at a limit up to inf: filled at up to 1.3200 (the ask + 0.20)
2026-10-07 18:18:33,855 INFO [v36b] ENTER CPHI 645 @ 1.1300 (print 1.1090) = $729 (11% of equity) | stop 1.0757 (4.80% away) | new-high trigger 1.1085
2026-10-07 18:18:33,858 INFO [v36b] CPHI FULL POSITION 645 shares at once (furious), buy 2 today - stop 1.0757, line $1.00
2026-10-07 18:18:34,228 WARNING [v37] cancelled 1 working order(s) on CPHI
2026-10-07 18:18:34,700 INFO [v37] CPHI BUY SHORT - wanted 3259, got 0 at a limit up to inf: filled at up to 1.3300 (the ask + 0.20)
2026-10-07 18:18:36,204 WARNING [v37] cancelled 1 working order(s) on CPHI
2026-10-07 18:18:36,687 INFO [v37] CPHI BUY SHORT - wanted 3237, got 0 at a limit up to inf: filled at up to 1.3400 (the ask + 0.20)
2026-10-07 18:18:39,462 WARNING [v36b] ADOPTED CPHI: 645 shares held, stop 1.1200
2026-10-07 18:18:39,627 INFO engine up: VERSION v31-r34.27 | v36, v37, v36b | one data connection | orphan mode adopt | baseline last_equity | quote-confirm on | odd-lot filter on | stop-ref bid | book every 120s | no entries after 19:00 | exposure cap 95% | position cap 25% | min stop 1% | session 04:00-20:00 ET | flatten 19:00 ET | dead exit 10 min
2026-10-07 18:18:40,939 INFO [v36b] CPHI SELL 645 at MARKET
2026-10-07 18:18:41,859 INFO [v36b] EXIT stop CPHI 645 @ 1.1100 | trigger print 1.1150 x 500 cond [' '], 0.0s old | entry 1.1300 peak 1.1150 stop 1.1200 | held 0s | P/L -12.90 (-1.77% of the trade, -0.20% of the account)
2026-10-07 18:21:22,226 INFO [v36] CPHI STARTER sized for its stop: 337 -> 84 shares ($100) - the stop 1.0400 is 12.6% under 1.1900, $13 at risk
2026-10-07 18:21:22,259 INFO [v36] CPHI STARTER sized for its stop: 337 -> 84 shares ($100) - the stop 1.0400 is 12.6% under 1.1900, $13 at risk
2026-10-07 18:21:22,263 INFO [v36] CPHI STARTER sized for its stop: 337 -> 84 shares ($100) - the stop 1.0400 is 12.6% under 1.1900, $13 at risk
2026-10-07 18:21:22,294 INFO [v36] CPHI STARTER sized for its stop: 337 -> 84 shares ($100) - the stop 1.0400 is 12.6% under 1.1900, $13 at risk
2026-10-07 18:21:22,296 INFO [v36] CPHI STARTER sized for its stop: 337 -> 84 shares ($100) - the stop 1.0400 is 12.6% under 1.1900, $13 at risk
2026-10-07 18:21:22,298 INFO [v36] CPHI STARTER sized for its stop: 337 -> 84 shares ($100) - the stop 1.0400 is 12.6% under 1.1900, $13 at risk
2026-10-07 18:21:22,306 INFO [v36] CPHI STARTER sized for its stop: 337 -> 84 shares ($100) - the stop 1.0400 is 12.6% under 1.1900, $13 at risk
2026-10-07 18:21:22,315 INFO [v36] CPHI STARTER sized for its stop: 337 -> 84 shares ($100) - the stop 1.0400 is 12.6% under 1.1900, $13 at risk
2026-10-07 18:21:22,317 INFO [v36] CPHI STARTER sized for its stop: 337 -> 84 shares ($100) - the stop 1.0400 is 12.6% under 1.1900, $13 at risk
2026-10-07 18:21:22,319 INFO [v36] CPHI STARTER sized for its stop: 337 -> 84 shares ($100) - the stop 1.0400 is 12.6% under 1.1900, $13 at risk
2026-10-07 18:21:22,373 INFO [v36] CPHI STARTER sized for its stop: 337 -> 84 shares ($100) - the stop 1.0400 is 12.6% under 1.1900, $13 at risk
2026-10-07 18:21:22,653 INFO [v36] CPHI STARTER sized for its stop: 337 -> 84 shares ($100) - the stop 1.0400 is 12.6% under 1.1900, $13 at risk
2026-10-07 18:21:22,740 INFO [v36] CPHI STARTER sized for its stop: 337 -> 84 shares ($100) - the stop 1.0400 is 12.6% under 1.1900, $13 at risk
2026-10-07 18:21:22,743 INFO [v36] CPHI STARTER sized for its stop: 337 -> 84 shares ($100) - the stop 1.0400 is 12.6% under 1.1900, $13 at risk
2026-10-07 18:21:22,745 INFO [v36] CPHI STARTER sized for its stop: 337 -> 84 shares ($100) - the stop 1.0400 is 12.6% under 1.1900, $13 at risk
2026-10-07 18:21:22,747 INFO [v36] CPHI STARTER sized for its stop: 337 -> 84 shares ($100) - the stop 1.0400 is 12.6% under 1.1900, $13 at risk
2026-10-07 18:21:22,814 INFO [v36] CPHI STARTER sized for its stop: 337 -> 84 shares ($100) - the stop 1.0400 is 12.6% under 1.1900, $13 at risk
2026-10-07 18:21:22,939 INFO [v36] CPHI STARTER sized for its stop: 337 -> 84 shares ($100) - the stop 1.0400 is 12.6% under 1.1900, $13 at risk
2026-10-07 18:21:22,941 INFO [v36] CPHI STARTER sized for its stop: 337 -> 84 shares ($100) - the stop 1.0400 is 12.6% under 1.1900, $13 at risk
2026-10-07 18:21:22,945 INFO [v36] CPHI STARTER sized for its stop: 337 -> 84 shares ($100) - the stop 1.0400 is 12.6% under 1.1900, $13 at risk
... 247 more 'CPHI STARTER sized for its stop' lines (repeated on every pass while the v36 buy was working, under r34.27) ...
2026-10-07 18:21:28,222 INFO [v36] FURIOUS CPHI at 1.1900: speed 0.32, 5s -0.8% on $252k - trend, tape and room set aside
2026-10-07 18:21:28,964 WARNING [v36b] cancelled 1 working order(s) on CPHI
2026-10-07 18:21:29,495 WARNING [v36] cancelled 1 working order(s) on CPHI
2026-10-07 18:21:29,513 INFO [v36b] CPHI BUY SHORT - wanted 132, got 106 at a limit up to 1.2495: out of time (6s)
2026-10-07 18:21:29,596 INFO [v36b] ENTER CPHI 106 @ 1.1866 (print 1.1900) = $126 (2% of equity) | stop 1.1543 (2.72% away) | new-high trigger 1.1900
2026-10-07 18:21:29,598 INFO [v36b] CPHI STARTER 106 shares (a tenth of a full position), buy 3 today - adds at 1.3366 and 1.3866 on a new high
2026-10-07 18:21:29,966 INFO [v36] CPHI BUY SHORT - wanted 3377, got 0 at a limit up to inf: filled at up to 1.3900 (the ask + 0.20)
2026-10-07 18:21:30,041 INFO [v36] FURIOUS CPHI at 1.1800: speed 0.30, 5s -1.7% on $253k - trend, tape and room set aside
2026-10-07 18:21:30,043 INFO [v36] FURIOUS CPHI at 1.1900: speed 0.33, 5s -0.8% on $254k - trend, tape and room set aside
2026-10-07 18:21:30,046 INFO [v36] FURIOUS CPHI at 1.1899: speed 0.33, 5s -0.8% on $255k - trend, tape and room set aside
2026-10-07 18:21:30,049 INFO [v36] FURIOUS CPHI at 1.1900: speed 0.33, 5s -0.8% on $259k - trend, tape and room set aside
2026-10-07 18:21:30,051 INFO [v36] FURIOUS CPHI at 1.1899: speed 0.33, 5s -0.8% on $262k - trend, tape and room set aside
2026-10-07 18:21:30,054 INFO [v36] FURIOUS CPHI at 1.1900: speed 0.33, 5s -0.4% on $262k - trend, tape and room set aside
2026-10-07 18:21:30,056 INFO [v36] FURIOUS CPHI at 1.1900: speed 0.33, 5s -0.4% on $262k - trend, tape and room set aside
2026-10-07 18:21:30,059 INFO [v36] FURIOUS CPHI at 1.1900: speed 0.33, 5s -0.8% on $258k - trend, tape and room set aside
2026-10-07 18:21:30,062 INFO [v36] FURIOUS CPHI at 1.1900: speed 0.33, 5s -0.8% on $260k - trend, tape and room set aside
2026-10-07 18:21:30,065 INFO [v36] FURIOUS CPHI at 1.1800: speed 0.31, 5s -1.7% on $260k - trend, tape and room set aside
2026-10-07 18:21:30,067 INFO [v36] FURIOUS CPHI at 1.1803: speed 0.31, 5s -1.6% on $219k - trend, tape and room set aside
2026-10-07 18:21:30,069 INFO [v36] FURIOUS CPHI at 1.1850: speed 0.32, 5s -1.2% on $220k - trend, tape and room set aside
2026-10-07 18:21:30,072 INFO [v36] FURIOUS CPHI at 1.1899: speed 0.33, 5s -0.4% on $217k - trend, tape and room set aside
2026-10-07 18:21:30,075 INFO [v36] FURIOUS CPHI at 1.1802: speed 0.31, 5s -1.2% on $216k - trend, tape and room set aside
2026-10-07 18:21:30,078 INFO [v36] FURIOUS CPHI at 1.1844: speed 0.32, 5s -0.5% on $216k - trend, tape and room set aside
2026-10-07 18:21:30,080 INFO [v36] FURIOUS CPHI at 1.1801: speed 0.31, 5s -1.6% on $215k - trend, tape and room set aside
2026-10-07 18:21:30,084 INFO [v36] FURIOUS CPHI at 1.1800: speed 0.31, 5s -1.7% on $215k - trend, tape and room set aside
2026-10-07 18:21:30,086 INFO [v36] FURIOUS CPHI at 1.1860: speed 0.32, 5s -1.2% on $215k - trend, tape and room set aside
2026-10-07 18:21:30,089 INFO [v36] FURIOUS CPHI at 1.1800: speed 0.31, 5s -1.7% on $216k - trend, tape and room set aside
... 78 more 'FURIOUS CPHI' lines (repeated on every pass, under r34.27) ...
2026-10-07 18:21:31,836 WARNING [v36] cancelled 1 working order(s) on CPHI
2026-10-07 18:21:32,322 INFO [v36] CPHI BUY SHORT - wanted 3377, got 0 at a limit up to inf: filled at up to 1.3900 (the ask + 0.20)
2026-10-07 18:21:32,373 INFO [v36] CPHI STARTER sized for its stop: 337 -> 84 shares ($100) - the stop 1.0400 is 12.6% under 1.1900, $13 at risk
2026-10-07 18:21:32,375 INFO [v36] CPHI STARTER sized for its stop: 337 -> 84 shares ($100) - the stop 1.0400 is 12.6% under 1.1900, $13 at risk
2026-10-07 18:21:34,828 INFO [v36] CPHI STARTER sized for its stop: 337 -> 84 shares ($100) - the stop 1.0400 is 12.6% under 1.1900, $13 at risk
2026-10-07 18:21:34,914 INFO [v36] CPHI STARTER sized for its stop: 337 -> 84 shares ($100) - the stop 1.0400 is 12.6% under 1.1900, $13 at risk
2026-10-07 18:21:34,917 INFO [v36] CPHI STARTER sized for its stop: 337 -> 84 shares ($100) - the stop 1.0400 is 12.6% under 1.1900, $13 at risk
2026-10-07 18:21:37,253 WARNING [v36] cancelled 1 working order(s) on CPHI
2026-10-07 18:21:37,723 INFO [v36] CPHI BUY SHORT - wanted 3380, got 0 at a limit up to inf: filled at up to 1.3900 (the ask + 0.20)
2026-10-07 18:21:37,762 INFO [v36] FURIOUS CPHI at 1.1900: speed 0.31, 5s +1.7% on $85k - trend, tape and room set aside
2026-10-07 18:21:38,081 INFO [v36] FURIOUS CPHI at 1.1800: speed 0.30, 5s +0.4% on $77k - trend, tape and room set aside
2026-10-07 18:21:38,652 INFO [v36] FURIOUS CPHI at 1.1800: speed 0.30, 5s +0.0% on $73k - trend, tape and room set aside
2026-10-07 18:21:39,971 INFO [v36] CPHI BUY SHORT - wanted 3406, got 0 at a limit up to inf: filled at up to 1.3800 (the ask + 0.20)
2026-10-07 18:21:40,307 INFO [v36] FURIOUS CPHI at 1.1799: speed 0.31, 5s -0.4% on $87k - trend, tape and room set aside
2026-10-07 18:21:43,484 INFO [v36b] CPHI SELL 106 at MARKET
2026-10-07 18:21:45,092 INFO [v36b] EXIT stop CPHI 106 @ 1.1700 | trigger print 1.1500 x 511 cond [' '], 0.1s old | entry 1.1866 peak 1.1900 stop 1.1543 | held 15s | P/L -1.76 (-1.40% of the trade, -0.03% of the account)
2026-10-07 18:21:45,244 INFO [v36] FURIOUS CPHI at 1.1799: speed 0.31, 5s -0.0% on $141k - trend, tape and room set aside
2026-10-07 18:21:46,901 INFO [v36] ENTER CPHI 3406 @ 1.1700 (print 1.1799) = $3985 (24% of equity) | stop 1.0855 (7.22% away) | new-high trigger 1.1400
2026-10-07 18:21:46,904 INFO [v36] CPHI FULL POSITION 3406 shares at once (furious), buy 2 today - stop 1.0855, line $1.00
2026-10-07 18:22:50,284 INFO [v36] CPHI SELL 3406 at MARKET
2026-10-07 18:22:53,504 INFO [v36] EXIT 10s CPHI 3406 @ 1.1500 | trigger print 1.1950 x 188 cond [' '], 0.0s old | entry 1.1700 peak 1.2500 stop 1.0855 | held 67s | P/L -68.12 (-1.71% of the trade, -0.41% of the account)
2026-10-07 18:26:57,238 INFO [v36] FURIOUS NCPL at 1.6399: speed 0.34, 5s +0.6% on $30k - trend, tape and room set aside
2026-10-07 18:26:57,239 INFO [v36b] FURIOUS NCPL at 1.6399: speed 0.34, 5s +0.6% on $30k - trend, tape and room set aside
2026-10-07 18:26:58,148 INFO [v36b] NCPL BUY SHORT - wanted 986, got 290 at a limit up to inf: filled at up to 1.8400 (the ask + 0.20)
2026-10-07 18:26:58,227 INFO [v36b] ENTER NCPL 290 @ 1.6400 (print 1.6399) = $476 (7% of equity) | stop 1.5907 (3.01% away) | new-high trigger 1.5700
2026-10-07 18:26:58,229 INFO [v36b] NCPL FULL POSITION 290 shares at once (furious), buy 1 today - stop 1.5907, line $1.50
2026-10-07 18:26:58,635 WARNING [v36] cancelled 1 working order(s) on NCPL
2026-10-07 18:26:59,108 INFO [v36] NCPL BUY SHORT - wanted 2512, got 991 at a limit up to inf: filled at up to 1.8400 (the ask + 0.20)
2026-10-07 18:26:59,179 INFO [v36] ENTER NCPL 991 @ 1.6400 (print 1.6399) = $1625 (10% of equity) | stop 1.5300 (6.71% away) | new-high trigger 1.5700
2026-10-07 18:26:59,179 INFO [v36] NCPL FULL POSITION 991 shares at once (furious), buy 1 today - stop 1.5400, line $1.50
2026-10-07 18:27:33,305 INFO [v36] FURIOUS MOBX at 1.3250: speed 0.31, 5s +0.0% on $54k - trend, tape and room set aside
2026-10-07 18:27:33,305 INFO [v36b] FURIOUS MOBX at 1.3250: speed 0.31, 5s +0.0% on $54k - trend, tape and room set aside
2026-10-07 18:27:34,463 INFO [v36b] ENTER MOBX 1219 @ 1.3300 (print 1.3250) = $1621 (25% of equity) | stop 1.2853 (3.36% away) | new-high trigger 1.3000
2026-10-07 18:27:34,464 INFO [v36b] MOBX FULL POSITION 1219 shares at once (furious), buy 1 today - stop 1.2853, line $1.00
2026-10-07 18:27:34,593 WARNING [v36] cancelled 1 working order(s) on MOBX
2026-10-07 18:27:35,063 INFO [v36] MOBX BUY SHORT - wanted 3104, got 1236 at a limit up to inf: filled at up to 1.5300 (the ask + 0.20)
2026-10-07 18:27:35,139 INFO [v36] ENTER MOBX 1236 @ 1.3300 (print 1.3250) = $1644 (10% of equity) | stop 1.2600 (5.26% away) | new-high trigger 1.3000
2026-10-07 18:27:35,140 INFO [v36] MOBX FULL POSITION 1236 shares at once (furious), buy 1 today - stop 1.2600, line $1.00
2026-10-07 18:28:51,045 INFO [v36] NCPL SELL 991 at MARKET
2026-10-07 18:28:51,059 INFO [v36b] NCPL SELL 290 at MARKET
2026-10-07 18:28:53,398 INFO [v36] EXIT 10s NCPL 991 @ 1.6356 | trigger print 1.6301 x 760 cond ['@'], 0.0s old | entry 1.6400 peak 1.7200 stop 1.5400 | held 114s | P/L -4.38 (-0.27% of the trade, -0.03% of the account)
2026-10-07 18:28:53,770 INFO [v36b] EXIT 10s NCPL 290 @ 1.6400 | trigger print 1.6301 x 760 cond ['@'], 0.0s old | entry 1.6400 peak 1.7200 stop 1.5907 | held 116s | P/L +0.00 (+0.00% of the trade, +0.00% of the account)
2026-10-07 18:30:20,791 INFO [v36] MOBX SELL 1236 at MARKET
2026-10-07 18:30:20,964 INFO [v36b] MOBX SELL 1219 at MARKET
2026-10-07 18:30:23,665 INFO [v36b] EXIT 10s MOBX 1219 @ 1.3200 | trigger print 1.3300 x 832 cond ['@'], 0.0s old | entry 1.3300 peak 1.3500 stop 1.2853 | held 169s | P/L -12.19 (-0.75% of the trade, -0.18% of the account)
2026-10-07 18:30:24,693 INFO [v36] EXIT 10s MOBX 1236 @ 1.3200 | trigger print 1.3300 x 832 cond ['@'], 0.0s old | entry 1.3300 peak 1.3500 stop 1.2600 | held 170s | P/L -12.36 (-0.75% of the trade, -0.07% of the account)
2026-10-07 18:54:13,771 INFO [v36] PFAI STARTER sized for its stop: 84 -> 37 shares ($179) - the stop 4.4900 is 6.9% under 4.8249, $12 at risk
2026-10-07 18:54:17,141 WARNING [v36] cancelled 1 working order(s) on PFAI
2026-10-07 18:54:17,689 INFO [v36] ENTER PFAI 37 @ 4.8300 (print 4.8249) = $179 (1% of equity) | stop 4.4900 (7.04% away) | setup trigger 4.7500
2026-10-07 18:54:17,692 INFO [v36] PFAI STARTER 37 shares (a tenth of a full position), buy 1 today - adds at 4.9800 and 5.0300 on a new high
2026-10-07 18:54:20,310 INFO [v36b] PFAI BUY SHORT - wanted 33, got 8 at a limit up to 4.9897: out of time (6s)
2026-10-07 18:54:20,383 INFO [v36b] ENTER PFAI 8 @ 4.8200 (print 4.8249) = $39 (1% of equity) | stop 4.6802 (2.90% away) | setup trigger 4.7500
2026-10-07 18:54:20,385 INFO [v36b] PFAI STARTER 8 shares (a tenth of a full position), buy 1 today - adds at 4.9700 and 5.0200 on a new high
2026-10-07 18:55:12,297 INFO [v36b] PFAI SELL 8 at MARKET
2026-10-07 18:55:14,543 INFO [v36b] EXIT stop PFAI 8 @ 4.6400 | trigger print 4.6800 x 300 cond ['@'], 0.0s old | entry 4.8200 peak 4.9299 stop 4.6802 | held 54s | P/L -1.44 (-3.73% of the trade, -0.02% of the account)
2026-10-07 18:55:30,110 INFO [v36] PFAI the market 4.4700 x 4.4800 is at the stop 4.4900 - out
2026-10-07 18:55:30,329 INFO [v36] PFAI SELL 37 at MARKET
2026-10-07 18:55:33,643 INFO [v36] EXIT stop PFAI 37 @ 4.3919 | trigger print 4.4900 x 200 cond ['@'], 0.0s old | entry 4.8300 peak 4.9299 stop 4.4900 | held 76s | P/L -16.21 (-9.07% of the trade, -0.10% of the account)
2026-10-07 19:33:07,370 INFO engine up: VERSION v31-r34.28 | v36, v37, v36b | one data connection | orphan mode adopt | baseline last_equity | quote-confirm on | odd-lot filter on | stop-ref bid | book every 120s | no entries after 19:00 | exposure cap 95% | position cap 25% | min stop 1% | session 04:00-20:00 ET | flatten 19:00 ET | dead exit 10 min
2026-10-07 20:22:45,571 INFO [v36] FURIOUS IRIX at 1.0499: speed 0.60, 5s +2.4% on $60k - trend, tape and room set aside
2026-10-07 20:22:45,619 INFO [v36b] FURIOUS IRIX at 1.0499: speed 0.60, 5s +2.4% on $60k - trend, tape and room set aside
2026-10-07 20:22:46,680 INFO [v36] ENTER IRIX 3826 @ 1.0500 (print 1.0499) = $4017 (24% of equity) | stop 0.9900 (5.71% away) | new-high trigger 1.0300
2026-10-07 20:22:46,680 INFO [v36] IRIX FULL POSITION 3826 shares at once (furious), buy 1 today - stop 0.9900, line $1.00
2026-10-07 20:22:46,756 WARNING [v36b] cancelled 1 working order(s) on IRIX
2026-10-07 20:22:47,227 INFO [v36b] IRIX BUY SHORT - wanted 1502, got 657 at a limit up to inf: filled at up to 1.2500 (the ask + 0.20)
2026-10-07 20:22:47,301 INFO [v36b] ENTER IRIX 657 @ 1.0500 (print 1.0499) = $690 (10% of equity) | stop 1.0184 (3.01% away) | new-high trigger 1.0300
2026-10-07 20:22:47,302 INFO [v36b] IRIX FULL POSITION 657 shares at once (furious), buy 1 today - stop 1.0184, line $1.00
2026-10-07 20:22:56,027 INFO [v37] IRIX BUY SHORT - wanted 3392, got 2902 at a limit up to inf: filled at up to 1.2700 (the ask + 0.20)
2026-10-07 20:22:56,108 INFO [v37] ENTER IRIX 2902 @ 1.0700 (print 1.0700) = $3105 (21.8% of equity) - ACCELERATING 1.03, 35% of the account, buy 1 today | crowd #6, $406k in 5 min | stop 1.0329 | adds at 1.1700 and 1.2700 | speed 1.03 | score 11 (speed 4 candle 2 wicks 1 bodies 1 lows 1 volume 0 trend 1 macd 0 room 1)
2026-10-07 20:22:57,216 INFO [v37] IRIX SELL 2902 at a limit 0.96 (bid 1.0700)
2026-10-07 20:22:57,859 INFO [v37] EXIT giveback IRIX 2902 @ 1.0700 | trigger print 1.0700 x 133 cond ['@', 'F', 'T'], 0.0s old | entry 1.0700 peak 1.0800 stop 1.0329 | held 2s | P/L +0.00 (+0.00% of the trade, +0.00% of the account)
2026-10-07 20:25:00,432 INFO [v36] IRIX SELL 3826 at a limit 0.93 (bid 1.0300)
2026-10-07 20:25:00,609 INFO [v36b] IRIX SELL 657 at a limit 0.93 (bid 1.0300)
2026-10-07 20:25:01,398 INFO [v36b] IRIX SELL 570 at a limit 0.93 (bid 1.0300)
2026-10-07 20:25:01,514 INFO [v36] IRIX SELL 3227 at a limit 0.93 (bid 1.0300)
2026-10-07 20:25:02,178 INFO [v36b] IRIX SELL 473 at a limit 0.93 (bid 1.0300)
2026-10-07 20:25:02,590 INFO [v36] IRIX SELL 770 at a limit 0.93 (bid 1.0300)
2026-10-07 20:25:03,085 WARNING [v36b] cancelled 1 working order(s) on IRIX
2026-10-07 20:25:03,668 INFO [v36] IRIX SELL 12 at a limit 0.93 (bid 1.0300)
2026-10-07 20:25:03,735 INFO [v36b] IRIX SELL 303 at a limit 0.93 (bid 1.0300)
2026-10-07 20:25:04,315 INFO [v36] EXIT 10s IRIX 3826 @ 1.0300 | trigger print 1.0320 x 100 cond ['@', 'T'], 0.0s old | entry 1.0500 peak 1.0800 stop 0.9900 | held 138s | P/L -76.52 (-1.90% of the trade, -0.46% of the account)
2026-10-07 20:25:04,798 INFO [v36b] IRIX SELL 180 at a limit 0.94 (bid 1.0400)
2026-10-07 20:25:05,715 INFO [v36b] EXIT 10s IRIX 657 @ 1.0346 | trigger print 1.0320 x 100 cond ['@', 'T'], 0.0s old | entry 1.0500 peak 1.0800 stop 1.0184 | held 138s | P/L -10.11 (-1.47% of the trade, -0.15% of the account)
2026-10-07 20:30:08,255 INFO [v36] FURIOUS AIXI at 2.3100: speed 0.49, 5s +4.1% on $109k - trend, tape and room set aside
2026-10-07 20:30:08,363 INFO [v36b] FURIOUS AIXI at 2.3100: speed 0.49, 5s +4.1% on $109k - trend, tape and room set aside
2026-10-07 20:30:08,716 INFO [v36] AIXI BUY SHORT - wanted 1721, got 0 at a limit up to inf: the ask 2.2900 is back at the high 2.2900 - no buy under it
2026-10-07 20:30:08,720 INFO [v36] FURIOUS AIXI at 2.3100: speed 0.52, 5s +4.1% on $109k - trend, tape and room set aside
2026-10-07 20:30:08,725 INFO [v36] FURIOUS AIXI at 2.3100: speed 0.51, 5s +4.1% on $111k - trend, tape and room set aside
2026-10-07 20:30:08,728 INFO [v36] FURIOUS AIXI at 2.3054: speed 0.50, 5s +3.8% on $111k - trend, tape and room set aside
2026-10-07 20:30:08,890 INFO [v36] FURIOUS AIXI at 2.3100: speed 0.48, 5s +5.0% on $119k - trend, tape and room set aside
2026-10-07 20:30:08,906 INFO [v36] FURIOUS AIXI at 2.3100: speed 0.48, 5s +5.0% on $119k - trend, tape and room set aside
2026-10-07 20:30:09,046 INFO [v36] FURIOUS AIXI at 2.3100: speed 0.51, 5s +5.0% on $120k - trend, tape and room set aside
2026-10-07 20:30:09,149 INFO [v36] FURIOUS AIXI at 2.3097: speed 0.48, 5s +4.2% on $121k - trend, tape and room set aside
2026-10-07 20:30:09,153 INFO [v36] FURIOUS AIXI at 2.3097: speed 0.48, 5s +4.2% on $121k - trend, tape and room set aside
2026-10-07 20:30:09,436 INFO [v36b] ENTER AIXI 678 @ 2.3100 (print 2.3100) = $1566 (24% of equity) | stop 2.2407 (3.00% away) | new-high trigger 2.3000
2026-10-07 20:30:09,437 INFO [v36b] AIXI FULL POSITION 678 shares at once (furious), buy 1 today - stop 2.2407, line $2.00
2026-10-07 20:30:18,177 INFO [v36] FURIOUS AIXI at 2.3100: speed 0.47, 5s +0.4% on $64k - trend, tape and room set aside
2026-10-07 20:30:19,543 WARNING [v36] cancelled 1 working order(s) on AIXI
2026-10-07 20:30:20,021 INFO [v36] AIXI BUY SHORT - wanted 1721, got 1157 at a limit up to inf: filled at up to 2.5100 (the ask + 0.20)
2026-10-07 20:30:20,097 INFO [v36] ENTER AIXI 1157 @ 2.3100 (print 2.3100) = $2673 (16% of equity) | stop 2.1252 (8.00% away) | new-high trigger 2.3000
2026-10-07 20:30:20,100 INFO [v36] AIXI FULL POSITION 1157 shares at once (furious), buy 1 today - stop 2.2100, line $2.00
2026-10-07 20:30:23,099 INFO [v37] AIXI BUY SHORT - wanted 1833, got 0 at a limit up to inf: the ask 2.3100 is back at the high 2.3100 - no buy under it
2026-10-07 20:30:29,152 INFO [v36b] AIXI the market 2.2300 x 2.2500 is at the stop 2.2407 - out
2026-10-07 20:30:29,390 INFO [v36b] AIXI SELL 678 at a limit 2.01 (bid 2.2300)
2026-10-07 20:30:30,062 WARNING [v36b] cancelled 1 working order(s) on AIXI
2026-10-07 20:30:31,016 INFO [v36b] AIXI SELL 576 at a limit 2.01 (bid 2.2300)
2026-10-07 20:30:31,677 INFO [v36b] EXIT stop AIXI 678 @ 2.2300 | trigger print 2.2800 x 357 cond ['@', 'F', 'T'], 0.3s old | entry 2.3100 peak 2.3200 stop 2.2407 | held 22s | P/L -54.24 (-3.46% of the trade, -0.83% of the account)
2026-10-07 20:31:40,308 INFO [v36] AIXI SELL 1157 at a limit 2.05 (bid 2.2800)
2026-10-07 20:31:41,052 INFO [v36] EXIT 10s AIXI 1157 @ 2.2800 | trigger print 2.2700 x 102 cond ['@', 'T'], 0.0s old | entry 2.3100 peak 2.3600 stop 2.2100 | held 81s | P/L -34.71 (-1.30% of the trade, -0.21% of the account)
2026-10-07 20:32:28,791 INFO [v36] FURIOUS NCPL at 1.8000: speed 0.30, 5s +1.7% on $20k - trend, tape and room set aside
2026-10-07 20:32:28,792 INFO [v36b] FURIOUS NCPL at 1.8000: speed 0.30, 5s +1.7% on $20k - trend, tape and room set aside
2026-10-07 20:32:30,180 WARNING [v36] cancelled 1 working order(s) on NCPL
2026-10-07 20:32:30,182 INFO [v37] NCPL BUY SHORT - wanted 2256, got 523 at a limit up to inf: filled at up to 2.0200 (the ask + 0.20)
2026-10-07 20:32:30,259 INFO [v37] ENTER NCPL 523 @ 1.8200 (print 1.8100) = $952 (6.7% of equity) - ACCELERATING 0.34, 35% of the account, buy 1 today | crowd #4, $197k in 5 min | stop 1.7612 | adds at 1.9200 and 2.0200 | speed 0.34 | score 15 (speed 4 candle 2 wicks 1 bodies 1 lows 1 volume 2 trend 2 macd 1 room 1)
2026-10-07 20:32:30,400 INFO [v36b] ENTER NCPL 888 @ 1.8200 (print 1.8000) = $1616 (25% of equity) | stop 1.7460 (4.07% away) | new-high trigger 1.8000
2026-10-07 20:32:30,401 INFO [v36b] NCPL FULL POSITION 888 shares at once (furious), buy 2 today - stop 1.7460, line $1.50
2026-10-07 20:32:30,669 INFO [v36] NCPL BUY SHORT - wanted 2269, got 1550 at a limit up to inf: filled at up to 2.0200 (the ask + 0.20)
2026-10-07 20:32:30,741 INFO [v36] ENTER NCPL 1550 @ 1.8200 (print 1.8000) = $2821 (17% of equity) | stop 1.6560 (9.01% away) | new-high trigger 1.8000
2026-10-07 20:32:30,741 INFO [v36] NCPL FULL POSITION 1550 shares at once (furious), buy 2 today - stop 1.7200, line $1.50
2026-10-07 20:32:48,251 INFO [v37] NCPL SELL 523 at a limit 1.62 (bid 1.8000)
2026-10-07 20:32:49,164 WARNING [v37] cancelled 1 working order(s) on NCPL
2026-10-07 20:32:49,779 INFO [v37] NCPL SELL 138 at a limit 1.66 (bid 1.8400)
2026-10-07 20:32:50,568 INFO [v37] NCPL SELL 116 at a limit 1.66 (bid 1.8400)
2026-10-07 20:32:51,799 INFO [v37] NCPL SELL 19 at a limit 1.64 (bid 1.8200)
2026-10-07 20:32:52,440 INFO [v37] EXIT giveback NCPL 523 @ 1.8241 | trigger print 1.8200 x 100 cond ['@', 'T'], 0.0s old | entry 1.8200 peak 1.8300 stop 1.7612 | held 22s | P/L +2.16 (+0.23% of the trade, +0.02% of the account)
2026-10-07 20:34:18,792 INFO [v36b] NCPL the market 1.7300 x 1.7500 is at the stop 1.7460 - out
2026-10-07 20:34:19,005 INFO [v36b] NCPL SELL 888 at a limit 1.56 (bid 1.7300)
2026-10-07 20:34:19,918 INFO [v36b] EXIT stop NCPL 888 @ 1.7300 | trigger print 1.7500 x 2848 cond ['@', 'F', 'T'], 0.0s old | entry 1.8200 peak 1.8600 stop 1.7460 | held 110s | P/L -79.92 (-4.95% of the trade, -1.24% of the account)
2026-10-07 20:34:20,444 INFO [v36] NCPL SELL 1550 at a limit 1.56 (bid 1.7300)
2026-10-07 20:34:21,082 WARNING [v36] cancelled 1 working order(s) on NCPL
2026-10-07 20:34:22,031 INFO [v36] NCPL SELL 12 at a limit 1.56 (bid 1.7300)
2026-10-07 20:34:22,961 WARNING [v36] cancelled 1 working order(s) on NCPL
2026-10-07 20:34:23,907 INFO [v36] NCPL SELL 7 at a limit 1.57 (bid 1.7400)
2026-10-07 20:34:24,982 INFO [v36] NCPL SELL 5 at a limit 1.56 (bid 1.7300)
2026-10-07 20:34:25,785 INFO [v36] NCPL SELL 1 at a limit 1.57 (bid 1.7400)
2026-10-07 20:34:26,722 INFO [v36] EXIT 10s NCPL 1550 @ 1.7300 | trigger print 1.7300 x 178 cond ['@', 'T'], 0.0s old | entry 1.8200 peak 1.8600 stop 1.7200 | held 116s | P/L -139.47 (-4.94% of the trade, -0.84% of the account)
2026-10-07 20:59:46,844 INFO [v36] FURIOUS ERNA at 3.1860: speed 0.44, 5s -0.7% on $39k - trend, tape and room set aside
2026-10-07 20:59:46,845 INFO [v36b] FURIOUS ERNA at 3.1860: speed 0.44, 5s -0.7% on $39k - trend, tape and room set aside
2026-10-07 20:59:47,793 WARNING [v36] cancelled 1 working order(s) on ERNA
2026-10-07 20:59:47,964 INFO [v36b] ENTER ERNA 495 @ 3.1900 (print 3.1860) = $1579 (25% of equity) | stop 3.0904 (3.12% away) | new-high trigger 3.0800
2026-10-07 20:59:47,965 INFO [v36b] ERNA FULL POSITION 495 shares at once (furious), buy 1 today - stop 3.0904, line $3.00
2026-10-07 20:59:48,268 INFO [v36] ERNA BUY SHORT - wanted 1271, got 291 at a limit up to inf: filled at up to 3.3900 (the ask + 0.20)
2026-10-07 20:59:48,339 INFO [v36] ENTER ERNA 291 @ 3.1900 (print 3.1860) = $928 (6% of equity) | stop 2.9900 (6.27% away) | new-high trigger 3.0800
2026-10-07 20:59:48,340 INFO [v36] ERNA FULL POSITION 291 shares at once (furious), buy 1 today - stop 3.0900, line $3.00
2026-10-07 21:00:07,622 INFO [v36] ERNA the market 3.0400 x 3.1200 is at the stop 3.0900 - out
2026-10-07 21:00:07,623 INFO [v36b] ERNA the market 3.0400 x 3.1200 is at the stop 3.0904 - out
2026-10-07 21:00:07,862 INFO [v36] ERNA SELL 291 at a limit 2.74 (bid 3.0400)
2026-10-07 21:00:08,033 INFO [v36b] ERNA SELL 495 at a limit 2.75 (bid 3.0600)
2026-10-07 21:00:08,630 INFO [v36] EXIT stop ERNA 291 @ 3.0600 | trigger print 3.1400 x 229 cond ['@', 'F', 'T'], 0.0s old | entry 3.1900 peak 3.2700 stop 3.0900 | held 20s | P/L -37.83 (-4.08% of the trade, -0.23% of the account)
2026-10-07 21:00:08,711 WARNING [v36b] cancelled 1 working order(s) on ERNA
2026-10-07 21:00:09,681 INFO [v36b] ERNA SELL 143 at a limit 2.75 (bid 3.0600)
2026-10-07 21:00:10,589 WARNING [v36b] cancelled 1 working order(s) on ERNA
2026-10-07 21:00:11,860 INFO [v36b] ERNA SELL 40 at a limit 2.82 (bid 3.1300)
2026-10-07 21:00:12,788 WARNING [v36b] cancelled 1 working order(s) on ERNA
2026-10-07 21:00:13,733 INFO [v36b] ERNA SELL 10 at a limit 2.82 (bid 3.1300)
2026-10-07 21:00:14,650 INFO [v36b] EXIT stop ERNA 495 @ 3.0698 | trigger print 3.1400 x 229 cond ['@', 'F', 'T'], 0.0s old | entry 3.1900 peak 3.2700 stop 3.0904 | held 27s | P/L -59.49 (-3.77% of the trade, -0.93% of the account)
