2026-10-07 08:20:05,550 [v36b] setup MI green? False 04:18:00 O 2.2104 H 2.2196 L 2.0300 C 2.0596 V 439228
2026-10-07 08:20:05,550 [v36b] setup MI red? True 04:19:00 O 2.0700 H 2.1200 L 1.9700 C 2.0400 V 341002 -> trigger 2.0800
2026-10-07 08:20:07,117 [v36] setup MI green? False 04:18:00 O 2.2104 H 2.2196 L 2.0300 C 2.0596 V 439228
2026-10-07 08:20:07,117 [v36] setup MI red? True 04:19:00 O 2.0700 H 2.1200 L 1.9700 C 2.0400 V 341002 -> trigger 2.0800
2026-10-07 08:20:18,597 [v36] setup BIYA green? True 04:18:00 O 2.1600 H 2.2900 L 2.0800 C 2.2900 V 227657
2026-10-07 08:20:18,597 [v36] setup BIYA red? True 04:19:00 O 2.2900 H 2.4600 L 2.2000 C 2.2400 V 644404 -> trigger 2.3000
2026-10-07 08:23:30,713 [v36] setup BIYA green? False 04:21:00 O 2.4500 H 2.4800 L 2.3300 C 2.3800 V 465162
2026-10-07 08:23:30,713 [v36] setup BIYA red? True 04:22:00 O 2.3795 H 2.3900 L 2.2200 C 2.3300 V 347904 -> trigger 2.3895
2026-10-07 08:23:30,735 [v36b] (same as v36 BIYA 04:21/04:22)
2026-10-07 08:24:16,934 [v36b] setup MI green? True 04:22:00 O 2.0000 H 2.1600 L 2.0000 C 2.1396 V 264130
2026-10-07 08:24:16,934 [v36b] setup MI red? True 04:23:00 O 2.1500 H 2.2200 L 2.0800 C 2.1200 V 379051 -> trigger 2.1600
2026-10-07 08:24:18,595 [v36] (same MI 04:22/04:23)
2026-10-07 08:30:09,685 [v36] setup BIYA green? False 04:28:00 O 2.5900 H 2.6000 L 2.3600 C 2.4099 V 478372
2026-10-07 08:30:09,686 [v36] setup BIYA red? True 04:29:00 O 2.4000 H 2.5000 L 2.3600 C 2.3700 V 270566 -> trigger 2.4100
2026-10-07 08:34:47,801 [v36] setup BIYA green? True 04:32:00 O 2.3700 H 2.4400 L 2.3100 C 2.3905 V 258794
2026-10-07 08:34:47,801 [v36] setup BIYA red? True 04:33:00 O 2.3900 H 2.4100 L 2.3300 C 2.3500 V 228667 -> trigger 2.4000
2026-10-07 08:34:47,999 [v36b] (same BIYA 04:32/04:33)
2026-10-07 08:44:03,699 [v36] setup BIYA green? True 04:42:00 O 2.4000 H 2.4900 L 2.3700 C 2.4900 V 356255
2026-10-07 08:44:03,699 [v36] setup BIYA red? True 04:43:00 O 2.4900 H 2.5500 L 2.4305 C 2.4803 V 437743 -> trigger 2.5000
2026-10-07 08:44:04,534 [v36b] (same BIYA 04:42/04:43)
2026-10-07 08:46:40,155 [v36] setup BIYA green? True 04:44:00 O 2.4900 H 2.6800 L 2.4600 C 2.6300 V 344956
2026-10-07 08:46:40,155 [v36] setup BIYA red? True 04:45:00 O 2.6400 H 2.7000 L 2.5400 C 2.5499 V 376658 -> trigger 2.6500
2026-10-07 08:46:41,455 [v36b] (same BIYA 04:44/04:45)
2026-10-07 08:52:19,737 [v36b] setup BIYA green? True 04:50:00 O 2.5800 H 2.7300 L 2.5600 C 2.6900 V 453634
2026-10-07 08:52:19,737 [v36b] setup BIYA red? True 04:51:00 O 2.7000 H 2.7200 L 2.6300 C 2.6397 V 266982 -> trigger 2.7100
2026-10-07 08:57:53,190 [v36b] setup BIYA green? False 04:55:00 O 2.9500 H 2.9700 L 2.5700 C 2.6700 V 967244
2026-10-07 08:57:53,190 [v36b] setup BIYA red? True 04:56:00 O 2.6700 H 2.6800 L 2.5400 C 2.6400 V 602138 -> trigger 2.6800
2026-10-07 09:22:21,974 [v36] setup SXTC green? True 05:20:00 O 2.0200 H 2.3000 L 2.0101 C 2.2100 V 337113
2026-10-07 09:22:21,974 [v36] setup SXTC red? True 05:21:00 O 2.1900 H 2.2500 L 2.1200 C 2.1404 V 184523 -> trigger 2.2000
2026-10-07 09:22:22,367 [v36b] (same SXTC 05:20/05:21)
2026-10-07 09:49:04,426 [v36b] setup SXTC green? True 05:47:00 O 2.4404 H 2.5500 L 2.4100 C 2.5297 V 277017
2026-10-07 09:49:04,426 [v36b] setup SXTC red? True 05:48:00 O 2.5300 H 2.5500 L 2.4100 C 2.5200 V 219802 -> trigger 2.5400
2026-10-07 09:49:06,538 [v36] (same SXTC 05:47/05:48)
2026-10-07 09:51:34,964 [v36] setup SXTC green? False 05:49:00 O 2.5293 H 2.7200 L 2.4000 C 2.4607 V 303658
2026-10-07 09:51:34,964 [v36] setup SXTC red? True 05:50:00 O 2.4700 H 2.4700 L 2.3400 C 2.3900 V 164666 -> trigger 2.4800
2026-10-07 09:51:38,421 [v36b] (same SXTC 05:49/05:50)
2026-10-07 10:42:33,881 [v36] setup LPCN green? True 06:40:00 O 2.5800 H 2.7000 L 2.5000 C 2.6500 V 382584
2026-10-07 10:42:33,881 [v36] setup LPCN red? True 06:41:00 O 2.6600 H 2.6700 L 2.5350 C 2.6100 V 257550 -> trigger 2.6700
2026-10-07 10:42:37,268 [v36b] (same LPCN 06:40/06:41)
2026-10-07 10:52:14,320 [v36b] setup LPCN green? False 06:50:00 O 2.8800 H 2.9000 L 2.7650 C 2.7992 V 439637
2026-10-07 10:52:14,320 [v36b] setup LPCN red? True 06:51:00 O 2.7902 H 2.8550 L 2.7100 C 2.7803 V 311100 -> trigger 2.8002
2026-10-07 10:52:17,331 [v36] (same LPCN 06:50/06:51)
2026-10-07 10:56:10,578 [v36] setup LPCN green? True 06:54:00 O 2.8898 H 2.9509 L 2.8400 C 2.9400 V 320733
2026-10-07 10:56:10,578 [v36] setup LPCN red? True 06:55:00 O 2.9500 H 2.9700 L 2.8900 C 2.9300 V 288467 -> trigger 2.9600
2026-10-07 10:56:13,485 [v36b] (same LPCN 06:54/06:55)
2026-10-07 11:00:06,459 [v36b] setup LPCN green? True 06:58:00 O 3.1000 H 3.1300 L 3.0700 C 3.1050 V 401463
2026-10-07 11:00:06,459 [v36b] setup LPCN red? True 06:59:00 O 3.1100 H 3.1500 L 3.0450 C 3.0850 V 389018 -> trigger 3.1200
2026-10-07 11:00:12,568 [v36] (same LPCN 06:58/06:59)
2026-10-07 11:16:40,393 [v36b] setup APUS green? True 07:14:00 O 8.3900 H 8.5700 L 8.3400 C 8.5200 V 85307
2026-10-07 11:16:40,393 [v36b] setup APUS red? True 07:15:00 O 8.5000 H 8.5454 L 8.3000 C 8.3502 V 59651 -> trigger 8.5100
2026-10-07 11:16:40,512 [v36] (same APUS 07:14/07:15)
2026-10-07 11:18:09,149 [v36] setup LPCN green? False 07:16:00 O 3.4210 H 3.4500 L 3.3600 C 3.4200 V 804054
2026-10-07 11:18:09,149 [v36] setup LPCN red? True 07:17:00 O 3.4100 H 3.4300 L 3.3200 C 3.3900 V 656843 -> trigger 3.4200
2026-10-07 11:18:10,252 [v36b] (same LPCN 07:16/07:17)
2026-10-07 12:09:10,815 [v36b] setup SPAI green? True 08:07:00 O 4.5800 H 4.9699 L 4.5300 C 4.9290 V 303998
2026-10-07 12:09:10,815 [v36b] setup SPAI red? True 08:08:00 O 4.9200 H 4.9200 L 4.4121 C 4.5200 V 267043 -> trigger 4.9300
2026-10-07 12:09:15,315 [v36] (same SPAI 08:07/08:08)
2026-10-07 12:13:37,364 [v36] setup SPAI green? True 08:11:00 O 4.9300 H 5.0000 L 4.7950 C 4.9900 V 236315
2026-10-07 12:13:37,364 [v36] setup SPAI red? True 08:12:00 O 5.0000 H 5.1000 L 4.8300 C 4.8900 V 273864 -> trigger 5.0100
2026-10-07 12:13:38,479 [v36b] (same SPAI 08:11/08:12)
2026-10-07 12:38:02,851 [v36] setup MTEN green? True 08:36:00 O 1.3300 H 1.5000 L 1.3300 C 1.4700 V 1046726
2026-10-07 12:38:02,851 [v36] setup MTEN red? True 08:37:00 O 1.4700 H 1.5200 L 1.4200 C 1.4615 V 941477 -> trigger 1.4800
2026-10-07 12:38:04,654 [v36b] (same MTEN 08:36/08:37)
