2026-10-07 16:36:37,397 INFO ROSTER 37 names | in: ACCL 2.58 AIFU 12.31 BBCI 15.50 BRIA 1.29 BYAH 3.23 CANG 3.55 CCG 5.38 CD 9.39 CMND 6.70 CXAI 2.05 DKI 3.64 DLXY 2.46 FFR 2.05 FGC 7.65 FHTX 2.13 IHT 1.19 JWEL 2.43 LGCL 4.53 MIC 16.22 MOBX 1.19 MUG 18.90 NAUT 2.17 NEPH 3.54 NXTC 6.39 OLOX 1.13 PFAI 7.02 PRME 3.90 QTEX 1.54 SBFM 1.56 SCTX 17.88 SMXT 4.35 SNDC 8.61 SNDG 10.21 SNXX 16.50 SPOG 7.36 TTRX 13.03 ZSQR 5.49 | out: -
2026-10-07 16:36:37,397 INFO ROSTER ALL 37: ACCL 2.58 AIFU 12.31 BBCI 15.50 BRIA 1.29 BYAH 3.23 CANG 3.55 CCG 5.38 CD 9.39 CMND 6.70 CXAI 2.05 DKI 3.64 DLXY 2.46 FFR 2.05 FGC 7.65 FHTX 2.13 IHT 1.19 JWEL 2.43 LGCL 4.53 MIC 16.22 MOBX 1.19 MUG 18.90 NAUT 2.17 NEPH 3.54 NXTC 6.39 OLOX 1.13 PFAI 7.02 PRME 3.90 QTEX 1.54 SBFM 1.56 SCTX 17.88 SMXT 4.35 SNDC 8.61 SNDG 10.21 SNXX 16.50 SPOG 7.36 TTRX 13.03 ZSQR 5.49
2026-10-07 16:37:03,862 INFO ROSTER 38 names | in: ADCT 1.41 | out: -
2026-10-07 16:38:14,926 INFO ROSTER 37 names | in: - | out: ADCT
2026-10-07 16:40:38,065 INFO ROSTER 38 names | in: GOTU 2.83 | out: -
2026-10-07 16:40:50,103 INFO ROSTER 38 names | in: ADCT 1.41 | out: NEPH
2026-10-07 16:41:25,758 INFO ROSTER 37 names | in: - | out: ADCT
2026-10-07 16:41:37,629 INFO ROSTER 36 names | in: - | out: GOTU
2026-10-07 16:41:49,460 INFO ROSTER 38 names | in: ADCT 1.41 GAME 3.19 | out: -
2026-10-07 16:42:48,616 INFO ROSTER 37 names | in: - | out: ADCT
2026-10-07 16:43:00,507 INFO ROSTER 38 names | in: ADCT 1.41 | out: -
2026-10-07 16:44:11,989 INFO ROSTER 37 names | in: - | out: ADCT
2026-10-07 16:44:35,653 INFO ROSTER 35 names | in: - | out: FHTX IHT
2026-10-07 16:45:23,862 INFO ROSTER 34 names | in: - | out: NXTC
2026-10-07 16:45:35,749 INFO ROSTER 35 names | in: FHTX 2.13 | out: -
2026-10-07 16:46:11,947 INFO ROSTER 36 names | in: ADCT 1.41 ORKT 1.04 | out: TTRX
2026-10-07 16:46:24,342 INFO ROSTER 35 names | in: - | out: ADCT
2026-10-07 16:46:59,977 INFO ROSTER 36 names | in: TTRX 13.05 | out: -
2026-10-07 16:47:35,665 INFO ROSTER 35 names | in: - | out: TTRX
2026-10-07 16:47:47,431 INFO ROSTER 36 names | in: IHT 1.19 | out: -
2026-10-07 16:47:59,214 INFO ROSTER 36 names | in: ADCT 1.41 | out: IHT
2026-10-07 16:48:22,897 INFO ROSTER 35 names | in: - | out: ADCT
2026-10-07 16:48:34,585 INFO ROSTER 36 names | in: TDTH 1.07 | out: -
2026-10-07 16:48:58,164 INFO ROSTER 37 names | in: ADCT 1.41 | out: -
2026-10-07 16:49:10,226 INFO ROSTER 36 names | in: - | out: ADCT
2026-10-07 16:49:33,818 INFO ROSTER 35 names | in: - | out: CCG
2026-10-07 16:50:21,586 INFO ROSTER 37 names | in: ADCT 1.41 NXTC 6.39 | out: -
2026-10-07 16:50:33,396 INFO ROSTER 36 names | in: - | out: ADCT
2026-10-07 16:51:21,330 INFO ROSTER 37 names | in: ADCT 1.41 | out: -
2026-10-07 16:51:45,017 INFO ROSTER 36 names | in: - | out: ADCT
2026-10-07 16:51:45,017 INFO ROSTER ALL 36: ACCL 2.58 AIFU 12.31 BBCI 15.50 BRIA 1.29 BYAH 3.23 CANG 3.55 CD 9.39 CMND 6.70 CXAI 2.30 DKI 3.64 DLXY 2.46 FFR 2.05 FGC 7.65 FHTX 2.14 GAME 3.19 JWEL 2.43 LGCL 4.53 MIC 16.40 MOBX 1.19 MUG 19.11 NAUT 2.17 NXTC 6.39 OLOX 1.13 ORKT 1.04 PFAI 7.02 PRME 3.90 QTEX 1.54 SBFM 1.56 SCTX 18.16 SMXT 4.35 SNDC 8.61 SNDG 10.21 SNXX 16.50 SPOG 7.36 TDTH 1.07 ZSQR 5.49
2026-10-07 16:52:20,751 INFO ROSTER 35 names | in: - | out: NXTC
2026-10-07 16:52:32,614 INFO ROSTER 36 names | in: ADCT 1.41 | out: -
2026-10-07 16:53:20,814 INFO ROSTER 35 names | in: - | out: ADCT
2026-10-07 16:53:32,638 INFO ROSTER 35 names | in: IHT 1.19 | out: ORKT
2026-10-07 16:53:44,621 INFO ROSTER 35 names | in: ADCT 1.41 | out: AIFU
2026-10-07 16:53:56,597 INFO ROSTER 34 names | in: - | out: ADCT
2026-10-07 16:54:08,927 INFO ROSTER 35 names | in: LGHL 3.75 | out: -
2026-10-07 16:54:44,884 INFO ROSTER 34 names | in: - | out: GAME
2026-10-07 16:54:56,856 INFO ROSTER 35 names | in: ISPR 1.51 | out: -
2026-10-07 16:55:20,846 INFO ROSTER 36 names | in: SXTC 3.55 | out: -
2026-10-07 16:56:43,996 INFO ROSTER 38 names | in: ADCT 1.41 GAME 3.19 | out: -
2026-10-07 16:57:07,869 INFO ROSTER 37 names | in: - | out: GAME
2026-10-07 16:57:19,825 INFO ROSTER 36 names | in: - | out: SBFM
2026-10-07 16:57:31,823 INFO ROSTER 35 names | in: - | out: ADCT
2026-10-07 16:57:43,586 INFO ROSTER 36 names | in: NXTC 6.39 | out: -
2026-10-07 16:58:19,516 INFO ROSTER 37 names | in: ADCT 1.41 | out: -
2026-10-07 16:58:31,419 INFO ROSTER 36 names | in: - | out: IHT
2026-10-07 16:58:55,084 INFO ROSTER 37 names | in: JVA 4.60 | out: -
2026-10-07 16:59:54,628 INFO ROSTER 37 names | in: CCOI 10.18 | out: ADCT
2026-10-07 17:00:07,868 INFO ROSTER 36 names | in: - | out: CCOI
2026-10-07 17:00:44,187 INFO ROSTER 36 names | in: CCOI 10.19 | out: ISPR
2026-10-07 17:01:08,137 INFO ROSTER 35 names | in: - | out: CCOI
2026-10-07 17:01:20,132 INFO ROSTER 34 names | in: - | out: SXTC
2026-10-07 17:01:32,655 INFO ROSTER 36 names | in: ADCT 1.41 SXTC 3.90 | out: -
2026-10-07 17:02:09,198 INFO ROSTER 34 names | in: - | out: LGHL SXTC
2026-10-07 17:02:21,598 INFO ROSTER 32 names | in: - | out: CXAI QTEX
2026-10-07 17:02:46,058 INFO ROSTER 32 names | in: QTEX 1.54 | out: ADCT
2026-10-07 17:02:58,483 INFO ROSTER 32 names | in: SXTC 3.92 | out: MOBX
2026-10-07 17:03:10,995 INFO ROSTER 32 names | in: BIYA 2.50 | out: QTEX
2026-10-07 17:03:23,044 INFO ROSTER 35 names | in: ADCT 1.41 CCOI 10.20 LGHL 3.75 MOBX 1.19 | out: BIYA
2026-10-07 17:03:35,047 INFO ROSTER 35 names | in: SBFM 1.56 | out: ADCT
2026-10-07 17:03:58,874 INFO ROSTER 37 names | in: CXAI 2.30 ISPR 1.51 | out: -
2026-10-07 17:04:47,232 INFO ROSTER 36 names | in: - | out: MOBX
2026-10-07 17:05:11,498 INFO ROSTER 35 names | in: - | out: ISPR
2026-10-07 17:05:37,256 INFO ROSTER 34 names | in: - | out: SBFM
2026-10-07 17:05:50,139 INFO ROSTER 34 names | in: ADCT 1.41 | out: CXAI
2026-10-07 17:06:02,712 INFO ROSTER 35 names | in: SBFM 1.56 | out: -
2026-10-07 17:06:15,994 INFO ROSTER 35 names | in: CXAI 2.30 MOBX 1.19 | out: ADCT SBFM
2026-10-07 17:06:28,426 INFO ROSTER 34 names | in: - | out: MOBX
2026-10-07 17:06:41,231 INFO ROSTER 33 names | in: - | out: CXAI
2026-10-07 17:06:54,426 INFO ROSTER ALL 33: ACCL 2.58 BBCI 15.50 BRIA 1.29 BYAH 3.23 CANG 3.59 CCOI 10.21 CD 9.39 CMND 6.70 DKI 3.64 DLXY 2.46 FFR 2.05 FGC 7.70 FHTX 2.14 JVA 4.64 JWEL 2.43 LGCL 4.53 LGHL 3.75 MIC 16.49 MUG 19.11 NAUT 2.17 NXTC 6.39 OLOX 1.13 PFAI 7.02 PRME 3.95 SCTX 18.16 SMXT 4.35 SNDC 8.61 SNDG 10.21 SNXX 16.50 SPOG 7.36 SXTC 4.47 TDTH 1.07 ZSQR 5.49
2026-10-07 17:07:34,205 INFO ROSTER 33 names | in: BIYA 2.50 | out: BBCI
2026-10-07 17:08:14,714 INFO ROSTER 34 names | in: BBCI 15.50 | out: -
2026-10-07 17:08:39,847 INFO ROSTER 35 names | in: ADCT 1.41 | out: -
2026-10-07 17:08:52,158 INFO ROSTER 34 names | in: - | out: BIYA
2026-10-07 17:09:07,733 INFO ROSTER 35 names | in: BIYA 2.50 QTEX 1.54 | out: ADCT
2026-10-07 17:09:32,140 INFO ROSTER 34 names | in: - | out: BRIA
2026-10-07 17:09:44,094 INFO ROSTER 35 names | in: IHT 1.19 | out: -
2026-10-07 17:10:21,080 INFO ROSTER 36 names | in: ADCT 1.41 | out: -
2026-10-07 17:10:57,360 INFO ROSTER 35 names | in: - | out: ADCT
2026-10-07 17:11:23,422 INFO ROSTER 36 names | in: ADCT 1.41 | out: -
2026-10-07 17:11:36,573 INFO ROSTER 35 names | in: - | out: CCOI
2026-10-07 17:12:00,738 INFO ROSTER 36 names | in: CCOI 10.27 | out: -
2026-10-07 17:12:25,342 INFO ROSTER 35 names | in: - | out: JVA
2026-10-07 17:13:13,756 INFO ROSTER 35 names | in: BRIA 1.38 | out: CCOI
2026-10-07 17:13:50,167 INFO ROSTER 36 names | in: JVA 4.64 | out: -
2026-10-07 17:14:14,248 INFO ROSTER 36 names | in: MKZR 1.49 | out: NXTC
2026-10-07 17:14:26,206 INFO ROSTER 35 names | in: - | out: ADCT
2026-10-07 17:14:49,923 INFO ROSTER 37 names | in: CCOI 10.27 SMCX 16.09 | out: -
2026-10-07 17:15:02,215 INFO ROSTER 38 names | in: ADCT 1.41 | out: -
2026-10-07 17:15:26,615 INFO ROSTER 37 names | in: - | out: QTEX
2026-10-07 17:15:38,611 INFO ROSTER 36 names | in: - | out: CCOI
2026-10-07 17:16:50,505 INFO ROSTER 37 names | in: NXTC 6.39 | out: -
2026-10-07 17:17:15,018 INFO ROSTER 38 names | in: MOBX 1.19 | out: -
2026-10-07 17:18:26,862 INFO ROSTER 39 names | in: QTEX 1.54 | out: -
2026-10-07 17:18:51,059 INFO ROSTER 40 names | in: MODD 3.05 | out: -
2026-10-07 17:20:03,271 INFO ROSTER 39 names | in: - | out: CMND
2026-10-07 17:20:15,546 INFO ROSTER 38 names | in: - | out: FHTX
2026-10-07 17:21:04,931 INFO ROSTER 39 names | in: FHTX 2.14 VRXA 1.30 | out: BIYA
2026-10-07 17:21:17,353 INFO ROSTER 39 names | in: CMND 6.70 | out: VRXA
2026-10-07 17:21:29,567 INFO ROSTER 40 names | in: BIYA 2.65 | out: -
2026-10-07 17:21:41,593 INFO ROSTER 39 names | in: - | out: BIYA
2026-10-07 17:21:53,563 INFO ROSTER 40 names | in: TTRX 13.05 | out: -
2026-10-07 17:22:05,532 INFO ROSTER ALL 40: ACCL 2.58 ADCT 1.41 BBCI 15.50 BRIA 1.39 BYAH 3.23 CANG 3.59 CD 9.39 CMND 6.70 DKI 3.64 DLXY 2.46 FFR 2.05 FGC 7.78 FHTX 2.14 IHT 1.19 JVA 4.71 JWEL 2.43 LGCL 4.53 LGHL 3.75 MIC 16.49 MKZR 1.50 MOBX 1.19 MODD 3.05 MUG 19.15 NAUT 2.17 NXTC 6.39 OLOX 1.13 PFAI 7.02 PRME 3.95 QTEX 1.54 SCTX 18.16 SMCX 16.23 SMXT 4.35 SNDC 8.61 SNDG 10.21 SNXX 16.50 SPOG 7.36 SXTC 4.88 TDTH 1.07 TTRX 13.05 ZSQR 5.49
2026-10-07 17:22:17,832 INFO ROSTER 40 names | in: VRXA 1.30 | out: TTRX
2026-10-07 17:22:30,363 INFO ROSTER 40 names | in: BIYA 2.65 | out: LGHL
2026-10-07 17:22:54,529 INFO ROSTER 40 names | in: LGHL 3.75 | out: BIYA
2026-10-07 17:23:18,896 INFO ROSTER 41 names | in: BIYA 2.65 | out: -
2026-10-07 17:24:43,769 INFO ROSTER 42 names | in: CCOI 10.27 | out: -
2026-10-07 17:25:48,520 INFO ROSTER 41 names | in: - | out: LGHL
2026-10-07 17:26:52,982 INFO ROSTER 42 names | in: LGHL 3.75 | out: -
2026-10-07 17:27:41,613 INFO ROSTER 43 names | in: TTRX 13.05 | out: -
2026-10-07 17:28:17,007 INFO ROSTER 42 names | in: - | out: LGHL
2026-10-07 17:29:38,631 INFO ROSTER 43 names | in: IDAI 3.61 | out: -
2026-10-07 17:31:26,427 INFO ROSTER 42 names | in: - | out: TTRX
2026-10-07 17:32:03,433 INFO ROSTER 41 names | in: - | out: VRXA
2026-10-07 17:32:41,055 INFO ROSTER 40 names | in: - | out: SMCX
2026-10-07 17:32:52,895 INFO ROSTER 41 names | in: AVBP 16.86 VRXA 1.32 | out: BBCI
2026-10-07 17:33:06,733 INFO ROSTER 40 names | in: - | out: AVBP
2026-10-07 17:33:18,606 INFO ROSTER 39 names | in: - | out: IDAI
2026-10-07 17:33:42,349 INFO ROSTER 40 names | in: AVBP 16.86 | out: -
2026-10-07 17:34:06,419 INFO ROSTER 39 names | in: - | out: VRXA
2026-10-07 17:34:18,427 INFO ROSTER 38 names | in: - | out: AVBP
2026-10-07 17:34:42,994 INFO ROSTER 40 names | in: IDAI 3.63 MNDR 1.38 | out: -
2026-10-07 17:34:54,833 INFO ROSTER 38 names | in: SMCX 16.28 | out: IDAI MNDR TDTH
2026-10-07 17:35:31,241 INFO ROSTER 38 names | in: MNDR 1.38 | out: SMCX
2026-10-07 17:35:43,452 INFO ROSTER 37 names | in: - | out: MNDR
2026-10-07 17:35:50,409 INFO ROSTER 38 names | in: ACCL 2.58 ADCT 1.41 BIYA 2.81 BRIA 1.39 BYAH 3.23 CANG 3.59 CCOI 10.27 CD 9.39 CMND 6.70 DKI 3.64 DLXY 2.46 FFR 2.05 FGC 7.78 FHTX 2.14 IHT 1.19 JVA 4.75 JWEL 2.43 LGCL 4.53 MIC 16.49 MKZR 1.52 MNDR 1.38 MOBX 1.19 MODD 3.05 MUG 19.15 NAUT 2.17 NXTC 6.39 OLOX 1.13 PFAI 7.02 PRME 3.95 QTEX 1.54 SCTX 18.16 SMXT 4.35 SNDC 8.61 SNDG 10.21 SNXX 16.50 SPOG 7.36 SXTC 6.74 ZSQR 5.49 | out: -
2026-10-07 17:35:50,409 INFO ROSTER ALL 38: ACCL 2.58 ADCT 1.41 BIYA 2.81 BRIA 1.39 BYAH 3.23 CANG 3.59 CCOI 10.27 CD 9.39 CMND 6.70 DKI 3.64 DLXY 2.46 FFR 2.05 FGC 7.78 FHTX 2.14 IHT 1.19 JVA 4.75 JWEL 2.43 LGCL 4.53 MIC 16.49 MKZR 1.52 MNDR 1.38 MOBX 1.19 MODD 3.05 MUG 19.15 NAUT 2.17 NXTC 6.39 OLOX 1.13 PFAI 7.02 PRME 3.95 QTEX 1.54 SCTX 18.16 SMXT 4.35 SNDC 8.61 SNDG 10.21 SNXX 16.50 SPOG 7.36 SXTC 6.74 ZSQR 5.49
2026-10-07 17:35:55,713 INFO ROSTER 38 names | in: MNDR 1.38 | out: -
2026-10-07 17:36:05,483 INFO ROSTER 37 names | in: - | out: MNDR
2026-10-07 17:36:08,021 INFO ROSTER 37 names | in: - | out: MNDR
2026-10-07 17:36:17,115 INFO ROSTER 38 names | in: MNDR 1.38 | out: -
2026-10-07 17:36:20,099 INFO ROSTER 38 names | in: MNDR 1.38 | out: -
2026-10-07 17:36:28,802 INFO ROSTER 38 names | in: FNG 7.14 | out: MNDR
2026-10-07 17:36:31,918 INFO ROSTER 40 names | in: FNG 7.14 LGHL 3.75 | out: -
2026-10-07 17:36:40,557 INFO ROSTER 40 names | in: LGHL 3.75 MNDR 1.38 | out: -
2026-10-07 17:37:16,546 INFO ROSTER 40 names | in: VRXA 1.32 | out: FNG
2026-10-07 17:37:40,268 INFO ROSTER 39 names | in: - | out: LGHL
2026-10-07 17:38:39,330 INFO ROSTER 38 names | in: - | out: CCOI
2026-10-07 17:39:02,956 INFO ROSTER 37 names | in: - | out: VRXA
2026-10-07 17:40:04,419 INFO ROSTER 38 names | in: VRXA 1.32 | out: -
2026-10-07 17:40:39,327 INFO ROSTER 39 names | in: SMCX 16.28 | out: -
2026-10-07 17:40:51,176 INFO ROSTER 38 names | in: - | out: MNDR
2026-10-07 17:41:26,745 INFO ROSTER 38 names | in: MNDR 1.53 | out: SMCX
2026-10-07 17:41:38,524 INFO ROSTER 39 names | in: SMCX 16.28 | out: -
2026-10-07 17:42:01,498 INFO ROSTER 40 names | in: LGHL 3.75 | out: -
2026-10-07 17:42:13,450 INFO ROSTER 39 names | in: - | out: SMCX
2026-10-07 17:42:37,291 INFO ROSTER 41 names | in: AVBP 16.86 SMCX 16.28 | out: -
2026-10-07 17:42:48,898 INFO ROSTER 40 names | in: - | out: AVBP
2026-10-07 17:43:00,512 INFO ROSTER 41 names | in: AVBP 17.05 | out: -
2026-10-07 17:43:12,140 INFO ROSTER 40 names | in: - | out: LGHL
2026-10-07 17:43:24,176 INFO ROSTER 39 names | in: - | out: VRXA
2026-10-07 17:43:35,694 INFO ROSTER 41 names | in: ISPR 1.51 VRXA 1.32 | out: -
2026-10-07 17:45:31,919 INFO ROSTER 41 names | in: SBFM 1.56 | out: MNDR
2026-10-07 17:45:55,205 INFO ROSTER 42 names | in: MNDR 1.53 | out: -
2026-10-07 17:46:06,931 INFO ROSTER 41 names | in: - | out: SMCX
2026-10-07 17:46:18,393 INFO ROSTER 42 names | in: SMCX 16.28 | out: -
2026-10-07 17:46:29,899 INFO ROSTER 41 names | in: - | out: MNDR
2026-10-07 17:46:52,903 INFO ROSTER 40 names | in: - | out: IHT
2026-10-07 17:47:51,286 INFO ROSTER 41 names | in: MNDR 1.53 | out: -
2026-10-07 17:48:03,398 INFO ROSTER 39 names | in: - | out: CMND ISPR
2026-10-07 17:48:15,535 INFO ROSTER 38 names | in: - | out: MNDR
2026-10-07 17:48:27,534 INFO ROSTER 39 names | in: SKIL 6.38 | out: -
2026-10-07 17:48:39,431 INFO ROSTER 40 names | in: MNDR 1.53 | out: -
2026-10-07 17:48:51,296 INFO ROSTER 39 names | in: - | out: MNDR
2026-10-07 17:49:14,874 INFO ROSTER 40 names | in: MNDR 1.53 | out: -
2026-10-07 17:49:26,646 INFO ROSTER 39 names | in: - | out: MNDR
2026-10-07 17:50:15,027 INFO ROSTER 40 names | in: MNDR 1.53 | out: -
2026-10-07 17:50:27,240 INFO ROSTER 39 names | in: - | out: SMCX
2026-10-07 17:50:39,226 INFO ROSTER 38 names | in: - | out: ADCT
2026-10-07 17:50:51,252 INFO ROSTER 37 names | in: - | out: SBFM
2026-10-07 17:50:51,253 INFO ROSTER ALL 37: ACCL 2.58 AVBP 17.34 BIYA 2.89 BRIA 1.39 BYAH 3.23 CANG 3.59 CD 9.60 DKI 3.64 DLXY 2.46 FFR 2.05 FGC 7.78 FHTX 2.15 JVA 4.75 JWEL 2.43 LGCL 4.53 MIC 16.49 MKZR 1.55 MNDR 1.53 MOBX 1.19 MODD 3.05 MUG 19.15 NAUT 2.17 NXTC 6.39 OLOX 1.13 PFAI 7.02 PRME 3.95 QTEX 1.56 SCTX 18.16 SKIL 6.39 SMXT 4.35 SNDC 8.61 SNDG 10.21 SNXX 16.50 SPOG 7.36 SXTC 7.74 VRXA 1.32 ZSQR 5.49
2026-10-07 17:51:03,552 INFO ROSTER 38 names | in: ADCT 1.41 | out: -
2026-10-07 17:51:40,451 INFO ROSTER 39 names | in: QUCY 1.40 | out: -
2026-10-07 17:52:18,166 INFO ROSTER 38 names | in: - | out: ADCT
2026-10-07 17:52:31,795 INFO ROSTER 37 names | in: - | out: QUCY
2026-10-07 17:52:46,315 INFO ROSTER 39 names | in: ADCT 1.41 QUCY 1.40 | out: -
2026-10-07 17:53:14,387 INFO ROSTER 40 names | in: FOIL 18.16 | out: -
2026-10-07 17:53:26,887 INFO ROSTER 39 names | in: - | out: ADCT
2026-10-07 17:53:42,628 INFO ROSTER 39 names | in: ADCT 1.41 | out: QUCY
2026-10-07 17:54:33,327 INFO ROSTER 38 names | in: - | out: FOIL
2026-10-07 17:55:34,375 INFO ROSTER 37 names | in: - | out: BIYA
2026-10-07 17:56:12,312 INFO ROSTER 37 names | in: ACCL 2.58 ADCT 1.41 AVBP 17.34 BRIA 1.39 BYAH 3.23 CANG 3.59 CD 9.60 DKI 3.64 DLXY 2.46 FFR 2.05 FGC 7.78 FHTX 2.15 JVA 4.75 JWEL 2.43 LGCL 4.53 MIC 16.49 MKZR 1.55 MNDR 1.53 MOBX 1.20 MODD 3.05 MUG 19.15 NAUT 2.17 NXTC 6.39 OLOX 1.13 PFAI 7.02 PRME 3.95 QTEX 1.56 SCTX 18.16 SKIL 6.48 SMXT 4.35 SNDC 8.61 SNDG 10.21 SNXX 16.50 SPOG 7.36 SXTC 7.99 VRXA 1.32 ZSQR 5.49 | out: -
2026-10-07 17:56:12,312 INFO ROSTER ALL 37: ACCL 2.58 ADCT 1.41 AVBP 17.34 BRIA 1.39 BYAH 3.23 CANG 3.59 CD 9.60 DKI 3.64 DLXY 2.46 FFR 2.05 FGC 7.78 FHTX 2.15 JVA 4.75 JWEL 2.43 LGCL 4.53 MIC 16.49 MKZR 1.55 MNDR 1.53 MOBX 1.20 MODD 3.05 MUG 19.15 NAUT 2.17 NXTC 6.39 OLOX 1.13 PFAI 7.02 PRME 3.95 QTEX 1.56 SCTX 18.16 SKIL 6.48 SMXT 4.35 SNDC 8.61 SNDG 10.21 SNXX 16.50 SPOG 7.36 SXTC 7.99 VRXA 1.32 ZSQR 5.49
2026-10-07 17:56:25,953 INFO ROSTER 38 names | in: BIYA 2.89 | out: -
2026-10-07 17:56:37,761 INFO ROSTER 37 names | in: - | out: BIYA
2026-10-07 17:57:05,855 INFO ROSTER 38 names | in: BIYA 2.89 | out: -
2026-10-07 17:57:29,715 INFO ROSTER 39 names | in: SMCX 16.28 | out: -
2026-10-07 17:57:41,424 INFO ROSTER 38 names | in: - | out: SMCX
2026-10-07 17:58:18,310 INFO ROSTER 37 names | in: - | out: ADCT
2026-10-07 17:58:30,313 INFO ROSTER 38 names | in: SMCX 16.28 | out: -
2026-10-07 17:58:42,139 INFO ROSTER 38 names | in: ADCT 1.41 | out: OLOX
2026-10-07 17:58:54,304 INFO ROSTER 37 names | in: - | out: MODD
2026-10-07 17:59:18,306 INFO ROSTER 36 names | in: - | out: ADCT
2026-10-07 17:59:30,276 INFO ROSTER 37 names | in: MODD 3.05 | out: -
2026-10-07 17:59:42,143 INFO ROSTER 38 names | in: ADCT 1.41 | out: -
2026-10-07 17:59:53,937 INFO ROSTER 37 names | in: - | out: ADCT
2026-10-07 18:00:08,920 INFO ROSTER 38 names | in: ADCT 1.41 | out: -
2026-10-07 18:00:45,753 INFO ROSTER 37 names | in: - | out: BIYA
2026-10-07 18:01:10,324 INFO ROSTER 35 names | in: - | out: ADCT LGCL
2026-10-07 18:01:22,415 INFO ROSTER 36 names | in: ADCT 1.41 | out: -
2026-10-07 18:01:34,438 INFO ROSTER 37 names | in: CPHI 1.00 QUCY 1.41 | out: ADCT
2026-10-07 18:01:46,740 INFO ROSTER 36 names | in: - | out: CPHI
2026-10-07 18:01:58,556 INFO ROSTER 38 names | in: ADCT 1.41 CPHI 1.04 | out: -
2026-10-07 18:02:46,340 INFO ROSTER 36 names | in: - | out: ADCT CPHI
2026-10-07 18:03:10,189 INFO ROSTER 38 names | in: ADCT 1.41 CPHI 1.06 | out: -
2026-10-07 18:03:33,887 INFO ROSTER 40 names | in: BIYA 2.89 LGCL 4.53 | out: -
2026-10-07 18:03:45,596 INFO ROSTER 39 names | in: - | out: VRXA
2026-10-07 18:03:57,261 INFO ROSTER 38 names | in: - | out: CPHI
2026-10-07 18:04:21,034 INFO ROSTER 39 names | in: LBGJ 2.13 | out: -
2026-10-07 18:04:32,936 INFO ROSTER 40 names | in: CPHI 1.06 | out: -
2026-10-07 18:04:44,777 INFO ROSTER 39 names | in: - | out: LBGJ
2026-10-07 18:04:56,626 INFO ROSTER 40 names | in: LBGJ 2.18 | out: -
2026-10-07 18:05:08,834 INFO ROSTER 39 names | in: - | out: CPHI
2026-10-07 18:05:21,033 INFO ROSTER 38 names | in: - | out: BIYA
2026-10-07 18:06:21,073 INFO ROSTER 40 names | in: BIYA 2.89 VRXA 1.32 | out: -
2026-10-07 18:06:33,088 INFO ROSTER 38 names | in: - | out: BIYA VRXA
2026-10-07 18:06:45,128 INFO ROSTER 40 names | in: BIYA 2.89 IPDN 4.12 | out: -
2026-10-07 18:07:09,238 INFO ROSTER 39 names | in: - | out: BIYA
2026-10-07 18:07:33,121 INFO ROSTER 39 names | in: ACCL 2.58 ADCT 1.41 AVBP 17.34 BRIA 1.39 BYAH 3.23 CANG 3.61 CD 9.60 DKI 3.64 DLXY 2.46 FFR 2.05 FGC 7.78 FHTX 2.15 IPDN 4.12 JVA 4.75 JWEL 2.43 LBGJ 2.27 LGCL 4.53 MIC 16.49 MKZR 1.55 MNDR 1.60 MOBX 1.24 MODD 3.05 MUG 19.15 NAUT 2.17 NXTC 6.39 PFAI 7.02 PRME 3.95 QTEX 1.56 QUCY 1.41 SCTX 18.16 SKIL 6.53 SMCX 16.30 SMXT 4.40 SNDC 8.61 SNDG 10.21 SNXX 16.50 SPOG 7.36 SXTC 9.59 ZSQR 5.49 | out: -
2026-10-07 18:07:33,121 INFO ROSTER ALL 39: ACCL 2.58 ADCT 1.41 AVBP 17.34 BRIA 1.39 BYAH 3.23 CANG 3.61 CD 9.60 DKI 3.64 DLXY 2.46 FFR 2.05 FGC 7.78 FHTX 2.15 IPDN 4.12 JVA 4.75 JWEL 2.43 LBGJ 2.27 LGCL 4.53 MIC 16.49 MKZR 1.55 MNDR 1.60 MOBX 1.24 MODD 3.05 MUG 19.15 NAUT 2.17 NXTC 6.39 PFAI 7.02 PRME 3.95 QTEX 1.56 QUCY 1.41 SCTX 18.16 SKIL 6.53 SMCX 16.30 SMXT 4.40 SNDC 8.61 SNDG 10.21 SNXX 16.50 SPOG 7.36 SXTC 9.59 ZSQR 5.49
2026-10-07 18:07:47,173 INFO ROSTER 40 names | in: CPHI 1.06 | out: -
2026-10-07 18:07:57,265 INFO ROSTER 40 names | in: BIYA 2.89 | out: -
2026-10-07 18:07:59,045 INFO ROSTER 40 names | in: BIYA 2.89 | out: CPHI
2026-10-07 18:08:09,598 INFO ROSTER 39 names | in: - | out: BIYA
2026-10-07 18:08:10,734 INFO ROSTER 39 names | in: - | out: BIYA
2026-10-07 18:08:56,918 INFO ROSTER 38 names | in: - | out: MODD
2026-10-07 18:09:08,763 INFO ROSTER 39 names | in: AMBR 2.16 | out: -
2026-10-07 18:09:20,471 INFO ROSTER 38 names | in: - | out: AMBR
2026-10-07 18:09:31,881 INFO ROSTER 39 names | in: AMBR 2.17 | out: -
2026-10-07 18:09:55,024 INFO ROSTER 38 names | in: - | out: AMBR
2026-10-07 18:10:30,624 INFO ROSTER 39 names | in: VRXA 1.32 | out: -
2026-10-07 18:11:28,604 INFO ROSTER 41 names | in: BBCI 15.50 CPHI 1.06 | out: -
2026-10-07 18:11:40,441 INFO ROSTER 40 names | in: - | out: LGCL
2026-10-07 18:12:10,472 INFO ROSTER 40 names | in: ACCL 2.58 ADCT 1.41 AVBP 17.34 BBCI 15.50 BRIA 1.39 BYAH 3.23 CANG 3.61 CD 9.65 CPHI 1.08 DKI 3.64 DLXY 2.46 FFR 2.05 FGC 7.78 FHTX 2.15 IPDN 4.12 JVA 4.75 JWEL 2.43 LBGJ 2.33 LGCL 4.53 MIC 16.49 MKZR 1.55 MNDR 1.60 MOBX 1.24 MUG 19.15 NAUT 2.17 NXTC 6.57 PFAI 7.02 PRME 3.95 QTEX 1.56 QUCY 1.44 SCTX 18.16 SKIL 6.53 SMCX 16.30 SMXT 4.40 SNDC 8.61 SNDG 10.21 SNXX 16.50 SPOG 7.36 SXTC 9.59 ZSQR 5.49 | out: -
2026-10-07 18:12:10,472 INFO ROSTER ALL 40: ACCL 2.58 ADCT 1.41 AVBP 17.34 BBCI 15.50 BRIA 1.39 BYAH 3.23 CANG 3.61 CD 9.65 CPHI 1.08 DKI 3.64 DLXY 2.46 FFR 2.05 FGC 7.78 FHTX 2.15 IPDN 4.12 JVA 4.75 JWEL 2.43 LBGJ 2.33 LGCL 4.53 MIC 16.49 MKZR 1.55 MNDR 1.60 MOBX 1.24 MUG 19.15 NAUT 2.17 NXTC 6.57 PFAI 7.02 PRME 3.95 QTEX 1.56 QUCY 1.44 SCTX 18.16 SKIL 6.53 SMCX 16.30 SMXT 4.40 SNDC 8.61 SNDG 10.21 SNXX 16.50 SPOG 7.36 SXTC 9.59 ZSQR 5.49
2026-10-07 18:12:15,901 INFO ROSTER 40 names | in: LGCL 4.53 | out: VRXA
2026-10-07 18:12:37,311 INFO ROSTER 41 names | in: AEHL 12.71 | out: -
2026-10-07 18:12:39,140 INFO ROSTER 41 names | in: AEHL 12.97 | out: -
2026-10-07 18:13:04,232 INFO ROSTER 40 names | in: - | out: CPHI
2026-10-07 18:13:16,093 INFO ROSTER 41 names | in: CPHI 1.08 | out: -
2026-10-07 18:13:27,879 INFO ROSTER 40 names | in: - | out: CPHI
2026-10-07 18:13:51,405 INFO ROSTER 39 names | in: - | out: LGCL
2026-10-07 18:14:15,476 INFO ROSTER 40 names | in: CPHI 1.08 | out: -
2026-10-07 18:14:27,231 INFO ROSTER 41 names | in: LGCL 4.53 | out: -
2026-10-07 18:14:39,255 INFO ROSTER 40 names | in: - | out: LGCL
2026-10-07 18:14:51,332 INFO ROSTER 40 names | in: RIBB 7.30 | out: AEHL
2026-10-07 18:15:03,901 INFO ROSTER 38 names | in: - | out: CPHI RIBB
2026-10-07 18:15:28,178 INFO ROSTER 40 names | in: CPHI 1.08 LGCL 4.53 | out: -
2026-10-07 18:15:40,099 INFO ROSTER 39 names | in: - | out: LGCL
2026-10-07 18:16:24,881 INFO ROSTER 39 names | in: NCPL 1.52 | out: CPHI
2026-10-07 18:17:14,743 INFO ROSTER 40 names | in: LGCL 4.53 | out: -
2026-10-07 18:17:51,804 INFO ROSTER 41 names | in: CPHI 1.08 | out: -
2026-10-07 18:18:46,203 INFO ROSTER 41 names | in: ACCL 2.58 ADCT 1.41 AVBP 17.34 BBCI 15.50 BRIA 1.39 BYAH 3.23 CANG 3.64 CD 9.84 CPHI 1.11 DKI 3.64 DLXY 2.46 FFR 2.05 FGC 7.78 FHTX 2.15 IPDN 4.17 JVA 4.75 JWEL 2.43 LBGJ 2.36 LGCL 4.53 MIC 16.49 MKZR 1.55 MNDR 1.60 MOBX 1.24 MUG 19.15 NAUT 2.17 NCPL 1.57 NXTC 6.57 PFAI 7.02 PRME 3.95 QTEX 1.56 QUCY 1.44 SCTX 18.16 SKIL 6.53 SMCX 16.30 SMXT 4.40 SNDC 8.61 SNDG 10.21 SNXX 16.50 SPOG 7.36 SXTC 9.59 ZSQR 5.49 | out: -
2026-10-07 18:18:46,203 INFO ROSTER ALL 41: ACCL 2.58 ADCT 1.41 AVBP 17.34 BBCI 15.50 BRIA 1.39 BYAH 3.23 CANG 3.64 CD 9.84 CPHI 1.11 DKI 3.64 DLXY 2.46 FFR 2.05 FGC 7.78 FHTX 2.15 IPDN 4.17 JVA 4.75 JWEL 2.43 LBGJ 2.36 LGCL 4.53 MIC 16.49 MKZR 1.55 MNDR 1.60 MOBX 1.24 MUG 19.15 NAUT 2.17 NCPL 1.57 NXTC 6.57 PFAI 7.02 PRME 3.95 QTEX 1.56 QUCY 1.44 SCTX 18.16 SKIL 6.53 SMCX 16.30 SMXT 4.40 SNDC 8.61 SNDG 10.21 SNXX 16.50 SPOG 7.36 SXTC 9.59 ZSQR 5.49
2026-10-07 18:19:18,958 INFO ROSTER 42 names | in: AMBR 2.17 | out: -
2026-10-07 18:19:31,442 INFO ROSTER 42 names | in: AMBR 2.17 | out: -
2026-10-07 18:19:44,283 INFO ROSTER 43 names | in: ALIT 9.84 | out: -
2026-10-07 18:19:56,280 INFO ROSTER 42 names | in: - | out: ALIT
2026-10-07 18:21:10,254 INFO ROSTER 43 names | in: AIFU 12.50 | out: -
2026-10-07 18:21:34,576 INFO ROSTER 44 names | in: CNF 2.10 | out: -
2026-10-07 18:21:47,243 INFO ROSTER 43 names | in: - | out: LGCL
2026-10-07 18:22:12,662 INFO ROSTER 43 names | in: FOIL 18.60 | out: CNF
2026-10-07 18:22:37,516 INFO ROSTER 44 names | in: GWAV 2.72 | out: -
2026-10-07 18:23:13,833 INFO ROSTER 45 names | in: INLX 5.45 | out: -
2026-10-07 18:23:37,812 INFO ROSTER 44 names | in: - | out: FOIL
2026-10-07 18:23:49,793 INFO ROSTER 43 names | in: - | out: AIFU
2026-10-07 18:24:13,726 INFO ROSTER 44 names | in: CNF 2.19 | out: -
2026-10-07 18:25:51,212 INFO ROSTER 43 names | in: - | out: CNF
2026-10-07 18:26:16,114 INFO ROSTER 42 names | in: - | out: MNDR
2026-10-07 18:26:27,848 INFO ROSTER 41 names | in: - | out: BBCI
2026-10-07 18:26:51,947 INFO ROSTER 43 names | in: CNF 2.23 MNDR 1.60 | out: -
2026-10-07 18:30:04,380 INFO ROSTER 44 names | in: CCG 5.38 | out: -
2026-10-07 18:30:16,779 INFO ROSTER 45 names | in: LGCL 4.53 | out: -
2026-10-07 18:30:41,780 INFO ROSTER 44 names | in: - | out: LGCL
2026-10-07 18:30:53,641 INFO ROSTER 43 names | in: - | out: CPHI
2026-10-07 18:31:05,598 INFO ROSTER 44 names | in: CPHI 1.28 | out: -
2026-10-07 18:31:17,614 INFO ROSTER 43 names | in: - | out: CPHI
2026-10-07 18:31:41,934 INFO ROSTER 44 names | in: LGCL 4.53 | out: -
2026-10-07 18:32:17,870 INFO ROSTER 45 names | in: CPHI 1.28 | out: -
2026-10-07 18:32:53,616 INFO ROSTER 44 names | in: - | out: CPHI
2026-10-07 18:33:17,816 INFO ROSTER 43 names | in: - | out: CCG
2026-10-07 18:33:41,820 INFO ROSTER 44 names | in: FOIL 18.60 | out: -
2026-10-07 18:33:53,572 INFO ROSTER 45 names | in: CPHI 1.28 | out: -
2026-10-07 18:33:53,572 INFO ROSTER ALL 45: ACCL 2.58 ADCT 1.41 AMBR 2.18 AVBP 17.34 BRIA 1.39 BYAH 3.23 CANG 3.64 CD 10.15 CNF 2.23 CPHI 1.28 DKI 3.64 DLXY 2.46 FFR 2.05 FGC 7.78 FHTX 2.15 FOIL 18.60 GWAV 2.72 INLX 5.45 IPDN 4.19 JVA 4.75 JWEL 2.43 LBGJ 2.75 LGCL 4.53 MIC 16.49 MKZR 1.55 MNDR 1.60 MOBX 1.35 MUG 19.15 NAUT 2.17 NCPL 1.72 NXTC 6.57 PFAI 7.02 PRME 3.95 QTEX 1.56 QUCY 1.44 SCTX 18.16 SKIL 6.53 SMCX 16.30 SMXT 4.40 SNDC 8.61 SNDG 10.21 SNXX 16.50 SPOG 7.36 SXTC 9.59 ZSQR 5.49
2026-10-07 18:34:05,851 INFO ROSTER 46 names | in: CCG 5.50 | out: -
2026-10-07 18:34:17,825 INFO ROSTER 45 names | in: - | out: CPHI
2026-10-07 18:34:29,938 INFO ROSTER 46 names | in: CPHI 1.28 | out: -
2026-10-07 18:34:41,963 INFO ROSTER 45 names | in: - | out: CPHI
2026-10-07 18:37:17,446 INFO ROSTER 46 names | in: KRRO 10.64 | out: -
2026-10-07 18:37:53,087 INFO ROSTER 45 names | in: - | out: LBGJ
2026-10-07 18:38:05,159 INFO ROSTER 44 names | in: - | out: KRRO
2026-10-07 18:38:17,175 INFO ROSTER 44 names | in: LBGJ 2.75 | out: GWAV
2026-10-07 18:39:16,733 INFO ROSTER 43 names | in: - | out: LBGJ
2026-10-07 18:40:04,395 INFO ROSTER 45 names | in: CRMT 1.17 LBGJ 2.75 | out: -
2026-10-07 18:40:16,468 INFO ROSTER 44 names | in: - | out: LBGJ
2026-10-07 18:40:40,034 INFO ROSTER 45 names | in: LBGJ 2.75 | out: -
2026-10-07 18:40:51,936 INFO ROSTER 43 names | in: - | out: CRMT LBGJ
2026-10-07 18:41:03,679 INFO ROSTER 42 names | in: - | out: AVBP
2026-10-07 18:41:27,084 INFO ROSTER 43 names | in: QETA 15.50 | out: -
2026-10-07 18:41:54,017 INFO ROSTER 44 names | in: GWAV 2.72 | out: -
2026-10-07 18:42:06,102 INFO ROSTER 44 names | in: AVBP 17.34 | out: QETA
2026-10-07 18:43:17,657 INFO ROSTER 45 names | in: QSI 1.29 | out: -
2026-10-07 18:43:41,190 INFO ROSTER 45 names | in: JANX 18.18 | out: QSI
2026-10-07 18:43:53,029 INFO ROSTER 46 names | in: QSI 1.29 | out: -
2026-10-07 18:44:28,406 INFO ROSTER 45 names | in: - | out: CNF
2026-10-07 18:44:40,119 INFO ROSTER 44 names | in: - | out: GWAV
2026-10-07 18:47:02,502 INFO ROSTER 45 names | in: CCOI 10.27 | out: -
2026-10-07 18:47:14,421 INFO ROSTER 46 names | in: CMND 6.70 | out: -
2026-10-07 18:47:26,405 INFO ROSTER 47 names | in: CRMT 1.17 | out: -
2026-10-07 18:47:38,206 INFO ROSTER 44 names | in: - | out: CRMT FOIL JANX
2026-10-07 18:49:01,504 INFO ROSTER ALL 44: ACCL 2.58 ADCT 1.43 AMBR 2.21 AVBP 17.34 BRIA 1.39 BYAH 3.23 CANG 3.67 CCG 5.89 CCOI 10.27 CD 10.15 CMND 6.70 DKI 3.64 DLXY 2.46 FFR 2.05 FGC 7.78 FHTX 2.15 INLX 5.45 IPDN 4.40 JVA 4.76 JWEL 2.43 LGCL 4.53 MIC 16.51 MKZR 1.55 MNDR 1.60 MOBX 1.35 MUG 19.15 NAUT 2.17 NCPL 1.73 NXTC 6.62 PFAI 7.02 PRME 3.95 QSI 1.31 QTEX 1.58 QUCY 1.44 SCTX 18.16 SKIL 6.53 SMCX 16.30 SMXT 4.45 SNDC 8.61 SNDG 10.21 SNXX 16.50 SPOG 7.36 SXTC 9.59 ZSQR 5.49
2026-10-07 18:50:13,308 INFO ROSTER 43 names | in: - | out: QSI
2026-10-07 18:50:49,309 INFO ROSTER 44 names | in: HAO 2.61 | out: -
2026-10-07 18:52:00,978 INFO ROSTER 45 names | in: CRMT 1.17 | out: -
2026-10-07 18:52:36,809 INFO ROSTER 46 names | in: LBGJ 2.75 | out: -
2026-10-07 18:52:48,930 INFO ROSTER 44 names | in: - | out: FHTX LBGJ
2026-10-07 18:53:00,759 INFO ROSTER 45 names | in: LBGJ 2.75 | out: -
2026-10-07 18:53:24,695 INFO ROSTER 46 names | in: ALIT 9.90 | out: -
2026-10-07 18:55:37,406 INFO ROSTER 45 names | in: - | out: HAO
2026-10-07 18:55:49,177 INFO ROSTER 44 names | in: HAO 2.63 | out: ALIT LBGJ
2026-10-07 18:56:00,985 INFO ROSTER 45 names | in: ALIT 9.90 | out: -
2026-10-07 18:56:12,884 INFO ROSTER 44 names | in: - | out: ALIT
2026-10-07 18:57:00,652 INFO ROSTER 46 names | in: ALIT 9.90 LBGJ 2.75 | out: -
2026-10-07 18:57:36,432 INFO ROSTER 46 names | in: HEPS 2.67 | out: LBGJ
2026-10-07 18:58:00,331 INFO ROSTER 47 names | in: SSTK 4.50 | out: -
2026-10-07 18:58:12,682 INFO ROSTER 47 names | in: RBLU 4.96 | out: SSTK
2026-10-07 18:58:36,712 INFO ROSTER 48 names | in: FOIL 18.60 | out: -
2026-10-07 18:59:12,414 INFO ROSTER 49 names | in: INTS 3.85 | out: -
2026-10-07 19:00:00,372 INFO ROSTER 48 names | in: - | out: HAO
2026-10-07 19:00:48,664 INFO ROSTER 49 names | in: MCHX 1.42 | out: -
2026-10-07 19:01:12,730 INFO ROSTER 49 names | in: EVH 4.17 | out: MCHX
2026-10-07 19:02:13,419 INFO ROSTER 48 names | in: - | out: HEPS
2026-10-07 19:03:28,507 INFO ROSTER 47 names | in: - | out: EVH
2026-10-07 19:03:40,527 INFO ROSTER 46 names | in: - | out: SXTC
2026-10-07 19:04:05,346 INFO ROSTER ALL 46: ACCL 2.58 ADCT 1.44 ALIT 9.97 AMBR 2.24 AVBP 17.34 BRIA 1.39 BYAH 3.23 CANG 3.67 CCG 5.89 CCOI 10.30 CD 10.29 CMND 6.70 CRMT 1.17 DKI 3.64 DLXY 2.46 FFR 2.05 FGC 7.78 FOIL 18.60 INLX 5.45 INTS 3.85 IPDN 4.40 JVA 4.76 JWEL 2.43 LGCL 4.53 MIC 16.51 MKZR 1.55 MNDR 1.60 MOBX 1.35 MUG 19.15 NAUT 2.17 NCPL 1.73 NXTC 6.69 PFAI 7.02 PRME 3.99 QTEX 1.60 QUCY 1.45 RBLU 5.01 SCTX 18.16 SKIL 6.53 SMCX 16.48 SMXT 4.45 SNDC 8.61 SNDG 10.21 SNXX 16.50 SPOG 7.36 ZSQR 5.49
2026-10-07 19:04:17,461 INFO ROSTER 46 names | in: IHT 1.19 | out: CCOI
2026-10-07 19:04:29,649 INFO ROSTER 44 names | in: - | out: FOIL MKZR
2026-10-07 19:05:54,851 INFO ROSTER 44 names | in: SXTC 9.59 | out: SNDC
2026-10-07 19:06:07,184 INFO ROSTER 43 names | in: - | out: SXTC
2026-10-07 19:07:31,009 INFO ROSTER 45 names | in: FOIL 18.60 JANX 18.23 | out: -
2026-10-07 19:07:55,052 INFO ROSTER 47 names | in: CCOI 10.30 FOXX 2.60 | out: -
2026-10-07 19:08:55,394 INFO ROSTER 48 names | in: SXTC 9.59 | out: -
2026-10-07 19:09:07,337 INFO ROSTER 47 names | in: - | out: SXTC
2026-10-07 19:10:30,946 INFO ROSTER 46 names | in: - | out: FOIL
2026-10-07 19:11:30,581 INFO ROSTER 46 names | in: UP 3.78 | out: FOXX
2026-10-07 19:11:42,825 INFO ROSTER 47 names | in: FOIL 18.60 | out: -
2026-10-07 19:12:30,348 INFO ROSTER 48 names | in: LBGJ 2.75 | out: -
2026-10-07 19:12:42,208 INFO ROSTER 48 names | in: SNDC 8.61 | out: FGC
2026-10-07 19:12:54,149 INFO ROSTER 47 names | in: - | out: IHT
2026-10-07 19:13:06,116 INFO ROSTER 45 names | in: - | out: LBGJ SNDC
2026-10-07 19:13:17,910 INFO ROSTER 46 names | in: SXTC 9.59 | out: -
2026-10-07 19:13:41,497 INFO ROSTER 47 names | in: FGC 7.78 | out: -
2026-10-07 19:13:53,357 INFO ROSTER 46 names | in: - | out: FOIL
2026-10-07 19:14:28,985 INFO ROSTER 47 names | in: MKZR 1.55 | out: -
2026-10-07 19:14:52,813 INFO ROSTER 48 names | in: FOIL 18.60 | out: -
2026-10-07 19:15:41,549 INFO ROSTER 47 names | in: - | out: ACCL
2026-10-07 19:15:53,461 INFO ROSTER 48 names | in: HAO 2.64 | out: -
2026-10-07 19:16:29,960 INFO ROSTER 47 names | in: - | out: INTS
2026-10-07 19:18:05,733 INFO ROSTER 48 names | in: SNDC 8.61 | out: -
2026-10-07 19:18:53,395 INFO ROSTER 47 names | in: - | out: FOIL
2026-10-07 19:19:05,985 INFO ROSTER ALL 47: ADCT 1.44 ALIT 10.10 AMBR 2.26 AVBP 17.34 BRIA 1.39 BYAH 3.23 CANG 3.67 CCG 5.99 CCOI 10.30 CD 10.29 CMND 6.70 CRMT 1.17 DKI 3.64 DLXY 2.46 FFR 2.05 FGC 7.78 HAO 2.64 INLX 5.99 IPDN 4.40 JANX 18.36 JVA 4.76 JWEL 2.43 LGCL 4.53 MIC 16.51 MKZR 1.55 MNDR 1.76 MOBX 1.35 MUG 19.15 NAUT 2.17 NCPL 1.73 NXTC 6.69 PFAI 7.02 PRME 3.99 QTEX 1.60 QUCY 1.47 RBLU 5.01 SCTX 18.16 SKIL 6.53 SMCX 16.85 SMXT 4.45 SNDC 8.61 SNDG 10.21 SNXX 16.50 SPOG 7.36 SXTC 9.59 UP 3.81 ZSQR 5.49
2026-10-07 19:19:17,831 INFO ROSTER 48 names | in: INTS 3.87 | out: -
2026-10-07 19:20:18,139 INFO ROSTER 49 names | in: FOIL 18.60 | out: -
2026-10-07 19:20:53,793 INFO ROSTER 48 names | in: - | out: SNDG
2026-10-07 19:21:29,539 INFO ROSTER 46 names | in: - | out: SNDC SNXX
2026-10-07 19:22:52,712 INFO ROSTER 48 names | in: BIYA 2.89 SNXX 16.50 | out: -
2026-10-07 19:23:17,031 INFO ROSTER 46 names | in: - | out: BIYA SNXX
2026-10-07 19:23:40,906 INFO ROSTER 46 names | in: BIYA 2.89 | out: JANX
2026-10-07 19:23:52,659 INFO ROSTER 46 names | in: SNXX 16.50 | out: BIYA
2026-10-07 19:24:16,617 INFO ROSTER 47 names | in: SNDG 10.21 | out: -
2026-10-07 19:24:28,573 INFO ROSTER 47 names | in: NCT 1.52 | out: SNDG
2026-10-07 19:24:40,459 INFO ROSTER 46 names | in: - | out: NCT
2026-10-07 19:24:52,306 INFO ROSTER 48 names | in: BBCI 15.50 BIYA 2.89 | out: -
2026-10-07 19:25:04,517 INFO ROSTER 47 names | in: - | out: BIYA
2026-10-07 19:25:16,521 INFO ROSTER 48 names | in: NCT 1.52 | out: -
2026-10-07 19:25:28,364 INFO ROSTER 47 names | in: - | out: NCT
2026-10-07 19:25:56,722 INFO ROSTER 49 names | in: JANX 18.36 NCT 1.52 SNDG 10.21 | out: INTS
2026-10-07 19:26:09,667 INFO ROSTER 47 names | in: - | out: JANX NCT
2026-10-07 19:26:33,997 INFO ROSTER 46 names | in: - | out: CCOI
2026-10-07 19:26:58,058 INFO ROSTER 45 names | in: - | out: SNDG
2026-10-07 19:27:34,141 INFO ROSTER 47 names | in: FNG 7.15 SNDG 10.21 | out: -
2026-10-07 19:27:58,038 INFO ROSTER 46 names | in: - | out: SNDG
2026-10-07 19:28:09,985 INFO ROSTER 46 names | in: SSTK 4.50 | out: FOIL
2026-10-07 19:28:34,402 INFO ROSTER 47 names | in: FOIL 18.60 | out: -
2026-10-07 19:28:46,450 INFO ROSTER 47 names | in: LBGJ 2.75 | out: SSTK
2026-10-07 19:29:34,277 INFO ROSTER 47 names | in: BIYA 2.89 | out: SCTX
2026-10-07 19:29:46,160 INFO ROSTER 46 names | in: - | out: BIYA
2026-10-07 19:30:22,967 INFO ROSTER 47 names | in: SNDG 10.21 | out: -
2026-10-07 19:30:46,985 INFO ROSTER 46 names | in: - | out: FOIL
2026-10-07 19:31:23,055 INFO ROSTER 45 names | in: - | out: RBLU
2026-10-07 19:32:10,754 INFO ROSTER 44 names | in: - | out: HAO
2026-10-07 19:32:46,749 INFO ROSTER 43 names | in: - | out: SXTC
2026-10-07 19:33:10,821 INFO ROSTER 44 names | in: JANX 18.36 | out: -
2026-10-07 19:33:13,043 INFO ROSTER 44 names | in: ADCT 1.44 ALIT 10.10 AMBR 2.27 AVBP 17.34 BBCI 15.50 BRIA 1.39 BYAH 3.23 CANG 3.67 CCG 5.99 CD 10.29 CMND 6.70 CRMT 1.23 DKI 3.64 DLXY 2.46 FFR 2.05 FGC 7.78 FNG 7.15 INLX 6.20 IPDN 4.40 JANX 18.36 JVA 4.76 JWEL 2.43 LBGJ 2.75 LGCL 4.53 MIC 16.51 MKZR 1.55 MNDR 1.76 MOBX 1.35 MUG 19.15 NAUT 2.17 NCPL 1.73 NXTC 6.69 PFAI 7.02 PRME 4.02 QTEX 1.61 QUCY 1.50 SKIL 6.53 SMCX 16.85 SMXT 4.46 SNDG 10.21 SNXX 16.50 SPOG 7.36 UP 3.81 ZSQR 5.49 | out: -
2026-10-07 19:33:13,043 INFO ROSTER ALL 44: ADCT 1.44 ALIT 10.10 AMBR 2.27 AVBP 17.34 BBCI 15.50 BRIA 1.39 BYAH 3.23 CANG 3.67 CCG 5.99 CD 10.29 CMND 6.70 CRMT 1.23 DKI 3.64 DLXY 2.46 FFR 2.05 FGC 7.78 FNG 7.15 INLX 6.20 IPDN 4.40 JANX 18.36 JVA 4.76 JWEL 2.43 LBGJ 2.75 LGCL 4.53 MIC 16.51 MKZR 1.55 MNDR 1.76 MOBX 1.35 MUG 19.15 NAUT 2.17 NCPL 1.73 NXTC 6.69 PFAI 7.02 PRME 4.02 QTEX 1.61 QUCY 1.50 SKIL 6.53 SMCX 16.85 SMXT 4.46 SNDG 10.21 SNXX 16.50 SPOG 7.36 UP 3.81 ZSQR 5.49
2026-10-07 19:33:22,894 INFO ROSTER 45 names | in: AIFU 12.50 | out: -
2026-10-07 19:33:28,103 INFO ROSTER 45 names | in: AIFU 12.50 | out: -
2026-10-07 19:33:34,621 INFO ROSTER 44 names | in: - | out: JANX
2026-10-07 19:33:39,968 INFO ROSTER 46 names | in: FLNT 2.96 | out: -
2026-10-07 19:33:46,590 INFO ROSTER 45 names | in: JANX 18.36 | out: -
2026-10-07 19:33:51,988 INFO ROSTER 45 names | in: - | out: FLNT
2026-10-07 19:34:51,266 INFO ROSTER 44 names | in: - | out: JANX
2026-10-07 19:35:15,132 INFO ROSTER 45 names | in: FOIL 18.60 | out: -
2026-10-07 19:36:02,526 INFO ROSTER 44 names | in: - | out: INLX
2026-10-07 19:37:13,691 INFO ROSTER 43 names | in: - | out: FOIL
2026-10-07 19:37:37,311 INFO ROSTER 42 names | in: - | out: SNDG
2026-10-07 19:37:49,205 INFO ROSTER 44 names | in: FOIL 18.60 SNDG 10.21 | out: -
2026-10-07 19:38:01,325 INFO ROSTER 43 names | in: - | out: SNDG
2026-10-07 19:38:13,295 INFO ROSTER 42 names | in: - | out: FOIL
2026-10-07 19:38:25,117 INFO ROSTER 44 names | in: FOIL 18.60 SNDG 10.21 | out: -
2026-10-07 19:38:48,812 INFO ROSTER 44 names | in: ACCL 2.59 | out: SNDG
2026-10-07 19:39:00,846 INFO ROSTER 44 names | in: SNDG 10.21 | out: AVBP
2026-10-07 19:39:24,585 INFO ROSTER 45 names | in: TTGT 3.98 | out: -
2026-10-07 19:39:36,543 INFO ROSTER 46 names | in: SCTX 18.16 | out: -
2026-10-07 19:39:48,429 INFO ROSTER 45 names | in: - | out: SNDG
2026-10-07 19:40:24,637 INFO ROSTER 45 names | in: AVBP 17.34 | out: SNXX
2026-10-07 19:41:00,674 INFO ROSTER 46 names | in: SPAI 4.76 | out: -
2026-10-07 19:41:36,493 INFO ROSTER 47 names | in: RC 1.22 | out: -
2026-10-07 19:41:48,253 INFO ROSTER 46 names | in: - | out: RC
2026-10-07 19:41:59,923 INFO ROSTER 47 names | in: RC 1.22 | out: -
2026-10-07 19:42:11,755 INFO ROSTER 48 names | in: SNXX 16.50 | out: -
2026-10-07 19:42:23,586 INFO ROSTER 47 names | in: - | out: LGCL
2026-10-07 19:42:47,244 INFO ROSTER 48 names | in: BIYA 2.89 LGCL 4.53 | out: SCTX
2026-10-07 19:42:59,344 INFO ROSTER 48 names | in: CNF 2.23 | out: BIYA
2026-10-07 19:43:11,296 INFO ROSTER 48 names | in: BIYA 2.89 | out: CNF
2026-10-07 19:43:23,090 INFO ROSTER 49 names | in: SCTX 18.16 | out: -
2026-10-07 19:43:58,714 INFO ROSTER 50 names | in: SNDG 10.21 | out: -
2026-10-07 19:44:10,681 INFO ROSTER 49 names | in: - | out: SNDG
2026-10-07 19:44:34,340 INFO ROSTER 50 names | in: CNF 2.23 | out: -
2026-10-07 19:45:10,123 INFO ROSTER 48 names | in: - | out: BIYA TTGT
2026-10-07 19:45:22,091 INFO ROSTER 50 names | in: BIYA 2.89 LGHL 3.75 TTGT 4.00 | out: CNF
2026-10-07 19:45:34,331 INFO ROSTER 51 names | in: RBLU 5.01 | out: -
2026-10-07 19:45:46,273 INFO ROSTER 50 names | in: - | out: SCTX
2026-10-07 19:45:58,398 INFO ROSTER 48 names | in: - | out: BIYA SPAI
2026-10-07 19:46:58,814 INFO ROSTER 47 names | in: - | out: TTGT
2026-10-07 19:47:10,629 INFO ROSTER 48 names | in: LEXX 3.46 | out: -
2026-10-07 19:47:34,533 INFO ROSTER 50 names | in: SPAI 4.78 TTGT 4.01 | out: -
2026-10-07 19:47:46,511 INFO ROSTER 49 names | in: - | out: SPAI
2026-10-07 19:47:58,283 INFO ROSTER 50 names | in: SPAI 4.78 | out: -
2026-10-07 19:48:10,306 INFO ROSTER 50 names | in: SCTX 18.16 | out: FNG
2026-10-07 19:48:22,564 INFO ROSTER 51 names | in: NCT 1.52 | out: -
2026-10-07 19:48:22,565 INFO ROSTER ALL 51: ACCL 2.59 ADCT 1.44 AIFU 12.54 ALIT 10.10 AMBR 2.27 AVBP 17.34 BBCI 15.50 BRIA 1.39 BYAH 3.23 CANG 3.67 CCG 5.99 CD 10.29 CMND 6.70 CRMT 1.23 DKI 3.64 DLXY 2.46 FFR 2.05 FGC 7.78 FOIL 18.60 IPDN 4.40 JVA 4.76 JWEL 2.43 LBGJ 2.75 LEXX 3.46 LGCL 4.53 LGHL 3.75 MIC 16.51 MKZR 1.55 MNDR 1.76 MOBX 1.35 MUG 19.15 NAUT 2.17 NCPL 1.73 NCT 1.52 NXTC 6.69 PFAI 7.02 PRME 4.02 QTEX 1.62 QUCY 1.50 RBLU 5.01 RC 1.23 SCTX 18.16 SKIL 6.53 SMCX 16.85 SMXT 4.75 SNXX 16.50 SPAI 4.78 SPOG 7.36 TTGT 4.01 UP 3.83 ZSQR 5.49
2026-10-07 19:48:34,855 INFO ROSTER 50 names | in: - | out: NCT
2026-10-07 19:48:46,917 INFO ROSTER 48 names | in: - | out: LEXX SNXX
2026-10-07 19:49:22,805 INFO ROSTER 49 names | in: SNXX 16.50 | out: -
2026-10-07 19:49:35,009 INFO ROSTER 46 names | in: - | out: LGCL SCTX SNXX
2026-10-07 19:49:47,044 INFO ROSTER 48 names | in: LGCL 4.53 SNXX 16.50 | out: -
2026-10-07 19:49:58,896 INFO ROSTER 47 names | in: - | out: LGCL
2026-10-07 19:50:11,018 INFO ROSTER 49 names | in: LGCL 4.53 SCTX 18.16 | out: -
2026-10-07 19:50:34,829 INFO ROSTER 50 names | in: LEXX 3.50 | out: -
2026-10-07 19:50:46,819 INFO ROSTER 49 names | in: - | out: LGHL
2026-10-07 19:51:10,667 INFO ROSTER 49 names | in: SNDG 10.21 | out: ZSQR
2026-10-07 19:51:22,563 INFO ROSTER 48 names | in: - | out: SNDG
2026-10-07 19:51:46,357 INFO ROSTER 47 names | in: - | out: LGCL
2026-10-07 19:51:58,376 INFO ROSTER 48 names | in: LGCL 4.53 | out: -
2026-10-07 19:52:10,403 INFO ROSTER 48 names | in: SNDG 10.21 | out: LGCL
2026-10-07 19:52:34,486 INFO ROSTER 47 names | in: - | out: RBLU
2026-10-07 19:52:46,362 INFO ROSTER 46 names | in: - | out: SNDG
2026-10-07 19:52:58,261 INFO ROSTER 48 names | in: LGCL 4.53 SNDG 10.21 | out: -
2026-10-07 19:53:10,386 INFO ROSTER 45 names | in: - | out: AVBP LGCL SNDG
2026-10-07 19:53:22,252 INFO ROSTER 48 names | in: LGCL 4.53 RMCF 1.29 SNDG 10.21 | out: -
2026-10-07 19:53:34,140 INFO ROSTER 48 names | in: NCT 1.52 | out: CRMT
2026-10-07 19:53:58,067 INFO ROSTER 47 names | in: - | out: RMCF
2026-10-07 19:54:10,094 INFO ROSTER 49 names | in: CNF 2.23 CRMT 1.23 | out: -
2026-10-07 19:54:21,960 INFO ROSTER 49 names | in: ICU 3.77 | out: NCT
2026-10-07 19:54:33,929 INFO ROSTER 48 names | in: - | out: SNDG
2026-10-07 19:54:57,816 INFO ROSTER 46 names | in: - | out: ICU SNXX
2026-10-07 19:55:09,963 INFO ROSTER 46 names | in: RBLU 5.01 | out: CNF
2026-10-07 19:55:21,964 INFO ROSTER 50 names | in: NCT 1.52 RMCF 1.29 SEAT 3.35 SSTK 4.50 | out: -
2026-10-07 19:55:34,412 INFO ROSTER 51 names | in: ICU 3.77 | out: -
2026-10-07 19:55:46,447 INFO ROSTER 50 names | in: - | out: NCT
2026-10-07 19:56:34,550 INFO ROSTER 51 names | in: NCT 1.52 | out: -
2026-10-07 19:56:46,341 INFO ROSTER 50 names | in: - | out: SSTK
2026-10-07 19:56:58,235 INFO ROSTER 49 names | in: - | out: MKZR
2026-10-07 19:57:10,079 INFO ROSTER 50 names | in: SNXX 16.50 YRD 1.05 | out: NCT
2026-10-07 19:57:22,269 INFO ROSTER 50 names | in: NCT 1.52 | out: SNXX
2026-10-07 19:57:57,989 INFO ROSTER 49 names | in: AVBP 17.34 | out: CRMT RMCF
2026-10-07 19:58:10,056 INFO ROSTER 49 names | in: CRMT 1.23 IHT 1.19 | out: NCT SPAI
2026-10-07 19:58:21,994 INFO ROSTER 48 names | in: - | out: IHT
2026-10-07 19:58:45,786 INFO ROSTER 48 names | in: NCT 1.52 | out: CRMT
2026-10-07 19:58:57,715 INFO ROSTER 49 names | in: BYRN 4.07 | out: -
2026-10-07 19:59:09,848 INFO ROSTER 48 names | in: - | out: BYRN
2026-10-07 19:59:21,649 INFO ROSTER 48 names | in: BYRN 4.07 | out: DLXY
2026-10-07 19:59:33,435 INFO ROSTER 49 names | in: SPAI 4.82 | out: -
2026-10-07 19:59:45,380 INFO ROSTER 45 names | in: - | out: BYRN NCT SKIL SPAI
2026-10-07 19:59:57,148 INFO ROSTER 46 names | in: SKIL 6.53 | out: -
2026-10-07 20:00:09,490 INFO ROSTER 47 names | in: IHT 1.19 JFU 3.08 NCT 1.54 | out: MUG YRD
2026-10-07 20:00:33,530 INFO ROSTER 45 names | in: YXT 2.49 | out: ADCT ICU NCT
2026-10-07 20:00:45,835 INFO ROSTER 46 names | in: ADCT 1.44 | out: -
2026-10-07 20:01:09,553 INFO ROSTER 46 names | in: MVIS 1.85 | out: YXT
2026-10-07 20:01:21,509 INFO ROSTER 46 names | in: ICU 3.77 | out: MVIS
2026-10-07 20:01:33,270 INFO ROSTER 49 names | in: FHTX 2.15 MVIS 1.80 NCT 1.54 | out: -
2026-10-07 20:01:45,265 INFO ROSTER 48 names | in: - | out: NCT
2026-10-07 20:01:57,124 INFO ROSTER 49 names | in: NCT 1.54 | out: -
2026-10-07 20:02:21,043 INFO ROSTER 46 names | in: - | out: JVA LGCL MVIS
2026-10-07 20:02:33,166 INFO ROSTER 47 names | in: MVIS 1.79 | out: -
2026-10-07 20:02:56,838 INFO ROSTER 48 names | in: CRMT 1.23 | out: -
2026-10-07 20:03:08,811 INFO ROSTER 47 names | in: - | out: MVIS
2026-10-07 20:03:32,587 INFO ROSTER ALL 47: ACCL 2.59 ADCT 1.44 AIFU 12.85 ALIT 10.10 AMBR 2.29 AVBP 17.34 BBCI 15.50 BRIA 1.39 BYAH 3.23 CANG 3.67 CCG 5.99 CD 10.29 CMND 6.70 CRMT 1.23 DKI 3.64 FFR 2.05 FGC 7.78 FHTX 2.15 FOIL 18.60 ICU 3.77 IHT 1.19 IPDN 4.40 JFU 3.08 JWEL 2.45 LBGJ 2.75 LEXX 3.59 MIC 16.51 MNDR 1.76 MOBX 1.35 NAUT 2.17 NCPL 1.73 NCT 1.54 NXTC 6.72 PFAI 7.02 PRME 4.02 QTEX 1.66 QUCY 1.50 RBLU 5.01 RC 1.25 SCTX 18.16 SEAT 3.40 SKIL 6.53 SMCX 16.85 SMXT 4.75 SPOG 7.36 TTGT 4.01 UP 3.83
2026-10-07 20:03:44,857 INFO ROSTER 46 names | in: - | out: ICU
2026-10-07 20:03:56,656 INFO ROSTER 45 names | in: - | out: NCT
2026-10-07 20:04:32,134 INFO ROSTER 46 names | in: QNRX 5.27 | out: -
2026-10-07 20:04:44,054 INFO ROSTER 48 names | in: ICU 3.77 MVIS 1.73 | out: -
2026-10-07 20:04:55,825 INFO ROSTER 48 names | in: AIXI 1.84 | out: MVIS
2026-10-07 20:05:19,961 INFO ROSTER 47 names | in: - | out: QNRX
2026-10-07 20:05:43,856 INFO ROSTER 48 names | in: DLXY 2.46 | out: -
2026-10-07 20:06:07,653 INFO ROSTER 47 names | in: - | out: LBGJ
2026-10-07 20:07:19,615 INFO ROSTER 48 names | in: LGCL 4.53 | out: -
2026-10-07 20:09:07,921 INFO ROSTER 49 names | in: LBGJ 2.75 | out: -
2026-10-07 20:09:19,924 INFO ROSTER 48 names | in: - | out: LGCL
2026-10-07 20:09:31,940 INFO ROSTER 48 names | in: KUST 5.04 | out: CRMT
2026-10-07 20:09:55,979 INFO ROSTER 49 names | in: NCT 1.54 | out: -
2026-10-07 20:10:08,034 INFO ROSTER 49 names | in: MUG 19.15 | out: FHTX
2026-10-07 20:12:07,963 INFO ROSTER 50 names | in: LGCL 4.53 | out: -
2026-10-07 20:12:19,663 INFO ROSTER 49 names | in: - | out: LGCL
2026-10-07 20:12:54,904 INFO ROSTER 50 names | in: SUGP 2.81 | out: -
2026-10-07 20:13:30,590 INFO ROSTER 51 names | in: IRIX 1.02 LGCL 4.53 | out: NCT
2026-10-07 20:14:06,145 INFO ROSTER 50 names | in: - | out: IRIX
2026-10-07 20:14:17,882 INFO ROSTER 50 names | in: IRIX 1.02 | out: LGCL
2026-10-07 20:15:05,228 INFO ROSTER 49 names | in: - | out: IRIX
2026-10-07 20:15:29,200 INFO ROSTER 50 names | in: IRIX 1.02 | out: -
2026-10-07 20:15:41,129 INFO ROSTER 50 names | in: NCT 1.54 | out: IRIX
2026-10-07 20:17:03,802 INFO ROSTER 51 names | in: LGCL 4.53 | out: -
2026-10-07 20:17:39,276 INFO ROSTER 50 names | in: - | out: KUST
2026-10-07 20:17:50,991 INFO ROSTER 51 names | in: VSA 2.50 | out: -
2026-10-07 20:18:14,668 INFO ROSTER 49 names | in: - | out: LGCL VSA
2026-10-07 20:18:26,484 INFO ROSTER 49 names | in: VSA 2.43 | out: SUGP
2026-10-07 20:18:38,273 INFO ROSTER 50 names | in: SUGP 2.81 | out: -
2026-10-07 20:18:38,273 INFO ROSTER ALL 50: ACCL 2.59 ADCT 1.44 AIFU 12.85 AIXI 2.10 ALIT 10.10 AMBR 2.29 AVBP 17.34 BBCI 15.50 BRIA 1.39 BYAH 3.23 CANG 3.67 CCG 5.99 CD 10.29 CMND 6.70 DKI 3.64 DLXY 2.46 FFR 2.05 FGC 7.78 FOIL 18.60 ICU 3.77 IHT 1.19 IPDN 4.40 JFU 3.08 JWEL 2.45 LBGJ 2.75 LEXX 3.59 MIC 16.51 MNDR 1.76 MOBX 1.35 MUG 19.15 NAUT 2.17 NCPL 1.73 NCT 1.54 NXTC 6.72 PFAI 7.02 PRME 4.02 QTEX 1.66 QUCY 1.50 RBLU 5.01 RC 1.25 SCTX 18.16 SEAT 3.40 SKIL 6.53 SMCX 16.85 SMXT 4.75 SPOG 7.36 SUGP 2.81 TTGT 4.01 UP 3.83 VSA 2.48
2026-10-07 20:19:01,677 INFO ROSTER 49 names | in: - | out: DLXY
2026-10-07 20:19:13,477 INFO ROSTER 49 names | in: RMCF 1.29 | out: SUGP
2026-10-07 20:19:25,154 INFO ROSTER 48 names | in: - | out: VSA
2026-10-07 20:20:13,106 INFO ROSTER 49 names | in: BIYA 2.89 | out: -
2026-10-07 20:20:25,014 INFO ROSTER 49 names | in: LGCL 4.53 | out: BIYA
2026-10-07 20:20:48,794 INFO ROSTER 50 names | in: BIYA 2.89 | out: -
2026-10-07 20:21:24,362 INFO ROSTER 48 names | in: - | out: BYAH NCT
2026-10-07 20:22:23,991 INFO ROSTER 49 names | in: IRIX 1.02 | out: -
2026-10-07 20:23:35,500 INFO ROSTER 48 names | in: - | out: BIYA
2026-10-07 20:23:59,283 INFO ROSTER 49 names | in: BIYA 2.89 | out: -
2026-10-07 20:24:11,070 INFO ROSTER 48 names | in: - | out: BIYA
2026-10-07 20:24:34,836 INFO ROSTER 50 names | in: BYAH 3.23 NCT 1.54 | out: -
2026-10-07 20:25:34,373 INFO ROSTER 49 names | in: - | out: LEXX
2026-10-07 20:25:46,533 INFO ROSTER 48 names | in: - | out: NCT
2026-10-07 20:26:45,987 INFO ROSTER 49 names | in: SPAI 4.83 | out: -
2026-10-07 20:27:09,837 INFO ROSTER 48 names | in: - | out: IRIX
2026-10-07 20:27:33,577 INFO ROSTER 47 names | in: - | out: SPAI
2026-10-07 20:27:45,471 INFO ROSTER 49 names | in: FHTX 2.15 NCT 1.54 | out: -
2026-10-07 20:28:44,784 INFO ROSTER 48 names | in: - | out: NCT
2026-10-07 20:32:20,179 INFO ROSTER 49 names | in: BYRN 4.09 | out: -
2026-10-07 20:33:43,057 INFO ROSTER 48 names | in: - | out: RMCF
2026-10-07 20:33:43,057 INFO ROSTER ALL 48: ACCL 2.59 ADCT 1.44 AIFU 12.85 AIXI 2.08 ALIT 10.10 AMBR 2.29 AVBP 17.34 BBCI 15.50 BRIA 1.39 BYAH 3.23 BYRN 4.09 CANG 3.67 CCG 5.99 CD 10.29 CMND 6.70 DKI 3.64 FFR 2.05 FGC 7.78 FHTX 2.15 FOIL 18.60 ICU 3.77 IHT 1.19 IPDN 4.40 JFU 3.08 JWEL 2.45 LBGJ 2.75 LGCL 4.53 MIC 16.51 MNDR 1.76 MOBX 1.35 MUG 19.15 NAUT 2.17 NCPL 1.75 NXTC 6.72 PFAI 7.02 PRME 4.02 QTEX 1.72 QUCY 1.50 RBLU 5.01 RC 1.25 SCTX 18.16 SEAT 3.40 SKIL 6.53 SMCX 16.85 SMXT 4.75 SPOG 7.36 TTGT 4.01 UP 3.83
2026-10-07 20:34:06,571 INFO ROSTER 49 names | in: NCT 1.54 | out: -
2026-10-07 20:34:42,053 INFO ROSTER 50 names | in: ERNA 2.50 | out: -
2026-10-07 20:35:05,901 INFO ROSTER 49 names | in: - | out: BYRN
2026-10-07 20:36:17,452 INFO ROSTER 50 names | in: PROF 6.80 | out: -
2026-10-07 20:36:29,671 INFO ROSTER 49 names | in: - | out: NCT
2026-10-07 20:38:04,206 INFO ROSTER 48 names | in: - | out: PROF
2026-10-07 20:39:27,295 INFO ROSTER 49 names | in: PROF 6.61 | out: -
2026-10-07 20:39:50,846 INFO ROSTER 48 names | in: - | out: PROF
2026-10-07 20:40:02,737 INFO ROSTER 49 names | in: BYRN 4.09 | out: -
2026-10-07 20:40:26,642 INFO ROSTER 50 names | in: PROF 6.65 | out: -
2026-10-07 20:40:38,839 INFO ROSTER 49 names | in: - | out: PROF
2026-10-07 20:40:50,618 INFO ROSTER 50 names | in: PROF 6.62 | out: -
2026-10-07 20:44:23,631 INFO ROSTER 51 names | in: IPW 1.30 | out: -
2026-10-07 20:44:35,561 INFO ROSTER 53 names | in: OLOX 1.13 VALN 6.50 | out: -
2026-10-07 20:44:47,608 INFO ROSTER 52 names | in: - | out: OLOX
2026-10-07 20:44:59,362 INFO ROSTER 51 names | in: - | out: IPW
2026-10-07 20:46:10,339 INFO ROSTER 52 names | in: OLOX 1.13 | out: -
2026-10-07 20:46:22,152 INFO ROSTER 52 names | in: IPW 1.26 | out: OLOX
2026-10-07 20:46:45,735 INFO ROSTER 51 names | in: - | out: IPW
2026-10-07 20:46:57,557 INFO ROSTER 52 names | in: IPW 1.25 | out: -
2026-10-07 20:47:21,043 INFO ROSTER 51 names | in: - | out: IPW
2026-10-07 20:47:44,472 INFO ROSTER 52 names | in: IPW 1.25 | out: -
2026-10-07 20:48:07,862 INFO ROSTER 51 names | in: - | out: VALN
2026-10-07 20:48:31,639 INFO ROSTER 50 names | in: - | out: AMBR
2026-10-07 20:48:43,478 INFO ROSTER ALL 50: ACCL 2.59 ADCT 1.44 AIFU 12.85 AIXI 2.18 ALIT 10.10 AVBP 17.34 BBCI 15.50 BRIA 1.39 BYAH 3.23 BYRN 4.11 CANG 3.67 CCG 5.99 CD 10.29 CMND 6.70 DKI 3.64 ERNA 2.79 FFR 2.05 FGC 7.78 FHTX 2.15 FOIL 18.60 ICU 3.77 IHT 1.19 IPDN 4.40 IPW 1.25 JFU 3.08 JWEL 2.45 LBGJ 2.75 LGCL 4.53 MIC 16.51 MNDR 1.76 MOBX 1.35 MUG 19.15 NAUT 2.17 NCPL 1.73 NXTC 6.72 PFAI 7.02 PRME 4.02 PROF 6.89 QTEX 1.66 QUCY 1.50 RBLU 5.01 RC 1.25 SCTX 18.16 SEAT 3.40 SKIL 6.53 SMCX 16.85 SMXT 4.75 SPOG 7.36 TTGT 4.01 UP 3.83
2026-10-07 20:49:18,772 INFO ROSTER 49 names | in: - | out: ICU
2026-10-07 20:52:50,888 INFO ROSTER 48 names | in: - | out: PROF
2026-10-07 20:53:02,935 INFO ROSTER 49 names | in: PROF 6.68 | out: -
2026-10-07 20:53:38,499 INFO ROSTER 48 names | in: - | out: IPW
2026-10-07 20:53:50,316 INFO ROSTER 48 names | in: IPW 1.24 | out: BYAH
2026-10-07 20:54:13,981 INFO ROSTER 46 names | in: - | out: IPW SKIL
2026-10-07 20:54:37,702 INFO ROSTER 47 names | in: IPW 1.24 | out: -
2026-10-07 20:55:49,044 INFO ROSTER 48 names | in: BYAH 3.23 | out: -
2026-10-07 20:56:01,022 INFO ROSTER 49 names | in: VALN 7.09 | out: -
2026-10-07 20:56:24,711 INFO ROSTER 50 names | in: NCT 1.54 | out: -
2026-10-07 20:57:11,804 INFO ROSTER 51 names | in: DLXY 2.46 | out: -
2026-10-07 21:01:08,284 INFO ROSTER 52 names | in: NCI 1.00 | out: -
2026-10-07 21:01:20,190 INFO ROSTER 51 names | in: - | out: NCI
2026-10-07 21:01:56,064 INFO ROSTER 52 names | in: NCI 1.02 | out: -
2026-10-07 21:02:19,635 INFO ROSTER 51 names | in: - | out: NCI
2026-10-07 21:02:31,474 INFO ROSTER 52 names | in: NCI 1.02 | out: -
2026-10-07 21:02:43,280 INFO ROSTER 51 names | in: - | out: IPW
2026-10-07 21:03:18,731 INFO ROSTER 52 names | in: CPHI 1.28 | out: -
2026-10-07 21:03:30,617 INFO ROSTER 51 names | in: - | out: CPHI
2026-10-07 21:03:42,589 INFO ROSTER 50 names | in: - | out: ERNA
2026-10-07 21:03:54,306 INFO ROSTER ALL 50: ACCL 2.59 ADCT 1.44 AIFU 12.85 AIXI 2.09 ALIT 10.10 AVBP 17.34 BBCI 15.50 BRIA 1.39 BYAH 3.23 BYRN 4.12 CANG 3.67 CCG 5.99 CD 10.29 CMND 6.70 DKI 3.64 DLXY 2.46 FFR 2.05 FGC 7.78 FHTX 2.15 FOIL 18.60 IHT 1.19 IPDN 4.40 JFU 3.08 JWEL 2.45 LBGJ 2.75 LGCL 4.53 MIC 16.51 MNDR 1.76 MOBX 1.35 MUG 19.15 NAUT 2.17 NCI 1.05 NCPL 1.73 NCT 1.54 NXTC 6.72 PFAI 7.02 PRME 4.02 PROF 6.64 QTEX 1.66 QUCY 1.50 RBLU 5.01 RC 1.25 SCTX 18.16 SEAT 3.40 SMCX 16.85 SMXT 4.75 SPOG 7.36 TTGT 4.01 UP 3.83 VALN 7.09
2026-10-07 21:04:30,004 INFO ROSTER 51 names | in: DGNX 1.41 | out: -
2026-10-07 21:04:41,907 INFO ROSTER 50 names | in: - | out: NCT
2026-10-07 21:05:05,732 INFO ROSTER 50 names | in: CPHI 1.28 | out: NCI
2026-10-07 21:05:41,327 INFO ROSTER 51 names | in: ERNA 2.50 | out: -
2026-10-07 21:05:53,198 INFO ROSTER 52 names | in: IPW 1.25 | out: -
2026-10-07 21:06:05,236 INFO ROSTER 51 names | in: - | out: IPW
2026-10-07 21:06:16,932 INFO ROSTER 49 names | in: - | out: CPHI ERNA
2026-10-07 21:06:28,896 INFO ROSTER 50 names | in: ERNA 2.49 | out: -
2026-10-07 21:07:04,499 INFO ROSTER 48 names | in: - | out: DGNX ERNA
2026-10-07 21:07:16,296 INFO ROSTER 47 names | in: - | out: VALN
2026-10-07 21:07:28,067 INFO ROSTER 48 names | in: ERNA 2.52 | out: -
2026-10-07 21:08:03,934 INFO ROSTER 49 names | in: NCT 1.54 | out: -
2026-10-07 21:09:26,550 INFO ROSTER 48 names | in: - | out: NCT
2026-10-07 21:09:38,304 INFO ROSTER 49 names | in: IPW 1.25 | out: -
2026-10-07 21:15:43,769 INFO ROSTER 50 names | in: ICU 3.77 | out: -
2026-10-07 21:18:17,673 INFO ROSTER 49 names | in: - | out: BBCI
2026-10-07 21:18:41,259 INFO ROSTER 48 names | in: - | out: CMND
2026-10-07 21:19:04,731 INFO ROSTER ALL 48: ACCL 2.59 ADCT 1.44 AIFU 12.85 AIXI 2.17 ALIT 10.10 AVBP 17.34 BRIA 1.39 BYAH 3.23 BYRN 4.29 CANG 3.67 CCG 5.99 CD 10.29 DKI 3.64 DLXY 2.46 ERNA 2.67 FFR 2.05 FGC 7.78 FHTX 2.15 FOIL 18.60 ICU 3.77 IHT 1.19 IPDN 4.40 IPW 1.27 JFU 3.08 JWEL 2.45 LBGJ 2.75 LGCL 4.53 MIC 16.51 MNDR 1.76 MOBX 1.35 MUG 19.15 NAUT 2.17 NCPL 1.75 NXTC 6.72 PFAI 7.02 PRME 4.02 PROF 6.68 QTEX 1.66 QUCY 1.50 RBLU 5.01 RC 1.25 SCTX 18.16 SEAT 3.40 SMCX 16.85 SMXT 4.75 SPOG 7.36 TTGT 4.01 UP 3.83
2026-10-07 21:21:14,638 INFO ROSTER 49 names | in: VSA 2.42 | out: -
2026-10-07 21:21:50,274 INFO ROSTER 48 names | in: - | out: VSA
2026-10-07 21:22:02,111 INFO ROSTER 49 names | in: VSA 2.42 | out: -
2026-10-07 21:22:26,085 INFO ROSTER 49 names | in: CPHI 1.28 | out: VSA
2026-10-07 21:22:37,924 INFO ROSTER 50 names | in: VSA 2.42 | out: -
2026-10-07 21:23:37,079 INFO ROSTER 51 names | in: ZSQR 5.49 | out: -
2026-10-07 21:23:48,873 INFO ROSTER 50 names | in: - | out: CPHI
2026-10-07 21:24:00,751 INFO ROSTER 49 names | in: - | out: VSA
2026-10-07 21:24:24,852 INFO ROSTER 50 names | in: CPHI 1.28 | out: -
2026-10-07 21:24:48,501 INFO ROSTER 49 names | in: - | out: DLXY
2026-10-07 21:28:09,607 INFO ROSTER 48 names | in: - | out: RBLU
2026-10-07 21:32:06,637 INFO ROSTER 49 names | in: BIYA 2.89 | out: -
2026-10-07 21:32:18,687 INFO ROSTER 49 names | in: JANX 18.50 | out: BIYA
2026-10-07 21:32:54,223 INFO ROSTER 49 names | in: SNXX 16.50 | out: ERNA
2026-10-07 21:33:29,339 INFO ROSTER 48 names | in: - | out: SNXX
2026-10-07 21:34:04,767 INFO ROSTER ALL 48: ACCL 2.59 ADCT 1.44 AIFU 12.85 AIXI 2.07 ALIT 10.10 AVBP 17.34 BRIA 1.39 BYAH 3.23 BYRN 4.23 CANG 3.67 CCG 5.99 CD 10.29 CPHI 1.28 DKI 3.64 FFR 2.05 FGC 7.78 FHTX 2.15 FOIL 18.60 ICU 3.77 IHT 1.19 IPDN 4.40 IPW 1.46 JANX 18.50 JFU 3.08 JWEL 2.45 LBGJ 2.75 LGCL 4.53 MIC 16.51 MNDR 1.76 MOBX 1.35 MUG 19.15 NAUT 2.17 NCPL 1.73 NXTC 6.72 PFAI 7.02 PRME 4.02 PROF 6.85 QTEX 1.66 QUCY 1.50 RC 1.25 SCTX 18.16 SEAT 3.40 SMCX 16.85 SMXT 4.75 SPOG 7.36 TTGT 4.01 UP 3.83 ZSQR 5.49
2026-10-07 21:34:16,488 INFO ROSTER 49 names | in: ALDX 1.00 | out: -
2026-10-07 21:34:39,930 INFO ROSTER 48 names | in: - | out: ALDX
2026-10-07 21:34:51,693 INFO ROSTER 49 names | in: ERNA 2.50 SNXX 16.50 | out: FHTX
2026-10-07 21:36:49,544 INFO ROSTER 48 names | in: - | out: SNXX
2026-10-07 21:38:00,407 INFO ROSTER 47 names | in: - | out: SEAT
2026-10-07 21:38:23,949 INFO ROSTER 46 names | in: - | out: ERNA
2026-10-07 21:38:47,361 INFO ROSTER 47 names | in: SNXX 16.50 | out: -
2026-10-07 21:41:09,274 INFO ROSTER 48 names | in: ERNA 2.48 | out: -
2026-10-07 21:44:40,810 INFO ROSTER 47 names | in: - | out: ERNA
2026-10-07 21:45:04,309 INFO ROSTER 46 names | in: - | out: ZSQR
2026-10-07 21:45:27,847 INFO ROSTER 47 names | in: ERNA 2.49 | out: -
2026-10-07 21:45:39,539 INFO ROSTER 46 names | in: - | out: ERNA
2026-10-07 21:45:51,347 INFO ROSTER 47 names | in: OLOX 1.13 | out: -
2026-10-07 21:47:38,791 INFO ROSTER 47 names | in: ERNA 2.53 | out: OLOX
2026-10-07 21:48:14,265 INFO ROSTER 48 names | in: DGNX 1.41 | out: -
2026-10-07 21:48:25,970 INFO ROSTER 49 names | in: OLOX 1.13 | out: -
2026-10-07 21:49:13,625 INFO ROSTER ALL 49: ACCL 2.59 ADCT 1.44 AIFU 12.85 AIXI 2.13 ALIT 10.10 AVBP 17.34 BRIA 1.39 BYAH 3.23 BYRN 4.23 CANG 3.67 CCG 5.99 CD 10.29 CPHI 1.28 DGNX 1.41 DKI 3.64 ERNA 2.50 FFR 2.05 FGC 7.78 FOIL 18.60 ICU 3.77 IHT 1.19 IPDN 4.40 IPW 1.36 JANX 18.50 JFU 3.08 JWEL 2.45 LBGJ 2.75 LGCL 4.53 MIC 16.51 MNDR 1.76 MOBX 1.35 MUG 19.15 NAUT 2.17 NCPL 1.73 NXTC 6.72 OLOX 1.13 PFAI 7.02 PRME 4.02 PROF 6.73 QTEX 1.66 QUCY 1.50 RC 1.25 SCTX 18.16 SMCX 16.85 SMXT 4.75 SNXX 16.50 SPOG 7.36 TTGT 4.01 UP 3.83
2026-10-07 21:50:36,924 INFO ROSTER 48 names | in: - | out: ERNA
2026-10-07 21:50:48,838 INFO ROSTER 48 names | in: ERNA 2.50 | out: OLOX
2026-10-07 21:53:46,328 INFO ROSTER 49 names | in: AMBR 2.29 | out: -
2026-10-07 21:53:58,027 INFO ROSTER 50 names | in: OLOX 1.13 | out: -
2026-10-07 21:54:09,784 INFO ROSTER 49 names | in: - | out: SNXX
2026-10-07 21:54:21,589 INFO ROSTER 48 names | in: - | out: ERNA
2026-10-07 21:54:33,284 INFO ROSTER 49 names | in: SNXX 16.50 | out: -
2026-10-07 21:55:32,697 INFO ROSTER 48 names | in: - | out: CPHI
2026-10-07 21:55:56,581 INFO ROSTER 49 names | in: CPHI 1.28 | out: -
2026-10-07 21:56:20,340 INFO ROSTER 48 names | in: - | out: CPHI
2026-10-07 21:56:44,353 INFO ROSTER 47 names | in: - | out: OLOX
2026-10-07 21:57:44,308 INFO ROSTER 46 names | in: - | out: SNXX
2026-10-07 21:57:56,179 INFO ROSTER 47 names | in: SNXX 16.50 | out: -
2026-10-07 21:58:31,853 INFO ROSTER 46 names | in: - | out: SNXX
2026-10-07 21:59:43,445 INFO ROSTER 47 names | in: ERNA 2.50 | out: -
2026-10-07 21:59:55,141 INFO ROSTER 48 names | in: SNXX 16.50 | out: -
2026-10-07 22:00:07,211 INFO ROSTER 47 names | in: - | out: ERNA
2026-10-07 22:00:18,953 INFO ROSTER 48 names | in: ERNA 2.53 | out: -
2026-10-07 22:00:42,647 INFO ROSTER 47 names | in: - | out: ERNA
2026-10-07 22:00:54,551 INFO ROSTER 47 names | in: ERNA 2.50 | out: SNXX
2026-10-07 22:01:18,214 INFO ROSTER 46 names | in: - | out: ERNA
2026-10-07 22:01:53,414 INFO ROSTER 47 names | in: CMND 6.70 | out: -
2026-10-07 22:02:05,305 INFO ROSTER 48 names | in: SNXX 16.50 | out: -
2026-10-07 22:03:27,935 INFO ROSTER 49 names | in: OLOX 1.13 | out: -
2026-10-07 22:04:14,979 INFO ROSTER ALL 49: ACCL 2.59 ADCT 1.44 AIFU 12.85 AIXI 2.00 ALIT 10.10 AMBR 2.29 AVBP 17.34 BRIA 1.39 BYAH 3.23 BYRN 4.23 CANG 3.67 CCG 5.99 CD 10.29 CMND 7.00 DGNX 1.41 DKI 3.64 FFR 2.05 FGC 7.78 FOIL 18.60 ICU 3.77 IHT 1.19 IPDN 4.40 IPW 1.30 JANX 18.50 JFU 3.08 JWEL 2.45 LBGJ 2.75 LGCL 4.53 MIC 16.51 MNDR 1.76 MOBX 1.35 MUG 19.15 NAUT 2.17 NCPL 1.73 NXTC 6.72 OLOX 1.13 PFAI 7.02 PRME 4.02 PROF 6.80 QTEX 1.66 QUCY 1.50 RC 1.25 SCTX 18.16 SMCX 16.85 SMXT 4.75 SNXX 16.50 SPOG 7.36 TTGT 4.01 UP 3.83
2026-10-07 22:05:49,360 INFO ROSTER 50 names | in: ERNA 2.54 | out: -
2026-10-07 22:07:36,198 INFO ROSTER 51 names | in: IPSC 1.43 | out: -
2026-10-07 22:08:00,115 INFO ROSTER 50 names | in: - | out: ERNA
2026-10-07 22:08:12,045 INFO ROSTER 51 names | in: ERNA 2.49 | out: -
2026-10-07 22:10:23,566 INFO ROSTER 50 names | in: - | out: ERNA
2026-10-07 22:11:35,236 INFO ROSTER 51 names | in: ERNA 2.49 | out: -
2026-10-07 22:14:33,727 INFO ROSTER 50 names | in: - | out: ERNA
2026-10-07 22:16:08,378 INFO ROSTER 49 names | in: - | out: IPSC
2026-10-07 22:17:07,343 INFO ROSTER 49 names | in: GMEX 2.92 | out: SNXX
2026-10-07 22:18:29,968 INFO ROSTER 48 names | in: - | out: GMEX
2026-10-07 22:18:41,763 INFO ROSTER 49 names | in: GMEX 2.94 | out: -
2026-10-07 22:18:53,407 INFO ROSTER 48 names | in: - | out: GMEX
2026-10-07 22:19:16,855 INFO ROSTER ALL 48: ACCL 2.59 ADCT 1.44 AIFU 12.85 AIXI 2.02 ALIT 10.10 AMBR 2.29 AVBP 17.34 BRIA 1.39 BYAH 3.23 BYRN 4.23 CANG 3.67 CCG 5.99 CD 10.49 CMND 6.92 DGNX 1.41 DKI 3.64 FFR 2.05 FGC 7.78 FOIL 18.60 ICU 3.77 IHT 1.19 IPDN 4.40 IPW 1.34 JANX 18.50 JFU 3.08 JWEL 2.45 LBGJ 2.75 LGCL 4.53 MIC 16.51 MNDR 1.76 MOBX 1.35 MUG 19.15 NAUT 2.17 NCPL 1.73 NXTC 6.72 OLOX 1.13 PFAI 7.02 PRME 4.02 PROF 6.81 QTEX 1.66 QUCY 1.50 RC 1.25 SCTX 18.16 SMCX 16.85 SMXT 4.75 SPOG 7.36 TTGT 4.01 UP 3.83
2026-10-07 22:19:28,475 INFO ROSTER 47 names | in: - | out: AMBR
2026-10-07 22:19:40,378 INFO ROSTER 48 names | in: GMEX 2.94 | out: -
2026-10-07 22:20:04,212 INFO ROSTER 47 names | in: - | out: GMEX
2026-10-07 22:22:03,647 INFO ROSTER 48 names | in: SNXX 16.50 | out: -
2026-10-07 22:23:26,374 INFO ROSTER 47 names | in: - | out: OLOX
2026-10-07 22:24:37,016 INFO ROSTER 48 names | in: CPHI 1.28 | out: -
2026-10-07 22:25:12,829 INFO ROSTER 49 names | in: OLOX 1.13 | out: -
2026-10-07 22:27:10,385 INFO ROSTER 48 names | in: - | out: SNXX
2026-10-07 22:27:45,679 INFO ROSTER 49 names | in: SNXX 16.50 | out: -
2026-10-07 22:27:57,401 INFO ROSTER 48 names | in: - | out: SNXX
2026-10-07 22:29:19,723 INFO ROSTER 49 names | in: ERNA 2.54 | out: -
2026-10-07 22:29:43,338 INFO ROSTER 50 names | in: SNXX 16.50 | out: -
2026-10-07 22:30:10,683 INFO ROSTER 51 names | in: RBLU 5.01 SKIL 6.53 | out: SNXX
2026-10-07 22:30:22,572 INFO ROSTER 52 names | in: SNXX 16.50 | out: -
2026-10-07 22:30:34,352 INFO ROSTER 53 names | in: FNG 7.17 | out: -
2026-10-07 22:31:09,476 INFO ROSTER 52 names | in: - | out: CPHI
2026-10-07 22:31:32,944 INFO ROSTER 51 names | in: - | out: SNXX
2026-10-07 22:32:32,175 INFO ROSTER 52 names | in: SNXX 16.50 | out: -
2026-10-07 22:34:18,681 INFO ROSTER ALL 52: ACCL 2.59 ADCT 1.44 AIFU 12.85 AIXI 2.03 ALIT 10.10 AVBP 17.34 BRIA 1.39 BYAH 3.23 BYRN 4.23 CANG 3.67 CCG 5.99 CD 10.49 CMND 6.92 DGNX 1.41 DKI 3.64 ERNA 2.54 FFR 2.05 FGC 7.78 FNG 7.17 FOIL 18.60 ICU 3.77 IHT 1.19 IPDN 4.40 IPW 1.35 JANX 18.50 JFU 3.08 JWEL 2.45 LBGJ 2.75 LGCL 4.53 MIC 16.51 MNDR 1.76 MOBX 1.35 MUG 19.15 NAUT 2.17 NCPL 1.73 NXTC 6.72 OLOX 1.13 PFAI 7.02 PRME 4.02 PROF 6.99 QTEX 1.66 QUCY 1.50 RBLU 5.01 RC 1.25 SCTX 18.16 SKIL 6.53 SMCX 16.85 SMXT 4.75 SNXX 16.50 SPOG 7.36 TTGT 4.01 UP 3.83
2026-10-07 22:36:29,402 INFO ROSTER 51 names | in: - | out: DGNX
2026-10-07 22:37:52,113 INFO ROSTER 50 names | in: - | out: SNXX
2026-10-07 22:38:15,983 INFO ROSTER 51 names | in: SNXX 16.50 | out: -
2026-10-07 22:39:03,600 INFO ROSTER 52 names | in: CPHI 1.28 | out: -
2026-10-07 22:40:49,639 INFO ROSTER 51 names | in: - | out: SNXX
2026-10-07 22:41:25,148 INFO ROSTER 52 names | in: SNXX 16.50 | out: -
2026-10-07 22:42:00,613 INFO ROSTER 53 names | in: GMEX 2.92 | out: -
2026-10-07 22:42:35,804 INFO ROSTER 52 names | in: - | out: GMEX
2026-10-07 22:42:59,471 INFO ROSTER 53 names | in: GMEX 2.94 | out: -
2026-10-07 22:43:58,025 INFO ROSTER 52 names | in: - | out: CPHI
2026-10-07 22:44:09,814 INFO ROSTER 53 names | in: CPHI 1.28 | out: -
2026-10-07 22:44:33,388 INFO ROSTER 52 names | in: - | out: CPHI
2026-10-07 22:44:45,258 INFO ROSTER 51 names | in: - | out: SNXX
2026-10-07 22:49:29,820 INFO ROSTER 50 names | in: - | out: BYRN
2026-10-07 22:49:29,821 INFO ROSTER ALL 50: ACCL 2.59 ADCT 1.44 AIFU 12.85 AIXI 2.09 ALIT 10.10 AVBP 17.34 BRIA 1.39 BYAH 3.23 CANG 3.67 CCG 5.99 CD 10.49 CMND 6.92 DKI 3.64 ERNA 2.63 FFR 2.05 FGC 7.78 FNG 7.17 FOIL 18.60 GMEX 3.05 ICU 3.77 IHT 1.19 IPDN 4.40 IPW 1.35 JANX 18.50 JFU 3.08 JWEL 2.45 LBGJ 2.75 LGCL 4.53 MIC 16.51 MNDR 1.76 MOBX 1.35 MUG 19.15 NAUT 2.17 NCPL 1.73 NXTC 6.72 OLOX 1.13 PFAI 7.02 PRME 4.02 PROF 6.82 QTEX 1.66 QUCY 1.50 RBLU 5.01 RC 1.25 SCTX 18.16 SKIL 6.53 SMCX 16.85 SMXT 4.75 SPOG 7.36 TTGT 4.01 UP 3.83
2026-10-07 22:49:41,610 INFO ROSTER 51 names | in: BYRN 4.11 | out: -
2026-10-07 23:01:18,525 INFO ROSTER 52 names | in: SNXX 16.50 | out: -
2026-10-07 23:04:15,842 INFO ROSTER 53 names | in: SNDG 10.21 | out: -
2026-10-07 23:04:39,721 INFO ROSTER ALL 53: ACCL 2.59 ADCT 1.44 AIFU 12.85 AIXI 2.00 ALIT 10.10 AVBP 17.34 BRIA 1.39 BYAH 3.23 BYRN 4.11 CANG 3.67 CCG 5.99 CD 10.49 CMND 6.92 DKI 3.64 ERNA 2.51 FFR 2.05 FGC 7.78 FNG 7.17 FOIL 18.60 GMEX 3.21 ICU 3.77 IHT 1.19 IPDN 4.40 IPW 1.37 JANX 18.50 JFU 3.08 JWEL 2.45 LBGJ 2.75 LGCL 4.53 MIC 16.51 MNDR 1.76 MOBX 1.35 MUG 19.15 NAUT 2.17 NCPL 1.73 NXTC 6.72 OLOX 1.13 PFAI 7.02 PRME 4.02 PROF 6.90 QTEX 1.66 QUCY 1.50 RBLU 5.01 RC 1.25 SCTX 18.16 SKIL 6.53 SMCX 16.85 SMXT 4.75 SNDG 10.21 SNXX 16.50 SPOG 7.36 TTGT 4.01 UP 3.83
2026-10-07 23:05:03,254 INFO ROSTER 52 names | in: - | out: FNG
2026-10-07 23:12:19,435 INFO ROSTER 51 names | in: - | out: GMEX
2026-10-07 23:12:31,145 INFO ROSTER 50 names | in: - | out: ERNA
2026-10-07 23:14:17,543 INFO ROSTER 51 names | in: GMEX 2.94 | out: -
2026-10-07 23:14:41,238 INFO ROSTER 50 names | in: - | out: GMEX
2026-10-07 23:15:28,578 INFO ROSTER 51 names | in: GMEX 2.91 | out: -
2026-10-07 23:15:40,379 INFO ROSTER 50 names | in: - | out: GMEX
2026-10-07 23:16:03,951 INFO ROSTER 51 names | in: GMEX 2.93 | out: -
2026-10-07 23:16:15,831 INFO ROSTER 51 names | in: ERNA 2.57 | out: GMEX
2026-10-07 23:16:27,683 INFO ROSTER 52 names | in: GMEX 2.93 | out: -
2026-10-07 23:17:38,951 INFO ROSTER 51 names | in: - | out: GMEX
2026-10-07 23:18:02,655 INFO ROSTER 51 names | in: GMEX 2.92 | out: BYAH
2026-10-07 23:18:38,254 INFO ROSTER 50 names | in: - | out: ERNA
2026-10-07 23:19:38,111 INFO ROSTER 51 names | in: BYAH 3.23 | out: -
2026-10-07 23:19:49,893 INFO ROSTER ALL 51: ACCL 2.59 ADCT 1.44 AIFU 12.85 AIXI 2.00 ALIT 10.10 AVBP 17.34 BRIA 1.39 BYAH 3.23 BYRN 4.11 CANG 3.67 CCG 5.99 CD 10.49 CMND 6.92 DKI 3.64 FFR 2.05 FGC 7.78 FOIL 18.60 GMEX 2.93 ICU 3.77 IHT 1.19 IPDN 4.40 IPW 1.49 JANX 18.50 JFU 3.08 JWEL 2.45 LBGJ 2.75 LGCL 4.53 MIC 16.51 MNDR 1.76 MOBX 1.35 MUG 19.15 NAUT 2.17 NCPL 1.73 NXTC 6.72 OLOX 1.13 PFAI 7.02 PRME 4.02 PROF 6.82 QTEX 1.66 QUCY 1.50 RBLU 5.01 RC 1.25 SCTX 18.16 SKIL 6.53 SMCX 16.85 SMXT 4.75 SNDG 10.21 SNXX 16.50 SPOG 7.36 TTGT 4.01 UP 3.83
2026-10-07 23:20:36,870 INFO ROSTER 50 names | in: - | out: SNDG
2026-10-07 23:22:34,418 INFO ROSTER 51 names | in: ERNA 2.68 | out: -
2026-10-07 23:23:09,813 INFO ROSTER 52 names | in: SNDG 10.21 | out: -
2026-10-07 23:23:45,215 INFO ROSTER 52 names | in: WCT 1.00 | out: ERNA
2026-10-07 23:25:07,991 INFO ROSTER 53 names | in: RECT 1.37 | out: -
2026-10-07 23:27:29,525 INFO ROSTER 54 names | in: ERNA 2.52 | out: -
2026-10-07 23:28:17,555 INFO ROSTER 53 names | in: - | out: WCT
2026-10-07 23:31:40,593 INFO ROSTER 52 names | in: - | out: GMEX
2026-10-07 23:31:52,234 INFO ROSTER 52 names | in: GMEX 2.97 | out: BYRN
2026-10-07 23:32:04,123 INFO ROSTER 51 names | in: - | out: GMEX
2026-10-07 23:32:15,948 INFO ROSTER 52 names | in: GMEX 2.95 | out: -
2026-10-07 23:32:27,856 INFO ROSTER 53 names | in: BYRN 4.08 | out: -
2026-10-07 23:33:38,682 INFO ROSTER 52 names | in: - | out: GMEX
2026-10-07 23:34:26,414 INFO ROSTER 51 names | in: - | out: LGCL
2026-10-07 23:34:50,070 INFO ROSTER ALL 51: ACCL 2.59 ADCT 1.44 AIFU 12.85 AIXI 1.98 ALIT 10.12 AVBP 17.34 BRIA 1.39 BYAH 3.23 BYRN 4.08 CANG 3.67 CCG 5.99 CD 10.29 CMND 6.92 DKI 3.64 ERNA 2.52 FFR 2.05 FGC 7.78 FOIL 18.60 ICU 3.77 IHT 1.19 IPDN 4.40 IPW 1.53 JANX 18.50 JFU 3.08 JWEL 2.45 LBGJ 2.75 MIC 16.51 MNDR 1.76 MOBX 1.35 MUG 19.15 NAUT 2.17 NCPL 1.73 NXTC 6.72 OLOX 1.13 PFAI 7.02 PRME 4.02 PROF 6.86 QTEX 1.66 QUCY 1.50 RBLU 5.01 RC 1.25 RECT 1.37 SCTX 18.16 SKIL 6.53 SMCX 16.85 SMXT 4.75 SNDG 10.21 SNXX 16.50 SPOG 7.36 TTGT 4.01 UP 3.83
2026-10-07 23:36:25,241 INFO ROSTER 52 names | in: GMEX 2.93 | out: -
2026-10-07 23:36:36,967 INFO ROSTER 51 names | in: - | out: GMEX
2026-10-07 23:37:36,204 INFO ROSTER 52 names | in: BBCI 15.50 | out: -
2026-10-07 23:37:59,648 INFO ROSTER 53 names | in: GMEX 2.92 | out: -
2026-10-07 23:38:11,478 INFO ROSTER 52 names | in: - | out: GMEX
2026-10-07 23:38:23,265 INFO ROSTER 53 names | in: GMEX 2.91 | out: -
2026-10-07 23:38:58,940 INFO ROSTER 52 names | in: - | out: GMEX
2026-10-07 23:39:57,785 INFO ROSTER 51 names | in: - | out: RECT
2026-10-07 23:45:16,872 INFO ROSTER 52 names | in: LGCL 4.53 | out: -
2026-10-07 23:46:39,669 INFO ROSTER 53 names | in: QSI 1.31 | out: -
2026-10-07 23:49:59,672 INFO ROSTER ALL 53: ACCL 2.59 ADCT 1.44 AIFU 12.85 AIXI 2.05 ALIT 10.12 AVBP 17.34 BBCI 15.50 BRIA 1.39 BYAH 3.23 BYRN 4.22 CANG 3.67 CCG 5.99 CD 10.29 CMND 6.92 DKI 3.64 ERNA 2.60 FFR 2.05 FGC 7.78 FOIL 18.60 ICU 3.77 IHT 1.19 IPDN 4.40 IPW 1.59 JANX 18.50 JFU 3.08 JWEL 2.45 LBGJ 2.75 LGCL 4.53 MIC 16.51 MNDR 1.76 MOBX 1.35 MUG 19.15 NAUT 2.17 NCPL 1.73 NXTC 6.72 OLOX 1.13 PFAI 7.02 PRME 4.02 PROF 6.95 QSI 1.31 QTEX 1.66 QUCY 1.50 RBLU 5.01 RC 1.25 SCTX 18.16 SKIL 6.53 SMCX 16.85 SMXT 4.75 SNDG 10.21 SNXX 16.50 SPOG 7.36 TTGT 4.01 UP 3.83
2026-10-07 23:54:07,055 INFO ROSTER 53 names | in: CRMT 1.23 | out: LGCL
2026-10-07 23:58:26,302 INFO ROSTER 55 names | in: LGCL 4.53 LGHL 3.75 | out: -
2026-10-07 23:59:25,036 INFO ROSTER 54 names | in: - | out: LGCL
